******************************************************************************
                  TI ARM Linker PC v18.12.4                    
******************************************************************************
>> Linked Mon Nov 23 11:00:32 2020

OUTPUT FILE NAME:   <Clocked Out.out>
ENTRY POINT SYMBOL: "_c_int00_noargs"  address: 00002cd5


MEMORY CONFIGURATION

         name            origin    length      used     unused   attr    fill
----------------------  --------  ---------  --------  --------  ----  --------
  FLASH                 00000000   00040000  000031ae  0003ce52  R  X
  SRAM                  20000000   00008000  00000594  00007a6c  RW X


SEGMENT ALLOCATION MAP

run origin  load origin   length   init length attrs members
----------  ----------- ---------- ----------- ----- -------
00000000    00000000    000031b0   000031b0    r-x
  00000000    00000000    0000026c   0000026c    r-- .intvecs
  0000026c    0000026c    00002cf2   00002cf2    r-x .text
  00002f60    00002f60    00000200   00000200    r-- .const
  00003160    00003160    00000050   00000050    r-- .cinit
20000000    20000000    00000598   00000000    rw-
  20000000    20000000    0000026c   00000000    rw- .vtable
  20000270    20000270    00000200   00000000    rw- .stack
  20000470    20000470    00000108   00000000    rw- .bss
  20000578    20000578    00000020   00000000    rw- .data


SECTION ALLOCATION MAP

 output                                  attributes/
section   page    origin      length       input sections
--------  ----  ----------  ----------   ----------------
.intvecs   0    00000000    0000026c     
                  00000000    0000026c     tm4c123gh6pm_startup_ccs.obj (.intvecs)

.text      0    0000026c    00002cf2     
                  0000026c    00000a4e     rtsv7M4_T_le_v4SPD16_eabi.lib : _printfi.c.obj (.text:__TI_printfi)
                  00000cba    00000002                                   : div0.asm.obj (.text)
                  00000cbc    000003d0     Util.lib : launchpad.obj (.text)
                  0000108c    00000270     rtsv7M4_T_le_v4SPD16_eabi.lib : _printfi.c.obj (.text:_pconv_a)
                  000012fc    000001fc     seg7.obj (.text)
                  000014f8    000001d0     rtsv7M4_T_le_v4SPD16_eabi.lib : _printfi.c.obj (.text:_pconv_g)
                  000016c8    000001b6                                   : fd_add_t2.asm.obj (.text)
                  0000187e    00000002     --HOLE-- [fill = 0]
                  00001880    0000016c     driverlib.lib : gpio.obj (.text:GPIOPadConfigSet)
                  000019ec    0000013c     rtsv7M4_T_le_v4SPD16_eabi.lib : _printfi.c.obj (.text:_pconv_e)
                  00001b28    00000136                                   : fd_div_t2.asm.obj (.text)
                  00001c5e    00000002     --HOLE-- [fill = 0]
                  00001c60    00000124                                   : _printfi.c.obj (.text:fcvt)
                  00001d84    00000118     driverlib.lib : sysctl.obj (.text:SysCtlClockGet)
                  00001e9c    00000110     rtsv7M4_T_le_v4SPD16_eabi.lib : s_scalbn.c.obj (.text:scalbn)
                  00001fac    000000fc                                   : fd_mul_t2.asm.obj (.text)
                  000020a8    000000f4     driverlib.lib : sysctl.obj (.text:SysCtlClockSet)
                  0000219c    000000c4     Util.lib : uart.obj (.text)
                  00002260    000000b1     rtsv7M4_T_le_v4SPD16_eabi.lib : _printfi.c.obj (.text:_ltostr)
                  00002311    00000003     --HOLE-- [fill = 0]
                  00002314    0000009c     Util.lib : led.obj (.text)
                  000023b0    0000009c     rtsv7M4_T_le_v4SPD16_eabi.lib : memcpy_t2.asm.obj (.text)
                  0000244c    00000096                                   : ull_div_t2.asm.obj (.text)
                  000024e2    00000002     --HOLE-- [fill = 0]
                  000024e4    0000008c     Util.lib : pushbutton.obj (.text)
                  00002570    00000086     rtsv7M4_T_le_v4SPD16_eabi.lib : fd_cmp_t2.asm.obj (.text:__aeabi_cdcmple)
                  000025f6    00000086                                   : fd_cmp_t2.asm.obj (.text:__aeabi_cdrcmple)
                  0000267c    00000084     main.obj (.text)
                  00002700    0000007a     rtsv7M4_T_le_v4SPD16_eabi.lib : memset_t2.asm.obj (.text)
                  0000277a    00000078     sw_increment.obj (.text)
                  000027f2    0000006e     rtsv7M4_T_le_v4SPD16_eabi.lib : _printfi.c.obj (.text:_mcpy)
                  00002860    00000068                                   : copy_decompress_lzss.c.obj (.text:decompress:lzss:__TI_decompress_lzss)
                  000028c8    00000064                                   : s_frexp.c.obj (.text:frexp)
                  0000292c    00000056                                   : _printfi.c.obj (.text:_pconv_f)
                  00002982    00000054                                   : ltoa.c.obj (.text:ltoa)
                  000029d6    00000002     --HOLE-- [fill = 0]
                  000029d8    00000054     sig7digit.obj (.text)
                  00002a2c    00000052     rtsv7M4_T_le_v4SPD16_eabi.lib : _printfi.c.obj (.text:_ecpy)
                  00002a7e    00000002     --HOLE-- [fill = 0]
                  00002a80    0000004c     driverlib.lib : gpio.obj (.text:GPIOPinConfigure)
                  00002acc    0000004c     rtsv7M4_T_le_v4SPD16_eabi.lib : atoi.c.obj (.text:atoi)
                  00002b18    00000048                                   : fd_toi_t2.asm.obj (.text)
                  00002b60    00000046     driverlib.lib : uart.obj (.text:UARTConfigSetExpClk)
                  00002ba6    00000002     --HOLE-- [fill = 0]
                  00002ba8    00000044     rtsv7M4_T_le_v4SPD16_eabi.lib : autoinit.c.obj (.text:__TI_auto_init_nobinit_nopinit:__TI_auto_init_nobinit_nopinit)
                  00002bec    00000040                                   : vsnprintf.c.obj (.text:vsnprintf)
                  00002c2c    0000003e                                   : _printfi.c.obj (.text:_fcpy)
                  00002c6a    00000002     --HOLE-- [fill = 0]
                  00002c6c    00000034     driverlib.lib : interrupt.obj (.text:IntRegister)
                  00002ca0    00000034                   : sysctl.obj (.text:SysCtlPeripheralEnable)
                  00002cd4    00000034     rtsv7M4_T_le_v4SPD16_eabi.lib : boot_cortex_m.c.obj (.text:_c_int00_noargs:_c_int00_noargs)
                  00002d08    00000030                                   : vsnprintf.c.obj (.text:_outs)
                  00002d38    0000002e                                   : i_tofd_t2.asm.obj (.text)
                  00002d66    0000002c     driverlib.lib : gpio.obj (.text:GPIODirModeSet)
                  00002d92    00000002     --HOLE-- [fill = 0]
                  00002d94    00000020                   : uart.obj (.text:UARTDisable)
                  00002db4    0000001c                   : systick.obj (.text:SysTickIntRegister)
                  00002dd0    0000001c     rtsv7M4_T_le_v4SPD16_eabi.lib : copy_zero_init.c.obj (.text:decompress:ZI:__TI_zero_init_nomemset:__TI_zero_init_nomemset)
                  00002dec    0000001c                                   : memccpy.c.obj (.text:memccpy)
                  00002e08    0000001a     driverlib.lib : gpio.obj (.text:GPIOPinTypeGPIOOutput)
                  00002e22    0000001a     rtsv7M4_T_le_v4SPD16_eabi.lib : s_copysign.c.obj (.text:copysign)
                  00002e3c    00000018                                   : vsnprintf.c.obj (.text:_outc)
                  00002e54    00000016     driverlib.lib : gpio.obj (.text:GPIOPinTypeGPIOInput)
                  00002e6a    00000016                   : gpio.obj (.text:GPIOPinTypeUART)
                  00002e80    00000016     rtsv7M4_T_le_v4SPD16_eabi.lib : strchr.c.obj (.text:strchr)
                  00002e96    00000002     --HOLE-- [fill = 0]
                  00002e98    00000014     driverlib.lib : systick.obj (.text:SysTickEnable)
                  00002eac    00000014                   : systick.obj (.text:SysTickIntEnable)
                  00002ec0    00000014                   : uart.obj (.text:UARTEnable)
                  00002ed4    00000014     rtsv7M4_T_le_v4SPD16_eabi.lib : strlen.c.obj (.text:strlen)
                  00002ee8    00000012                                   : wcslen.c.obj (.text:wcslen)
                  00002efa    00000002     --HOLE-- [fill = 0]
                  00002efc    00000010     driverlib.lib : systick.obj (.text:SysTickPeriodSet)
                  00002f0c    0000000e     rtsv7M4_T_le_v4SPD16_eabi.lib : copy_decompress_none.c.obj (.text:decompress:none:__TI_decompress_none)
                  00002f1a    0000000c     tm4c123gh6pm_startup_ccs.obj (.text)
                  00002f26    0000000a     driverlib.lib : uart.obj (.text:UARTCharGet)
                  00002f30    0000000a                   : uart.obj (.text:UARTCharPut)
                  00002f3a    00000002     --HOLE-- [fill = 0]
                  00002f3c    00000008     rtsv7M4_T_le_v4SPD16_eabi.lib : errno.c.obj (.text:__aeabi_errno_addr)
                  00002f44    00000006     driverlib.lib : gpio.obj (.text:GPIOPinRead)
                  00002f4a    00000006                   : gpio.obj (.text:GPIOPinWrite)
                  00002f50    00000006                   : sysctl.obj (.text:SysCtlDelay)
                  00002f56    00000004     rtsv7M4_T_le_v4SPD16_eabi.lib : pre_init.c.obj (.text:_system_pre_init)
                  00002f5a    00000004                                   : exit.c.obj (.text:abort:abort)

.const     0    00002f60    00000200     
                  00002f60    00000101     rtsv7M4_T_le_v4SPD16_eabi.lib : ctype.c.obj (.const:.string:_ctypes_)
                  00003061    00000003     --HOLE-- [fill = 0]
                  00003064    00000090     driverlib.lib : gpio.obj (.const:g_pui32GPIOBaseAddrs)
                  000030f4    0000006c                   : sysctl.obj (.const:g_pui32Xtals)

.cinit     0    00003160    00000050     
                  00003160    00000017     (.cinit..data.load) [load image, compression = lzss]
                  00003177    00000001     --HOLE-- [fill = 0]
                  00003178    0000000c     (__TI_handler_table)
                  00003184    00000004     --HOLE-- [fill = 0]
                  00003188    00000008     (.cinit..bss.load) [load image, compression = zero_init]
                  00003190    00000008     (.cinit..vtable.load) [load image, compression = zero_init]
                  00003198    00000018     (__TI_cinit_table)

.init_array 
*          0    00000000    00000000     UNINITIALIZED

.vtable    0    20000000    0000026c     UNINITIALIZED
                  20000000    0000026c     driverlib.lib : interrupt.obj (.vtable)

.bss       0    20000470    00000108     UNINITIALIZED
                  20000470    00000100     Util.lib : launchpad.obj (.bss:callbackHeap)
                  20000570    00000004              : launchpad.obj (.bss)
                  20000574    00000004     sig7digit.obj (.bss)

.data      0    20000578    00000020     UNINITIALIZED
                  20000578    0000000a     sig7digit.obj (.data)
                  20000582    00000001     Util.lib : led.obj (.data)
                  20000583    00000001              : pushbutton.obj (.data)
                  20000584    00000008              : launchpad.obj (.data)
                  2000058c    00000005     main.obj (.data:seg7Display)
                  20000591    00000003     main.obj (.data)
                  20000594    00000004     rtsv7M4_T_le_v4SPD16_eabi.lib : errno.c.obj (.data)

.stack     0    20000270    00000200     UNINITIALIZED
                  20000270    00000004     rtsv7M4_T_le_v4SPD16_eabi.lib : boot_cortex_m.c.obj (.stack)
                  20000274    000001fc     --HOLE--

MODULE SUMMARY

       Module                         code    ro data   rw data
       ------                         ----    -------   -------
    .\
       tm4c123gh6pm_startup_ccs.obj   12      620       0      
       seg7.obj                       508     0         0      
       main.obj                       132     0         8      
       sw_increment.obj               120     0         0      
       sig7digit.obj                  84      0         14     
    +--+------------------------------+-------+---------+---------+
       Total:                         856     620       22     
                                                               
    C:/ti/TivaWare_C_Series-2.2.0.295/driverlib/ccs/Debug/driverlib.lib
       gpio.obj                       566     144       0      
       sysctl.obj                     582     108       0      
       interrupt.obj                  52      0         620    
       uart.obj                       142     0         0      
       systick.obj                    84      0         0      
    +--+------------------------------+-------+---------+---------+
       Total:                         1426    252       620    
                                                               
    C:\ti\ccs930\ccs\tools\compiler\ti-cgt-arm_18.12.4.LTS\lib\rtsv7M4_T_le_v4SPD16_eabi.lib
       _printfi.c.obj                 4851    0         0      
       fd_add_t2.asm.obj              438     0         0      
       fd_div_t2.asm.obj              310     0         0      
       s_scalbn.c.obj                 272     0         0      
       fd_cmp_t2.asm.obj              268     0         0      
       ctype.c.obj                    0       257       0      
       fd_mul_t2.asm.obj              252     0         0      
       memcpy_t2.asm.obj              156     0         0      
       ull_div_t2.asm.obj             150     0         0      
       vsnprintf.c.obj                136     0         0      
       memset_t2.asm.obj              122     0         0      
       copy_decompress_lzss.c.obj     104     0         0      
       s_frexp.c.obj                  100     0         0      
       ltoa.c.obj                     84      0         0      
       atoi.c.obj                     76      0         0      
       fd_toi_t2.asm.obj              72      0         0      
       autoinit.c.obj                 68      0         0      
       boot_cortex_m.c.obj            52      0         0      
       i_tofd_t2.asm.obj              46      0         0      
       copy_zero_init.c.obj           28      0         0      
       memccpy.c.obj                  28      0         0      
       s_copysign.c.obj               26      0         0      
       strchr.c.obj                   22      0         0      
       strlen.c.obj                   20      0         0      
       wcslen.c.obj                   18      0         0      
       copy_decompress_none.c.obj     14      0         0      
       errno.c.obj                    8       0         4      
       exit.c.obj                     4       0         0      
       pre_init.c.obj                 4       0         0      
       div0.asm.obj                   2       0         0      
    +--+------------------------------+-------+---------+---------+
       Total:                         7731    257       4      
                                                               
    D:/Git Repos/LabGroupA1/Util/Debug/Util.lib
       launchpad.obj                  976     0         268    
       uart.obj                       196     0         0      
       led.obj                        156     0         1      
       pushbutton.obj                 140     0         1      
    +--+------------------------------+-------+---------+---------+
       Total:                         1468    0         270    
                                                               
       Stack:                         0       0         512    
       Linker Generated:              0       75        0      
    +--+------------------------------+-------+---------+---------+
       Grand Total:                   11481   1204      1428   


LINKER GENERATED COPY TABLES

__TI_cinit_table @ 00003198 records: 3, size/record: 8, table size: 24
	.data: load addr=00003160, load size=00000017 bytes, run addr=20000578, run size=00000020 bytes, compression=lzss
	.bss: load addr=00003188, load size=00000008 bytes, run addr=20000470, run size=00000108 bytes, compression=zero_init
	.vtable: load addr=00003190, load size=00000008 bytes, run addr=20000000, run size=0000026c bytes, compression=zero_init


LINKER GENERATED HANDLER TABLE

__TI_handler_table @ 00003178 records: 3, size/record: 4, table size: 12
	index: 0, handler: __TI_zero_init
	index: 1, handler: __TI_decompress_lzss
	index: 2, handler: __TI_decompress_none


GLOBAL SYMBOLS: SORTED ALPHABETICALLY BY Name 

address   name                          
-------   ----                          
00002f5b  C$$EXIT                       
00002d67  GPIODirModeSet                
00001881  GPIOPadConfigSet              
00002a81  GPIOPinConfigure              
00002f45  GPIOPinRead                   
00002e55  GPIOPinTypeGPIOInput          
00002e09  GPIOPinTypeGPIOOutput         
00002e6b  GPIOPinTypeUART               
00002f4b  GPIOPinWrite                  
00002c6d  IntRegister                   
00002f1b  ResetISR                      
00001d85  SysCtlClockGet                
000020a9  SysCtlClockSet                
00002f51  SysCtlDelay                   
00002ca1  SysCtlPeripheralEnable        
00002e99  SysTickEnable                 
00002ead  SysTickIntEnable              
00002db5  SysTickIntRegister            
00002efd  SysTickPeriodSet              
00002f27  UARTCharGet                   
00002f31  UARTCharPut                   
00002b61  UARTConfigSetExpClk           
00002d95  UARTDisable                   
00002ec1  UARTEnable                    
20000470  __STACK_END                   
00000200  __STACK_SIZE                  
20000470  __STACK_TOP                   
00003198  __TI_CINIT_Base               
000031b0  __TI_CINIT_Limit              
00003178  __TI_Handler_Table_Base       
00003184  __TI_Handler_Table_Limit      
00002ba9  __TI_auto_init_nobinit_nopinit
00002861  __TI_decompress_lzss          
00002f0d  __TI_decompress_none          
ffffffff  __TI_pprof_out_hndl           
0000026d  __TI_printfi                  
ffffffff  __TI_prof_data_size           
ffffffff  __TI_prof_data_start          
00000000  __TI_static_base__            
00002dd1  __TI_zero_init_nomemset       
00002571  __aeabi_cdcmpeq               
00002571  __aeabi_cdcmple               
000025f7  __aeabi_cdrcmple              
00002b19  __aeabi_d2iz                  
000016d3  __aeabi_dadd                  
00001b29  __aeabi_ddiv                  
00001fad  __aeabi_dmul                  
000016c9  __aeabi_dsub                  
00002f3d  __aeabi_errno_addr            
00002d39  __aeabi_i2d                   
00000cbb  __aeabi_idiv0                 
00000cbb  __aeabi_ldiv0                 
00002701  __aeabi_memclr                
00002701  __aeabi_memclr4               
00002701  __aeabi_memclr8               
000023b1  __aeabi_memcpy                
000023b1  __aeabi_memcpy4               
000023b1  __aeabi_memcpy8               
00002703  __aeabi_memset                
00002703  __aeabi_memset4               
00002703  __aeabi_memset8               
0000244d  __aeabi_uldivmod              
ffffffff  __binit__                     
ffffffff  __c_args__                    
UNDEFED   __mpu_init                    
20000270  __stack                       
00002cd5  _c_int00_noargs               
00002f60  _ctypes_                      
UNDEFED   _system_post_cinit            
00002f57  _system_pre_init              
00002f5b  abort                         
20000592  alarmState                    
00002acd  atoi                          
ffffffff  binit                         
00002e23  copysign                      
00002e23  copysignl                     
20000594  errno                         
000028c9  frexp                         
000028c9  frexpl                        
20000000  g_pfnRAMVectors               
00000000  g_pfnVectors                  
00001e9d  ldexp                         
00001e9d  ldexpl                        
00002337  ledInit                       
00002315  ledInitForced                 
0000234b  ledTurnOnOff                  
00000fc7  lpInit                        
00002983  ltoa                          
000026cf  main                          
00002ded  memccpy                       
000023b1  memcpy                        
00002709  memset                        
00002519  pbInit                        
000024e5  pbInitForced                  
0000252d  pbRead                        
00001e9d  scalbn                        
00001e9d  scalbnl                       
00000deb  schdCallback                  
00000e65  schdExecute                   
20000593  sec                           
000029e1  seg7DigitUpdate               
2000058c  seg7Display                   
000012fd  seg7Init                      
00001489  seg7Update                    
0000267d  stopWatchUpdate               
00002e81  strchr                        
00002ed5  strlen                        
20000591  sysState                      
00000d4f  sysTimeGet                    
00000d55  sysTimeReached                
00000d7b  sysTimeWait                   
00000d9f  sysTimeWaitAbsolute           
0000277b  timeIncrement                 
000021e9  uartGetChar                   
0000219d  uartInit                      
000021d7  uartPutChar                   
000021fb  uartPutString                 
00002227  uprintf                       
00002bed  vsnprintf                     
00000f69  waitMs                        
00000f99  waitUs                        
00002ee9  wcslen                        


GLOBAL SYMBOLS: SORTED BY Symbol Address 

address   name                          
-------   ----                          
00000000  __TI_static_base__            
00000000  g_pfnVectors                  
00000200  __STACK_SIZE                  
0000026d  __TI_printfi                  
00000cbb  __aeabi_idiv0                 
00000cbb  __aeabi_ldiv0                 
00000d4f  sysTimeGet                    
00000d55  sysTimeReached                
00000d7b  sysTimeWait                   
00000d9f  sysTimeWaitAbsolute           
00000deb  schdCallback                  
00000e65  schdExecute                   
00000f69  waitMs                        
00000f99  waitUs                        
00000fc7  lpInit                        
000012fd  seg7Init                      
00001489  seg7Update                    
000016c9  __aeabi_dsub                  
000016d3  __aeabi_dadd                  
00001881  GPIOPadConfigSet              
00001b29  __aeabi_ddiv                  
00001d85  SysCtlClockGet                
00001e9d  ldexp                         
00001e9d  ldexpl                        
00001e9d  scalbn                        
00001e9d  scalbnl                       
00001fad  __aeabi_dmul                  
000020a9  SysCtlClockSet                
0000219d  uartInit                      
000021d7  uartPutChar                   
000021e9  uartGetChar                   
000021fb  uartPutString                 
00002227  uprintf                       
00002315  ledInitForced                 
00002337  ledInit                       
0000234b  ledTurnOnOff                  
000023b1  __aeabi_memcpy                
000023b1  __aeabi_memcpy4               
000023b1  __aeabi_memcpy8               
000023b1  memcpy                        
0000244d  __aeabi_uldivmod              
000024e5  pbInitForced                  
00002519  pbInit                        
0000252d  pbRead                        
00002571  __aeabi_cdcmpeq               
00002571  __aeabi_cdcmple               
000025f7  __aeabi_cdrcmple              
0000267d  stopWatchUpdate               
000026cf  main                          
00002701  __aeabi_memclr                
00002701  __aeabi_memclr4               
00002701  __aeabi_memclr8               
00002703  __aeabi_memset                
00002703  __aeabi_memset4               
00002703  __aeabi_memset8               
00002709  memset                        
0000277b  timeIncrement                 
00002861  __TI_decompress_lzss          
000028c9  frexp                         
000028c9  frexpl                        
00002983  ltoa                          
000029e1  seg7DigitUpdate               
00002a81  GPIOPinConfigure              
00002acd  atoi                          
00002b19  __aeabi_d2iz                  
00002b61  UARTConfigSetExpClk           
00002ba9  __TI_auto_init_nobinit_nopinit
00002bed  vsnprintf                     
00002c6d  IntRegister                   
00002ca1  SysCtlPeripheralEnable        
00002cd5  _c_int00_noargs               
00002d39  __aeabi_i2d                   
00002d67  GPIODirModeSet                
00002d95  UARTDisable                   
00002db5  SysTickIntRegister            
00002dd1  __TI_zero_init_nomemset       
00002ded  memccpy                       
00002e09  GPIOPinTypeGPIOOutput         
00002e23  copysign                      
00002e23  copysignl                     
00002e55  GPIOPinTypeGPIOInput          
00002e6b  GPIOPinTypeUART               
00002e81  strchr                        
00002e99  SysTickEnable                 
00002ead  SysTickIntEnable              
00002ec1  UARTEnable                    
00002ed5  strlen                        
00002ee9  wcslen                        
00002efd  SysTickPeriodSet              
00002f0d  __TI_decompress_none          
00002f1b  ResetISR                      
00002f27  UARTCharGet                   
00002f31  UARTCharPut                   
00002f3d  __aeabi_errno_addr            
00002f45  GPIOPinRead                   
00002f4b  GPIOPinWrite                  
00002f51  SysCtlDelay                   
00002f57  _system_pre_init              
00002f5b  C$$EXIT                       
00002f5b  abort                         
00002f60  _ctypes_                      
00003178  __TI_Handler_Table_Base       
00003184  __TI_Handler_Table_Limit      
00003198  __TI_CINIT_Base               
000031b0  __TI_CINIT_Limit              
20000000  g_pfnRAMVectors               
20000270  __stack                       
20000470  __STACK_END                   
20000470  __STACK_TOP                   
2000058c  seg7Display                   
20000591  sysState                      
20000592  alarmState                    
20000593  sec                           
20000594  errno                         
ffffffff  __TI_pprof_out_hndl           
ffffffff  __TI_prof_data_size           
ffffffff  __TI_prof_data_start          
ffffffff  __binit__                     
ffffffff  __c_args__                    
ffffffff  binit                         
UNDEFED   __mpu_init                    
UNDEFED   _system_post_cinit            

[122 symbols]
