******************************************************************************
                  TI ARM Linker PC v18.12.4                    
******************************************************************************
>> Linked Sun Nov 29 21:10:58 2020

OUTPUT FILE NAME:   <Clocked Out.out>
ENTRY POINT SYMBOL: "_c_int00_noargs"  address: 00003059


MEMORY CONFIGURATION

         name            origin    length      used     unused   attr    fill
----------------------  --------  ---------  --------  --------  ----  --------
  FLASH                 00000000   00040000  000035e7  0003ca19  R  X
  SRAM                  20000000   00008000  000005a8  00007a58  RW X


SEGMENT ALLOCATION MAP

run origin  load origin   length   init length attrs members
----------  ----------- ---------- ----------- ----- -------
00000000    00000000    000035f0   000035f0    r-x
  00000000    00000000    0000026c   0000026c    r-- .intvecs
  0000026c    0000026c    00003116   00003116    r-x .text
  00003384    00003384    00000205   00000205    r-- .const
  00003590    00003590    00000060   00000060    r-- .cinit
20000000    20000000    000005ac   00000000    rw-
  20000000    20000000    0000026c   00000000    rw- .vtable
  20000270    20000270    00000200   00000000    rw- .stack
  20000470    20000470    00000108   00000000    rw- .bss
  20000578    20000578    00000034   00000000    rw- .data


SECTION ALLOCATION MAP

 output                                  attributes/
section   page    origin      length       input sections
--------  ----  ----------  ----------   ----------------
.intvecs   0    00000000    0000026c     
                  00000000    0000026c     tm4c123gh6pm_startup_ccs.obj (.intvecs)

.text      0    0000026c    00003116     
                  0000026c    00000a4e     rtsv7M4_T_le_v4SPD16_eabi.lib : _printfi.c.obj (.text:__TI_printfi)
                  00000cba    00000002                                   : div0.asm.obj (.text)
                  00000cbc    000003d0     Util.lib : launchpad.obj (.text)
                  0000108c    00000270     rtsv7M4_T_le_v4SPD16_eabi.lib : _printfi.c.obj (.text:_pconv_a)
                  000012fc    00000258     main.obj (.text)
                  00001554    000001fc     seg7.obj (.text)
                  00001750    000001d0     rtsv7M4_T_le_v4SPD16_eabi.lib : _printfi.c.obj (.text:_pconv_g)
                  00001920    000001b6                                   : fd_add_t2.asm.obj (.text)
                  00001ad6    00000002     --HOLE-- [fill = 0]
                  00001ad8    0000016c     driverlib.lib : gpio.obj (.text:GPIOPadConfigSet)
                  00001c44    0000013c     rtsv7M4_T_le_v4SPD16_eabi.lib : _printfi.c.obj (.text:_pconv_e)
                  00001d80    00000136                                   : fd_div_t2.asm.obj (.text)
                  00001eb6    00000002     --HOLE-- [fill = 0]
                  00001eb8    00000124                                   : _printfi.c.obj (.text:fcvt)
                  00001fdc    00000118     driverlib.lib : sysctl.obj (.text:SysCtlClockGet)
                  000020f4    00000110     rtsv7M4_T_le_v4SPD16_eabi.lib : s_scalbn.c.obj (.text:scalbn)
                  00002204    000000fc                                   : fd_mul_t2.asm.obj (.text)
                  00002300    000000f4     driverlib.lib : sysctl.obj (.text:SysCtlClockSet)
                  000023f4    000000c4     Util.lib : uart.obj (.text)
                  000024b8    000000b1     rtsv7M4_T_le_v4SPD16_eabi.lib : _printfi.c.obj (.text:_ltostr)
                  00002569    00000003     --HOLE-- [fill = 0]
                  0000256c    0000009c     Util.lib : led.obj (.text)
                  00002608    0000009c     rtsv7M4_T_le_v4SPD16_eabi.lib : memcpy_t2.asm.obj (.text)
                  000026a4    00000098     ranger.obj (.text)
                  0000273c    00000096     rtsv7M4_T_le_v4SPD16_eabi.lib : ull_div_t2.asm.obj (.text)
                  000027d2    00000002     --HOLE-- [fill = 0]
                  000027d4    0000008c     Util.lib : pushbutton.obj (.text)
                  00002860    00000086     rtsv7M4_T_le_v4SPD16_eabi.lib : fd_cmp_t2.asm.obj (.text:__aeabi_cdcmple)
                  000028e6    00000086                                   : fd_cmp_t2.asm.obj (.text:__aeabi_cdrcmple)
                  0000296c    0000007a                                   : memset_t2.asm.obj (.text)
                  000029e6    00000078     sw_increment.obj (.text)
                  00002a5e    00000002     --HOLE-- [fill = 0]
                  00002a60    00000070     ranger_asm.obj (.text)
                  00002ad0    0000006e     rtsv7M4_T_le_v4SPD16_eabi.lib : _printfi.c.obj (.text:_mcpy)
                  00002b3e    00000068                                   : copy_decompress_lzss.c.obj (.text:decompress:lzss:__TI_decompress_lzss)
                  00002ba6    00000002     --HOLE-- [fill = 0]
                  00002ba8    00000064                                   : s_frexp.c.obj (.text:frexp)
                  00002c0c    00000060     driverlib.lib : timer.obj (.text:TimerConfigure)
                  00002c6c    00000056     rtsv7M4_T_le_v4SPD16_eabi.lib : _printfi.c.obj (.text:_pconv_f)
                  00002cc2    00000054                                   : ltoa.c.obj (.text:ltoa)
                  00002d16    00000002     --HOLE-- [fill = 0]
                  00002d18    00000054     sig7digit.obj (.text)
                  00002d6c    00000052     rtsv7M4_T_le_v4SPD16_eabi.lib : _printfi.c.obj (.text:_ecpy)
                  00002dbe    00000002     --HOLE-- [fill = 0]
                  00002dc0    0000004c     driverlib.lib : gpio.obj (.text:GPIOPinConfigure)
                  00002e0c    0000004c     rtsv7M4_T_le_v4SPD16_eabi.lib : atoi.c.obj (.text:atoi)
                  00002e58    00000048                                   : fd_toi_t2.asm.obj (.text)
                  00002ea0    00000046     driverlib.lib : uart.obj (.text:UARTConfigSetExpClk)
                  00002ee6    00000002     --HOLE-- [fill = 0]
                  00002ee8    00000044     rtsv7M4_T_le_v4SPD16_eabi.lib : autoinit.c.obj (.text:__TI_auto_init_nobinit_nopinit:__TI_auto_init_nobinit_nopinit)
                  00002f2c    00000044                                   : fd_tou_t2.asm.obj (.text)
                  00002f70    00000040                                   : vsnprintf.c.obj (.text:vsnprintf)
                  00002fb0    0000003e                                   : _printfi.c.obj (.text:_fcpy)
                  00002fee    00000002     --HOLE-- [fill = 0]
                  00002ff0    00000034     driverlib.lib : interrupt.obj (.text:IntRegister)
                  00003024    00000034                   : sysctl.obj (.text:SysCtlPeripheralEnable)
                  00003058    00000034     rtsv7M4_T_le_v4SPD16_eabi.lib : boot_cortex_m.c.obj (.text:_c_int00_noargs:_c_int00_noargs)
                  0000308c    00000030                                   : vsnprintf.c.obj (.text:_outs)
                  000030bc    0000002e                                   : i_tofd_t2.asm.obj (.text)
                  000030ea    0000002c     driverlib.lib : gpio.obj (.text:GPIODirModeSet)
                  00003116    00000002     --HOLE-- [fill = 0]
                  00003118    00000020                   : uart.obj (.text:UARTDisable)
                  00003138    00000020     rtsv7M4_T_le_v4SPD16_eabi.lib : u_tofd_t2.asm.obj (.text)
                  00003158    0000001c     driverlib.lib : systick.obj (.text:SysTickIntRegister)
                  00003174    0000001c     rtsv7M4_T_le_v4SPD16_eabi.lib : copy_zero_init.c.obj (.text:decompress:ZI:__TI_zero_init_nomemset:__TI_zero_init_nomemset)
                  00003190    0000001c                                   : memccpy.c.obj (.text:memccpy)
                  000031ac    0000001c     motion.obj (.text)
                  000031c8    0000001a     driverlib.lib : gpio.obj (.text:GPIOPinTypeGPIOOutput)
                  000031e2    0000001a     rtsv7M4_T_le_v4SPD16_eabi.lib : s_copysign.c.obj (.text:copysign)
                  000031fc    00000018                                   : vsnprintf.c.obj (.text:_outc)
                  00003214    00000016     driverlib.lib : gpio.obj (.text:GPIOPinTypeGPIOInput)
                  0000322a    00000016                   : gpio.obj (.text:GPIOPinTypeTimer)
                  00003240    00000016                   : gpio.obj (.text:GPIOPinTypeUART)
                  00003256    00000016                   : timer.obj (.text:TimerControlEvent)
                  0000326c    00000016     rtsv7M4_T_le_v4SPD16_eabi.lib : strchr.c.obj (.text:strchr)
                  00003282    00000002     --HOLE-- [fill = 0]
                  00003284    00000014     driverlib.lib : systick.obj (.text:SysTickEnable)
                  00003298    00000014                   : systick.obj (.text:SysTickIntEnable)
                  000032ac    00000014                   : uart.obj (.text:UARTEnable)
                  000032c0    00000014     motion_asm.obj (.text)
                  000032d4    00000014     rtsv7M4_T_le_v4SPD16_eabi.lib : strlen.c.obj (.text:strlen)
                  000032e8    00000012                                   : wcslen.c.obj (.text:wcslen)
                  000032fa    00000002     --HOLE-- [fill = 0]
                  000032fc    00000010     driverlib.lib : systick.obj (.text:SysTickPeriodSet)
                  0000330c    0000000e                   : timer.obj (.text:TimerEnable)
                  0000331a    0000000e     rtsv7M4_T_le_v4SPD16_eabi.lib : copy_decompress_none.c.obj (.text:decompress:none:__TI_decompress_none)
                  00003328    0000000c     tm4c123gh6pm_startup_ccs.obj (.text)
                  00003334    0000000a     driverlib.lib : timer.obj (.text:TimerIntStatus)
                  0000333e    0000000a                   : timer.obj (.text:TimerValueGet)
                  00003348    0000000a                   : uart.obj (.text:UARTCharGet)
                  00003352    0000000a                   : uart.obj (.text:UARTCharPut)
                  0000335c    00000008     rtsv7M4_T_le_v4SPD16_eabi.lib : errno.c.obj (.text:__aeabi_errno_addr)
                  00003364    00000006     driverlib.lib : gpio.obj (.text:GPIOPinRead)
                  0000336a    00000006                   : gpio.obj (.text:GPIOPinWrite)
                  00003370    00000006                   : sysctl.obj (.text:SysCtlDelay)
                  00003376    00000004                   : timer.obj (.text:TimerIntClear)
                  0000337a    00000004     rtsv7M4_T_le_v4SPD16_eabi.lib : pre_init.c.obj (.text:_system_pre_init)
                  0000337e    00000004                                   : exit.c.obj (.text:abort:abort)

.const     0    00003384    00000205     
                  00003384    00000101     rtsv7M4_T_le_v4SPD16_eabi.lib : ctype.c.obj (.const:.string:_ctypes_)
                  00003485    00000003     --HOLE-- [fill = 0]
                  00003488    00000090     driverlib.lib : gpio.obj (.const:g_pui32GPIOBaseAddrs)
                  00003518    0000006c                   : sysctl.obj (.const:g_pui32Xtals)
                  00003584    00000005     main.obj (.const:$P$T0$2)

.cinit     0    00003590    00000060     
                  00003590    00000028     (.cinit..data.load) [load image, compression = lzss]
                  000035b8    0000000c     (__TI_handler_table)
                  000035c4    00000004     --HOLE-- [fill = 0]
                  000035c8    00000008     (.cinit..bss.load) [load image, compression = zero_init]
                  000035d0    00000008     (.cinit..vtable.load) [load image, compression = zero_init]
                  000035d8    00000018     (__TI_cinit_table)

.init_array 
*          0    00000000    00000000     UNINITIALIZED

.vtable    0    20000000    0000026c     UNINITIALIZED
                  20000000    0000026c     driverlib.lib : interrupt.obj (.vtable)

.bss       0    20000470    00000108     UNINITIALIZED
                  20000470    00000100     Util.lib : launchpad.obj (.bss:callbackHeap)
                  20000570    00000004              : launchpad.obj (.bss)
                  20000574    00000004     sig7digit.obj (.bss)

.data      0    20000578    00000034     UNINITIALIZED
                  20000578    00000015     main.obj (.data)
                  2000058d    0000000a     sig7digit.obj (.data)
                  20000597    00000001     Util.lib : led.obj (.data)
                  20000598    00000008              : launchpad.obj (.data)
                  200005a0    00000005     main.obj (.data:seg7Display)
                  200005a5    00000001     Util.lib : pushbutton.obj (.data)
                  200005a6    00000002     --HOLE--
                  200005a8    00000004     rtsv7M4_T_le_v4SPD16_eabi.lib : errno.c.obj (.data)

.stack     0    20000270    00000200     UNINITIALIZED
                  20000270    00000004     rtsv7M4_T_le_v4SPD16_eabi.lib : boot_cortex_m.c.obj (.stack)
                  20000274    000001fc     --HOLE--

MODULE SUMMARY

       Module                         code    ro data   rw data
       ------                         ----    -------   -------
    .\
       tm4c123gh6pm_startup_ccs.obj   12      620       0      
       main.obj                       600     5         26     
       seg7.obj                       508     0         0      
       ranger.obj                     152     0         0      
       sw_increment.obj               120     0         0      
       ranger_asm.obj                 112     0         0      
       sig7digit.obj                  84      0         14     
       motion.obj                     28      0         0      
       motion_asm.obj                 20      0         0      
    +--+------------------------------+-------+---------+---------+
       Total:                         1636    625       40     
                                                               
    C:/ti/TivaWare_C_Series-2.2.0.295/driverlib/ccs/Debug/driverlib.lib
       gpio.obj                       588     144       0      
       sysctl.obj                     582     108       0      
       interrupt.obj                  52      0         620    
       timer.obj                      156     0         0      
       uart.obj                       142     0         0      
       systick.obj                    84      0         0      
    +--+------------------------------+-------+---------+---------+
       Total:                         1604    252       620    
                                                               
    C:\ti\ccs930\ccs\tools\compiler\ti-cgt-arm_18.12.4.LTS\lib\rtsv7M4_T_le_v4SPD16_eabi.lib
       _printfi.c.obj                 4851    0         0      
       fd_add_t2.asm.obj              438     0         0      
       fd_div_t2.asm.obj              310     0         0      
       s_scalbn.c.obj                 272     0         0      
       fd_cmp_t2.asm.obj              268     0         0      
       ctype.c.obj                    0       257       0      
       fd_mul_t2.asm.obj              252     0         0      
       memcpy_t2.asm.obj              156     0         0      
       ull_div_t2.asm.obj             150     0         0      
       vsnprintf.c.obj                136     0         0      
       memset_t2.asm.obj              122     0         0      
       copy_decompress_lzss.c.obj     104     0         0      
       s_frexp.c.obj                  100     0         0      
       ltoa.c.obj                     84      0         0      
       atoi.c.obj                     76      0         0      
       fd_toi_t2.asm.obj              72      0         0      
       autoinit.c.obj                 68      0         0      
       fd_tou_t2.asm.obj              68      0         0      
       boot_cortex_m.c.obj            52      0         0      
       i_tofd_t2.asm.obj              46      0         0      
       u_tofd_t2.asm.obj              32      0         0      
       copy_zero_init.c.obj           28      0         0      
       memccpy.c.obj                  28      0         0      
       s_copysign.c.obj               26      0         0      
       strchr.c.obj                   22      0         0      
       strlen.c.obj                   20      0         0      
       wcslen.c.obj                   18      0         0      
       copy_decompress_none.c.obj     14      0         0      
       errno.c.obj                    8       0         4      
       exit.c.obj                     4       0         0      
       pre_init.c.obj                 4       0         0      
       div0.asm.obj                   2       0         0      
    +--+------------------------------+-------+---------+---------+
       Total:                         7831    257       4      
                                                               
    D:/Git Repos/LabGroupA1/Util/Debug/Util.lib
       launchpad.obj                  976     0         268    
       uart.obj                       196     0         0      
       led.obj                        156     0         1      
       pushbutton.obj                 140     0         1      
    +--+------------------------------+-------+---------+---------+
       Total:                         1468    0         270    
                                                               
       Stack:                         0       0         512    
       Linker Generated:              0       92        0      
    +--+------------------------------+-------+---------+---------+
       Grand Total:                   12539   1226      1446   


LINKER GENERATED COPY TABLES

__TI_cinit_table @ 000035d8 records: 3, size/record: 8, table size: 24
	.data: load addr=00003590, load size=00000028 bytes, run addr=20000578, run size=00000034 bytes, compression=lzss
	.bss: load addr=000035c8, load size=00000008 bytes, run addr=20000470, run size=00000108 bytes, compression=zero_init
	.vtable: load addr=000035d0, load size=00000008 bytes, run addr=20000000, run size=0000026c bytes, compression=zero_init


LINKER GENERATED HANDLER TABLE

__TI_handler_table @ 000035b8 records: 3, size/record: 4, table size: 12
	index: 0, handler: __TI_zero_init
	index: 1, handler: __TI_decompress_lzss
	index: 2, handler: __TI_decompress_none


GLOBAL SYMBOLS: SORTED ALPHABETICALLY BY Name 

address   name                          
-------   ----                          
0000337f  C$$EXIT                       
000030eb  GPIODirModeSet                
00001ad9  GPIOPadConfigSet              
00002dc1  GPIOPinConfigure              
00003365  GPIOPinRead                   
00003215  GPIOPinTypeGPIOInput          
000031c9  GPIOPinTypeGPIOOutput         
0000322b  GPIOPinTypeTimer              
00003241  GPIOPinTypeUART               
0000336b  GPIOPinWrite                  
00002ff1  IntRegister                   
00003329  ResetISR                      
00001fdd  SysCtlClockGet                
00002301  SysCtlClockSet                
00003371  SysCtlDelay                   
00003025  SysCtlPeripheralEnable        
00003285  SysTickEnable                 
00003299  SysTickIntEnable              
00003159  SysTickIntRegister            
000032fd  SysTickPeriodSet              
00002c0d  TimerConfigure                
00003257  TimerControlEvent             
0000330d  TimerEnable                   
00003377  TimerIntClear                 
00003335  TimerIntStatus                
0000333f  TimerValueGet                 
00003349  UARTCharGet                   
00003353  UARTCharPut                   
00002ea1  UARTConfigSetExpClk           
00003119  UARTDisable                   
000032ad  UARTEnable                    
20000470  __STACK_END                   
00000200  __STACK_SIZE                  
20000470  __STACK_TOP                   
000035d8  __TI_CINIT_Base               
000035f0  __TI_CINIT_Limit              
000035b8  __TI_Handler_Table_Base       
000035c4  __TI_Handler_Table_Limit      
00002ee9  __TI_auto_init_nobinit_nopinit
00002b3f  __TI_decompress_lzss          
0000331b  __TI_decompress_none          
ffffffff  __TI_pprof_out_hndl           
0000026d  __TI_printfi                  
ffffffff  __TI_prof_data_size           
ffffffff  __TI_prof_data_start          
00000000  __TI_static_base__            
00003175  __TI_zero_init_nomemset       
00002861  __aeabi_cdcmpeq               
00002861  __aeabi_cdcmple               
000028e7  __aeabi_cdrcmple              
00002e59  __aeabi_d2iz                  
00002f2d  __aeabi_d2uiz                 
0000192b  __aeabi_dadd                  
00001d81  __aeabi_ddiv                  
00002205  __aeabi_dmul                  
00001921  __aeabi_dsub                  
0000335d  __aeabi_errno_addr            
000030bd  __aeabi_i2d                   
00000cbb  __aeabi_idiv0                 
00000cbb  __aeabi_ldiv0                 
0000296d  __aeabi_memclr                
0000296d  __aeabi_memclr4               
0000296d  __aeabi_memclr8               
00002609  __aeabi_memcpy                
00002609  __aeabi_memcpy4               
00002609  __aeabi_memcpy8               
0000296f  __aeabi_memset                
0000296f  __aeabi_memset4               
0000296f  __aeabi_memset8               
00003139  __aeabi_ui2d                  
0000273d  __aeabi_uldivmod              
ffffffff  __binit__                     
ffffffff  __c_args__                    
UNDEFED   __mpu_init                    
20000270  __stack                       
00003059  _c_int00_noargs               
00003384  _ctypes_                      
UNDEFED   _system_post_cinit            
0000337b  _system_pre_init              
0000337f  abort                         
20000579  alarmState                    
00002e0d  atoi                          
ffffffff  binit                         
000012fd  chkPerson                     
000031e3  copysign                      
000031e3  copysignl                     
2000057a  display_s                     
200005a8  errno                         
00002ba9  frexp                         
00002ba9  frexpl                        
20000000  g_pfnRAMVectors               
00000000  g_pfnVectors                  
000020f5  ldexp                         
000020f5  ldexpl                        
0000258f  ledInit                       
0000256d  ledInitForced                 
000025a3  ledTurnOnOff                  
00000fc7  lpInit                        
00002cc3  ltoa                          
0000149f  main                          
00003191  memccpy                       
00002609  memcpy                        
00002975  memset                        
000031ad  motionInit                    
000032c5  motionSensor                  
00002809  pbInit                        
000027d5  pbInitForced                  
0000281d  pbRead                        
2000057c  personState                   
000026d5  rangerDetect                  
00002a6d  rangerDetect2                 
000026a5  rangerInit                    
000020f5  scalbn                        
000020f5  scalbnl                       
00000deb  schdCallback                  
00000e65  schdExecute                   
20000584  seated                        
20000580  sec                           
00002d21  seg7DigitUpdate               
200005a0  seg7Display                   
00001555  seg7Init                      
000016e1  seg7Update                    
2000057b  set_mode                      
00001445  stopWatchUpdate               
0000326d  strchr                        
000032d5  strlen                        
20000578  sysState                      
00000d4f  sysTimeGet                    
00000d55  sysTimeReached                
00000d7b  sysTimeWait                   
00000d9f  sysTimeWaitAbsolute           
000029e7  timeIncrement                 
00002441  uartGetChar                   
000023f5  uartInit                      
0000242f  uartPutChar                   
00002453  uartPutString                 
0000247f  uprintf                       
00002f71  vsnprintf                     
00000f69  waitMs                        
00000f99  waitUs                        
000032e9  wcslen                        


GLOBAL SYMBOLS: SORTED BY Symbol Address 

address   name                          
-------   ----                          
00000000  __TI_static_base__            
00000000  g_pfnVectors                  
00000200  __STACK_SIZE                  
0000026d  __TI_printfi                  
00000cbb  __aeabi_idiv0                 
00000cbb  __aeabi_ldiv0                 
00000d4f  sysTimeGet                    
00000d55  sysTimeReached                
00000d7b  sysTimeWait                   
00000d9f  sysTimeWaitAbsolute           
00000deb  schdCallback                  
00000e65  schdExecute                   
00000f69  waitMs                        
00000f99  waitUs                        
00000fc7  lpInit                        
000012fd  chkPerson                     
00001445  stopWatchUpdate               
0000149f  main                          
00001555  seg7Init                      
000016e1  seg7Update                    
00001921  __aeabi_dsub                  
0000192b  __aeabi_dadd                  
00001ad9  GPIOPadConfigSet              
00001d81  __aeabi_ddiv                  
00001fdd  SysCtlClockGet                
000020f5  ldexp                         
000020f5  ldexpl                        
000020f5  scalbn                        
000020f5  scalbnl                       
00002205  __aeabi_dmul                  
00002301  SysCtlClockSet                
000023f5  uartInit                      
0000242f  uartPutChar                   
00002441  uartGetChar                   
00002453  uartPutString                 
0000247f  uprintf                       
0000256d  ledInitForced                 
0000258f  ledInit                       
000025a3  ledTurnOnOff                  
00002609  __aeabi_memcpy                
00002609  __aeabi_memcpy4               
00002609  __aeabi_memcpy8               
00002609  memcpy                        
000026a5  rangerInit                    
000026d5  rangerDetect                  
0000273d  __aeabi_uldivmod              
000027d5  pbInitForced                  
00002809  pbInit                        
0000281d  pbRead                        
00002861  __aeabi_cdcmpeq               
00002861  __aeabi_cdcmple               
000028e7  __aeabi_cdrcmple              
0000296d  __aeabi_memclr                
0000296d  __aeabi_memclr4               
0000296d  __aeabi_memclr8               
0000296f  __aeabi_memset                
0000296f  __aeabi_memset4               
0000296f  __aeabi_memset8               
00002975  memset                        
000029e7  timeIncrement                 
00002a6d  rangerDetect2                 
00002b3f  __TI_decompress_lzss          
00002ba9  frexp                         
00002ba9  frexpl                        
00002c0d  TimerConfigure                
00002cc3  ltoa                          
00002d21  seg7DigitUpdate               
00002dc1  GPIOPinConfigure              
00002e0d  atoi                          
00002e59  __aeabi_d2iz                  
00002ea1  UARTConfigSetExpClk           
00002ee9  __TI_auto_init_nobinit_nopinit
00002f2d  __aeabi_d2uiz                 
00002f71  vsnprintf                     
00002ff1  IntRegister                   
00003025  SysCtlPeripheralEnable        
00003059  _c_int00_noargs               
000030bd  __aeabi_i2d                   
000030eb  GPIODirModeSet                
00003119  UARTDisable                   
00003139  __aeabi_ui2d                  
00003159  SysTickIntRegister            
00003175  __TI_zero_init_nomemset       
00003191  memccpy                       
000031ad  motionInit                    
000031c9  GPIOPinTypeGPIOOutput         
000031e3  copysign                      
000031e3  copysignl                     
00003215  GPIOPinTypeGPIOInput          
0000322b  GPIOPinTypeTimer              
00003241  GPIOPinTypeUART               
00003257  TimerControlEvent             
0000326d  strchr                        
00003285  SysTickEnable                 
00003299  SysTickIntEnable              
000032ad  UARTEnable                    
000032c5  motionSensor                  
000032d5  strlen                        
000032e9  wcslen                        
000032fd  SysTickPeriodSet              
0000330d  TimerEnable                   
0000331b  __TI_decompress_none          
00003329  ResetISR                      
00003335  TimerIntStatus                
0000333f  TimerValueGet                 
00003349  UARTCharGet                   
00003353  UARTCharPut                   
0000335d  __aeabi_errno_addr            
00003365  GPIOPinRead                   
0000336b  GPIOPinWrite                  
00003371  SysCtlDelay                   
00003377  TimerIntClear                 
0000337b  _system_pre_init              
0000337f  C$$EXIT                       
0000337f  abort                         
00003384  _ctypes_                      
000035b8  __TI_Handler_Table_Base       
000035c4  __TI_Handler_Table_Limit      
000035d8  __TI_CINIT_Base               
000035f0  __TI_CINIT_Limit              
20000000  g_pfnRAMVectors               
20000270  __stack                       
20000470  __STACK_END                   
20000470  __STACK_TOP                   
20000578  sysState                      
20000579  alarmState                    
2000057a  display_s                     
2000057b  set_mode                      
2000057c  personState                   
20000580  sec                           
20000584  seated                        
200005a0  seg7Display                   
200005a8  errno                         
ffffffff  __TI_pprof_out_hndl           
ffffffff  __TI_prof_data_size           
ffffffff  __TI_prof_data_start          
ffffffff  __binit__                     
ffffffff  __c_args__                    
ffffffff  binit                         
UNDEFED   __mpu_init                    
UNDEFED   _system_post_cinit            

[141 symbols]
