<?xml version="1.0" encoding="ISO-8859-1" ?>
<link_info>
   <banner>TI ARM Linker PC v18.12.4.LTS</banner>
   <copyright>Copyright (c) 1996-2018 Texas Instruments Incorporated</copyright>
   <link_time>0x5fc6fa1d</link_time>
   <link_errors>0x0</link_errors>
   <output_file>Clocked Out.out</output_file>
   <entry_point>
      <name>_c_int00_noargs</name>
      <address>0x31ad</address>
   </entry_point>
   <input_file_list>
      <input_file id="fl-2">
         <path>.\</path>
         <kind>object</kind>
         <file>buzzer.obj</file>
         <name>buzzer.obj</name>
      </input_file>
      <input_file id="fl-3">
         <path>.\</path>
         <kind>object</kind>
         <file>buzzer_asm.obj</file>
         <name>buzzer_asm.obj</name>
      </input_file>
      <input_file id="fl-4">
         <path>.\</path>
         <kind>object</kind>
         <file>main.obj</file>
         <name>main.obj</name>
      </input_file>
      <input_file id="fl-5">
         <path>.\</path>
         <kind>object</kind>
         <file>motion.obj</file>
         <name>motion.obj</name>
      </input_file>
      <input_file id="fl-6">
         <path>.\</path>
         <kind>object</kind>
         <file>motion_asm.obj</file>
         <name>motion_asm.obj</name>
      </input_file>
      <input_file id="fl-7">
         <path>.\</path>
         <kind>object</kind>
         <file>ranger.obj</file>
         <name>ranger.obj</name>
      </input_file>
      <input_file id="fl-8">
         <path>.\</path>
         <kind>object</kind>
         <file>ranger_asm.obj</file>
         <name>ranger_asm.obj</name>
      </input_file>
      <input_file id="fl-9">
         <path>.\</path>
         <kind>object</kind>
         <file>ras.obj</file>
         <name>ras.obj</name>
      </input_file>
      <input_file id="fl-a">
         <path>.\</path>
         <kind>object</kind>
         <file>ras_asm.obj</file>
         <name>ras_asm.obj</name>
      </input_file>
      <input_file id="fl-b">
         <path>.\</path>
         <kind>object</kind>
         <file>seg7.obj</file>
         <name>seg7.obj</name>
      </input_file>
      <input_file id="fl-c">
         <path>.\</path>
         <kind>object</kind>
         <file>sig7digit.obj</file>
         <name>sig7digit.obj</name>
      </input_file>
      <input_file id="fl-d">
         <path>.\</path>
         <kind>object</kind>
         <file>sw_increment.obj</file>
         <name>sw_increment.obj</name>
      </input_file>
      <input_file id="fl-e">
         <path>.\</path>
         <kind>object</kind>
         <file>tm4c123gh6pm_startup_ccs.obj</file>
         <name>tm4c123gh6pm_startup_ccs.obj</name>
      </input_file>
      <input_file id="fl-14">
         <kind>object</kind>
         <file>&lt;internal&gt;</file>
         <name>&lt;internal&gt;</name>
      </input_file>
      <input_file id="fl-ca">
         <path>C:\ti\ccs930\ccs\tools\compiler\ti-cgt-arm_18.12.4.LTS\lib\</path>
         <kind>archive</kind>
         <file>rtsv7M4_T_le_v4SPD16_eabi.lib</file>
         <name>fd_div_t2.asm.obj</name>
      </input_file>
      <input_file id="fl-cb">
         <path>C:\ti\ccs930\ccs\tools\compiler\ti-cgt-arm_18.12.4.LTS\lib\</path>
         <kind>archive</kind>
         <file>rtsv7M4_T_le_v4SPD16_eabi.lib</file>
         <name>fd_mul_t2.asm.obj</name>
      </input_file>
      <input_file id="fl-cc">
         <path>C:\ti\ccs930\ccs\tools\compiler\ti-cgt-arm_18.12.4.LTS\lib\</path>
         <kind>archive</kind>
         <file>rtsv7M4_T_le_v4SPD16_eabi.lib</file>
         <name>fd_tou_t2.asm.obj</name>
      </input_file>
      <input_file id="fl-cd">
         <path>C:\ti\ccs930\ccs\tools\compiler\ti-cgt-arm_18.12.4.LTS\lib\</path>
         <kind>archive</kind>
         <file>rtsv7M4_T_le_v4SPD16_eabi.lib</file>
         <name>u_tofd_t2.asm.obj</name>
      </input_file>
      <input_file id="fl-ce">
         <path>C:\ti\ccs930\ccs\tools\compiler\ti-cgt-arm_18.12.4.LTS\lib\</path>
         <kind>archive</kind>
         <file>rtsv7M4_T_le_v4SPD16_eabi.lib</file>
         <name>copy_zero_init.c.obj</name>
      </input_file>
      <input_file id="fl-cf">
         <path>C:\ti\ccs930\ccs\tools\compiler\ti-cgt-arm_18.12.4.LTS\lib\</path>
         <kind>archive</kind>
         <file>rtsv7M4_T_le_v4SPD16_eabi.lib</file>
         <name>copy_decompress_none.c.obj</name>
      </input_file>
      <input_file id="fl-d0">
         <path>C:\ti\ccs930\ccs\tools\compiler\ti-cgt-arm_18.12.4.LTS\lib\</path>
         <kind>archive</kind>
         <file>rtsv7M4_T_le_v4SPD16_eabi.lib</file>
         <name>copy_decompress_lzss.c.obj</name>
      </input_file>
      <input_file id="fl-d1">
         <path>C:\ti\ccs930\ccs\tools\compiler\ti-cgt-arm_18.12.4.LTS\lib\</path>
         <kind>archive</kind>
         <file>rtsv7M4_T_le_v4SPD16_eabi.lib</file>
         <name>boot_cortex_m.c.obj</name>
      </input_file>
      <input_file id="fl-d2">
         <path>C:\ti\ccs930\ccs\tools\compiler\ti-cgt-arm_18.12.4.LTS\lib\</path>
         <kind>archive</kind>
         <file>rtsv7M4_T_le_v4SPD16_eabi.lib</file>
         <name>memcpy_t2.asm.obj</name>
      </input_file>
      <input_file id="fl-d3">
         <path>C:\ti\ccs930\ccs\tools\compiler\ti-cgt-arm_18.12.4.LTS\lib\</path>
         <kind>archive</kind>
         <file>rtsv7M4_T_le_v4SPD16_eabi.lib</file>
         <name>memset_t2.asm.obj</name>
      </input_file>
      <input_file id="fl-d4">
         <path>C:\ti\ccs930\ccs\tools\compiler\ti-cgt-arm_18.12.4.LTS\lib\</path>
         <kind>archive</kind>
         <file>rtsv7M4_T_le_v4SPD16_eabi.lib</file>
         <name>autoinit.c.obj</name>
      </input_file>
      <input_file id="fl-d5">
         <path>C:\ti\ccs930\ccs\tools\compiler\ti-cgt-arm_18.12.4.LTS\lib\</path>
         <kind>archive</kind>
         <file>rtsv7M4_T_le_v4SPD16_eabi.lib</file>
         <name>pre_init.c.obj</name>
      </input_file>
      <input_file id="fl-d6">
         <path>C:\ti\ccs930\ccs\tools\compiler\ti-cgt-arm_18.12.4.LTS\lib\</path>
         <kind>archive</kind>
         <file>rtsv7M4_T_le_v4SPD16_eabi.lib</file>
         <name>cpy_tbl.c.obj</name>
      </input_file>
      <input_file id="fl-d7">
         <path>C:\ti\ccs930\ccs\tools\compiler\ti-cgt-arm_18.12.4.LTS\lib\</path>
         <kind>archive</kind>
         <file>rtsv7M4_T_le_v4SPD16_eabi.lib</file>
         <name>exit.c.obj</name>
      </input_file>
      <input_file id="fl-d8">
         <path>C:\ti\ccs930\ccs\tools\compiler\ti-cgt-arm_18.12.4.LTS\lib\</path>
         <kind>archive</kind>
         <file>rtsv7M4_T_le_v4SPD16_eabi.lib</file>
         <name>_lock.c.obj</name>
      </input_file>
      <input_file id="fl-d9">
         <path>C:\ti\ccs930\ccs\tools\compiler\ti-cgt-arm_18.12.4.LTS\lib\</path>
         <kind>archive</kind>
         <file>rtsv7M4_T_le_v4SPD16_eabi.lib</file>
         <name>args_main.c.obj</name>
      </input_file>
      <input_file id="fl-da">
         <path>D:\Git Repos\LabGroupA1\Util\Debug\</path>
         <kind>archive</kind>
         <file>Util.lib</file>
         <name>launchpad.obj</name>
      </input_file>
      <input_file id="fl-db">
         <path>D:\Git Repos\LabGroupA1\Util\Debug\</path>
         <kind>archive</kind>
         <file>Util.lib</file>
         <name>led.obj</name>
      </input_file>
      <input_file id="fl-dc">
         <path>D:\Git Repos\LabGroupA1\Util\Debug\</path>
         <kind>archive</kind>
         <file>Util.lib</file>
         <name>pushbutton.obj</name>
      </input_file>
      <input_file id="fl-dd">
         <path>D:\Git Repos\LabGroupA1\Util\Debug\</path>
         <kind>archive</kind>
         <file>Util.lib</file>
         <name>uart.obj</name>
      </input_file>
      <input_file id="fl-de">
         <path>C:\ti\TivaWare_C_Series-2.2.0.295\driverlib\ccs\Debug\</path>
         <kind>archive</kind>
         <file>driverlib.lib</file>
         <name>gpio.obj</name>
      </input_file>
      <input_file id="fl-df">
         <path>C:\ti\TivaWare_C_Series-2.2.0.295\driverlib\ccs\Debug\</path>
         <kind>archive</kind>
         <file>driverlib.lib</file>
         <name>interrupt.obj</name>
      </input_file>
      <input_file id="fl-e0">
         <path>C:\ti\TivaWare_C_Series-2.2.0.295\driverlib\ccs\Debug\</path>
         <kind>archive</kind>
         <file>driverlib.lib</file>
         <name>sysctl.obj</name>
      </input_file>
      <input_file id="fl-e1">
         <path>C:\ti\TivaWare_C_Series-2.2.0.295\driverlib\ccs\Debug\</path>
         <kind>archive</kind>
         <file>driverlib.lib</file>
         <name>systick.obj</name>
      </input_file>
      <input_file id="fl-e2">
         <path>C:\ti\TivaWare_C_Series-2.2.0.295\driverlib\ccs\Debug\</path>
         <kind>archive</kind>
         <file>driverlib.lib</file>
         <name>timer.obj</name>
      </input_file>
      <input_file id="fl-e3">
         <path>C:\ti\TivaWare_C_Series-2.2.0.295\driverlib\ccs\Debug\</path>
         <kind>archive</kind>
         <file>driverlib.lib</file>
         <name>uart.obj</name>
      </input_file>
      <input_file id="fl-e4">
         <path>C:\ti\TivaWare_C_Series-2.2.0.295\driverlib\ccs\Debug\</path>
         <kind>archive</kind>
         <file>driverlib.lib</file>
         <name>cpu.obj</name>
      </input_file>
      <input_file id="fl-e5">
         <path>C:\ti\ccs930\ccs\tools\compiler\ti-cgt-arm_18.12.4.LTS\lib\</path>
         <kind>archive</kind>
         <file>rtsv7M4_T_le_v4SPD16_eabi.lib</file>
         <name>vsnprintf.c.obj</name>
      </input_file>
      <input_file id="fl-e6">
         <path>C:\ti\ccs930\ccs\tools\compiler\ti-cgt-arm_18.12.4.LTS\lib\</path>
         <kind>archive</kind>
         <file>rtsv7M4_T_le_v4SPD16_eabi.lib</file>
         <name>ull_div_t2.asm.obj</name>
      </input_file>
      <input_file id="fl-e7">
         <path>C:\ti\ccs930\ccs\tools\compiler\ti-cgt-arm_18.12.4.LTS\lib\</path>
         <kind>archive</kind>
         <file>rtsv7M4_T_le_v4SPD16_eabi.lib</file>
         <name>_printfi.c.obj</name>
      </input_file>
      <input_file id="fl-e8">
         <path>C:\ti\ccs930\ccs\tools\compiler\ti-cgt-arm_18.12.4.LTS\lib\</path>
         <kind>archive</kind>
         <file>rtsv7M4_T_le_v4SPD16_eabi.lib</file>
         <name>div0.asm.obj</name>
      </input_file>
      <input_file id="fl-e9">
         <path>C:\ti\ccs930\ccs\tools\compiler\ti-cgt-arm_18.12.4.LTS\lib\</path>
         <kind>archive</kind>
         <file>rtsv7M4_T_le_v4SPD16_eabi.lib</file>
         <name>fd_add_t2.asm.obj</name>
      </input_file>
      <input_file id="fl-ea">
         <path>C:\ti\ccs930\ccs\tools\compiler\ti-cgt-arm_18.12.4.LTS\lib\</path>
         <kind>archive</kind>
         <file>rtsv7M4_T_le_v4SPD16_eabi.lib</file>
         <name>fd_cmp_t2.asm.obj</name>
      </input_file>
      <input_file id="fl-eb">
         <path>C:\ti\ccs930\ccs\tools\compiler\ti-cgt-arm_18.12.4.LTS\lib\</path>
         <kind>archive</kind>
         <file>rtsv7M4_T_le_v4SPD16_eabi.lib</file>
         <name>fd_toi_t2.asm.obj</name>
      </input_file>
      <input_file id="fl-ec">
         <path>C:\ti\ccs930\ccs\tools\compiler\ti-cgt-arm_18.12.4.LTS\lib\</path>
         <kind>archive</kind>
         <file>rtsv7M4_T_le_v4SPD16_eabi.lib</file>
         <name>i_tofd_t2.asm.obj</name>
      </input_file>
      <input_file id="fl-ed">
         <path>C:\ti\ccs930\ccs\tools\compiler\ti-cgt-arm_18.12.4.LTS\lib\</path>
         <kind>archive</kind>
         <file>rtsv7M4_T_le_v4SPD16_eabi.lib</file>
         <name>atoi.c.obj</name>
      </input_file>
      <input_file id="fl-ee">
         <path>C:\ti\ccs930\ccs\tools\compiler\ti-cgt-arm_18.12.4.LTS\lib\</path>
         <kind>archive</kind>
         <file>rtsv7M4_T_le_v4SPD16_eabi.lib</file>
         <name>ctype.c.obj</name>
      </input_file>
      <input_file id="fl-ef">
         <path>C:\ti\ccs930\ccs\tools\compiler\ti-cgt-arm_18.12.4.LTS\lib\</path>
         <kind>archive</kind>
         <file>rtsv7M4_T_le_v4SPD16_eabi.lib</file>
         <name>ltoa.c.obj</name>
      </input_file>
      <input_file id="fl-f0">
         <path>C:\ti\ccs930\ccs\tools\compiler\ti-cgt-arm_18.12.4.LTS\lib\</path>
         <kind>archive</kind>
         <file>rtsv7M4_T_le_v4SPD16_eabi.lib</file>
         <name>memccpy.c.obj</name>
      </input_file>
      <input_file id="fl-f1">
         <path>C:\ti\ccs930\ccs\tools\compiler\ti-cgt-arm_18.12.4.LTS\lib\</path>
         <kind>archive</kind>
         <file>rtsv7M4_T_le_v4SPD16_eabi.lib</file>
         <name>strchr.c.obj</name>
      </input_file>
      <input_file id="fl-f2">
         <path>C:\ti\ccs930\ccs\tools\compiler\ti-cgt-arm_18.12.4.LTS\lib\</path>
         <kind>archive</kind>
         <file>rtsv7M4_T_le_v4SPD16_eabi.lib</file>
         <name>strlen.c.obj</name>
      </input_file>
      <input_file id="fl-f3">
         <path>C:\ti\ccs930\ccs\tools\compiler\ti-cgt-arm_18.12.4.LTS\lib\</path>
         <kind>archive</kind>
         <file>rtsv7M4_T_le_v4SPD16_eabi.lib</file>
         <name>errno.c.obj</name>
      </input_file>
      <input_file id="fl-f4">
         <path>C:\ti\ccs930\ccs\tools\compiler\ti-cgt-arm_18.12.4.LTS\lib\</path>
         <kind>archive</kind>
         <file>rtsv7M4_T_le_v4SPD16_eabi.lib</file>
         <name>wcslen.c.obj</name>
      </input_file>
      <input_file id="fl-f5">
         <path>C:\ti\ccs930\ccs\tools\compiler\ti-cgt-arm_18.12.4.LTS\lib\</path>
         <kind>archive</kind>
         <file>rtsv7M4_T_le_v4SPD16_eabi.lib</file>
         <name>s_frexp.c.obj</name>
      </input_file>
      <input_file id="fl-f6">
         <path>C:\ti\ccs930\ccs\tools\compiler\ti-cgt-arm_18.12.4.LTS\lib\</path>
         <kind>archive</kind>
         <file>rtsv7M4_T_le_v4SPD16_eabi.lib</file>
         <name>s_scalbn.c.obj</name>
      </input_file>
      <input_file id="fl-f7">
         <path>C:\ti\ccs930\ccs\tools\compiler\ti-cgt-arm_18.12.4.LTS\lib\</path>
         <kind>archive</kind>
         <file>rtsv7M4_T_le_v4SPD16_eabi.lib</file>
         <name>s_copysign.c.obj</name>
      </input_file>
   </input_file_list>
   <object_component_list>
      <object_component id="oc-f">
         <name>.intvecs</name>
         <load_address>0x0</load_address>
         <run_address>0x0</run_address>
         <size>0x26c</size>
         <input_file_ref idref="fl-e"/>
      </object_component>
      <object_component id="oc-286">
         <name>.text:__TI_printfi</name>
         <load_address>0x26c</load_address>
         <run_address>0x26c</run_address>
         <size>0xa4e</size>
         <input_file_ref idref="fl-e7"/>
      </object_component>
      <object_component id="oc-2af">
         <name>.text</name>
         <load_address>0xcba</load_address>
         <run_address>0xcba</run_address>
         <size>0x2</size>
         <input_file_ref idref="fl-e8"/>
      </object_component>
      <object_component id="oc-e9">
         <name>.text</name>
         <load_address>0xcbc</load_address>
         <run_address>0xcbc</run_address>
         <size>0x3d0</size>
         <input_file_ref idref="fl-da"/>
      </object_component>
      <object_component id="oc-98">
         <name>.text</name>
         <load_address>0x108c</load_address>
         <run_address>0x108c</run_address>
         <size>0x3ac</size>
         <input_file_ref idref="fl-4"/>
      </object_component>
      <object_component id="oc-33d">
         <name>.text:_pconv_a</name>
         <load_address>0x1438</load_address>
         <run_address>0x1438</run_address>
         <size>0x270</size>
         <input_file_ref idref="fl-e7"/>
      </object_component>
      <object_component id="oc-102">
         <name>.text</name>
         <load_address>0x16a8</load_address>
         <run_address>0x16a8</run_address>
         <size>0x1fc</size>
         <input_file_ref idref="fl-b"/>
      </object_component>
      <object_component id="oc-32b">
         <name>.text:_pconv_g</name>
         <load_address>0x18a4</load_address>
         <run_address>0x18a4</run_address>
         <size>0x1d0</size>
         <input_file_ref idref="fl-e7"/>
      </object_component>
      <object_component id="oc-39c">
         <name>.text</name>
         <load_address>0x1a74</load_address>
         <run_address>0x1a74</run_address>
         <size>0x1b6</size>
         <input_file_ref idref="fl-e9"/>
      </object_component>
      <object_component id="oc-1ff">
         <name>.text:GPIOPadConfigSet</name>
         <load_address>0x1c2c</load_address>
         <run_address>0x1c2c</run_address>
         <size>0x16c</size>
         <input_file_ref idref="fl-de"/>
      </object_component>
      <object_component id="oc-337">
         <name>.text:_pconv_e</name>
         <load_address>0x1d98</load_address>
         <run_address>0x1d98</run_address>
         <size>0x13c</size>
         <input_file_ref idref="fl-e7"/>
      </object_component>
      <object_component id="oc-cf">
         <name>.text</name>
         <load_address>0x1ed4</load_address>
         <run_address>0x1ed4</run_address>
         <size>0x136</size>
         <input_file_ref idref="fl-ca"/>
      </object_component>
      <object_component id="oc-3ae">
         <name>.text:fcvt</name>
         <load_address>0x200c</load_address>
         <run_address>0x200c</run_address>
         <size>0x124</size>
         <input_file_ref idref="fl-e7"/>
      </object_component>
      <object_component id="oc-19e">
         <name>.text:SysCtlClockGet</name>
         <load_address>0x2130</load_address>
         <run_address>0x2130</run_address>
         <size>0x118</size>
         <input_file_ref idref="fl-e0"/>
      </object_component>
      <object_component id="oc-3c2">
         <name>.text:scalbn</name>
         <load_address>0x2248</load_address>
         <run_address>0x2248</run_address>
         <size>0x110</size>
         <input_file_ref idref="fl-f6"/>
      </object_component>
      <object_component id="oc-ca">
         <name>.text</name>
         <load_address>0x2358</load_address>
         <run_address>0x2358</run_address>
         <size>0xfc</size>
         <input_file_ref idref="fl-cb"/>
      </object_component>
      <object_component id="oc-1cf">
         <name>.text:SysCtlClockSet</name>
         <load_address>0x2454</load_address>
         <run_address>0x2454</run_address>
         <size>0xf4</size>
         <input_file_ref idref="fl-e0"/>
      </object_component>
      <object_component id="oc-e3">
         <name>.text</name>
         <load_address>0x2548</load_address>
         <run_address>0x2548</run_address>
         <size>0xc4</size>
         <input_file_ref idref="fl-dd"/>
      </object_component>
      <object_component id="oc-320">
         <name>.text:_ltostr</name>
         <load_address>0x260c</load_address>
         <run_address>0x260c</run_address>
         <size>0xb1</size>
         <input_file_ref idref="fl-e7"/>
      </object_component>
      <object_component id="oc-1ed">
         <name>.text</name>
         <load_address>0x26c0</load_address>
         <run_address>0x26c0</run_address>
         <size>0x9c</size>
         <input_file_ref idref="fl-db"/>
      </object_component>
      <object_component id="oc-38">
         <name>.text</name>
         <load_address>0x275c</load_address>
         <run_address>0x275c</run_address>
         <size>0x9c</size>
         <input_file_ref idref="fl-d2"/>
      </object_component>
      <object_component id="oc-108">
         <name>.text</name>
         <load_address>0x27f8</load_address>
         <run_address>0x27f8</run_address>
         <size>0x98</size>
         <input_file_ref idref="fl-7"/>
      </object_component>
      <object_component id="oc-1c9">
         <name>.text</name>
         <load_address>0x2890</load_address>
         <run_address>0x2890</run_address>
         <size>0x96</size>
         <input_file_ref idref="fl-e6"/>
      </object_component>
      <object_component id="oc-f4">
         <name>.text</name>
         <load_address>0x2928</load_address>
         <run_address>0x2928</run_address>
         <size>0x8c</size>
         <input_file_ref idref="fl-dc"/>
      </object_component>
      <object_component id="oc-326">
         <name>.text:__aeabi_cdcmple</name>
         <load_address>0x29b4</load_address>
         <run_address>0x29b4</run_address>
         <size>0x86</size>
         <input_file_ref idref="fl-ea"/>
      </object_component>
      <object_component id="oc-387">
         <name>.text:__aeabi_cdrcmple</name>
         <load_address>0x2a3a</load_address>
         <run_address>0x2a3a</run_address>
         <size>0x86</size>
         <input_file_ref idref="fl-ea"/>
      </object_component>
      <object_component id="oc-8c">
         <name>.text</name>
         <load_address>0x2ac0</load_address>
         <run_address>0x2ac0</run_address>
         <size>0x7a</size>
         <input_file_ref idref="fl-d3"/>
      </object_component>
      <object_component id="oc-ef">
         <name>.text</name>
         <load_address>0x2b3a</load_address>
         <run_address>0x2b3a</run_address>
         <size>0x78</size>
         <input_file_ref idref="fl-d"/>
      </object_component>
      <object_component id="oc-c0">
         <name>.text</name>
         <load_address>0x2bb4</load_address>
         <run_address>0x2bb4</run_address>
         <size>0x70</size>
         <input_file_ref idref="fl-8"/>
      </object_component>
      <object_component id="oc-3a7">
         <name>.text:_mcpy</name>
         <load_address>0x2c24</load_address>
         <run_address>0x2c24</run_address>
         <size>0x6e</size>
         <input_file_ref idref="fl-e7"/>
      </object_component>
      <object_component id="oc-12">
         <name>.text:decompress:lzss:__TI_decompress_lzss</name>
         <load_address>0x2c92</load_address>
         <run_address>0x2c92</run_address>
         <size>0x68</size>
         <input_file_ref idref="fl-d0"/>
      </object_component>
      <object_component id="oc-3bc">
         <name>.text:frexp</name>
         <load_address>0x2cfc</load_address>
         <run_address>0x2cfc</run_address>
         <size>0x64</size>
         <input_file_ref idref="fl-f5"/>
      </object_component>
      <object_component id="oc-220">
         <name>.text:TimerConfigure</name>
         <load_address>0x2d60</load_address>
         <run_address>0x2d60</run_address>
         <size>0x60</size>
         <input_file_ref idref="fl-e2"/>
      </object_component>
      <object_component id="oc-331">
         <name>.text:_pconv_f</name>
         <load_address>0x2dc0</load_address>
         <run_address>0x2dc0</run_address>
         <size>0x56</size>
         <input_file_ref idref="fl-e7"/>
      </object_component>
      <object_component id="oc-391">
         <name>.text:ltoa</name>
         <load_address>0x2e16</load_address>
         <run_address>0x2e16</run_address>
         <size>0x54</size>
         <input_file_ref idref="fl-ef"/>
      </object_component>
      <object_component id="oc-de">
         <name>.text</name>
         <load_address>0x2e6c</load_address>
         <run_address>0x2e6c</run_address>
         <size>0x54</size>
         <input_file_ref idref="fl-c"/>
      </object_component>
      <object_component id="oc-3a1">
         <name>.text:_ecpy</name>
         <load_address>0x2ec0</load_address>
         <run_address>0x2ec0</run_address>
         <size>0x52</size>
         <input_file_ref idref="fl-e7"/>
      </object_component>
      <object_component id="oc-192">
         <name>.text:GPIOPinConfigure</name>
         <load_address>0x2f14</load_address>
         <run_address>0x2f14</run_address>
         <size>0x4c</size>
         <input_file_ref idref="fl-de"/>
      </object_component>
      <object_component id="oc-31a">
         <name>.text:atoi</name>
         <load_address>0x2f60</load_address>
         <run_address>0x2f60</run_address>
         <size>0x4c</size>
         <input_file_ref idref="fl-ed"/>
      </object_component>
      <object_component id="oc-38c">
         <name>.text</name>
         <load_address>0x2fac</load_address>
         <run_address>0x2fac</run_address>
         <size>0x48</size>
         <input_file_ref idref="fl-eb"/>
      </object_component>
      <object_component id="oc-1a4">
         <name>.text:UARTConfigSetExpClk</name>
         <load_address>0x2ff4</load_address>
         <run_address>0x2ff4</run_address>
         <size>0x46</size>
         <input_file_ref idref="fl-e3"/>
      </object_component>
      <object_component id="oc-137">
         <name>.text:__TI_auto_init_nobinit_nopinit:__TI_auto_init_nobinit_nopinit</name>
         <load_address>0x303c</load_address>
         <run_address>0x303c</run_address>
         <size>0x44</size>
         <input_file_ref idref="fl-d4"/>
      </object_component>
      <object_component id="oc-d4">
         <name>.text</name>
         <load_address>0x3080</load_address>
         <run_address>0x3080</run_address>
         <size>0x44</size>
         <input_file_ref idref="fl-cc"/>
      </object_component>
      <object_component id="oc-1b6">
         <name>.text:vsnprintf</name>
         <load_address>0x30c4</load_address>
         <run_address>0x30c4</run_address>
         <size>0x40</size>
         <input_file_ref idref="fl-e5"/>
      </object_component>
      <object_component id="oc-3b4">
         <name>.text:_fcpy</name>
         <load_address>0x3104</load_address>
         <run_address>0x3104</run_address>
         <size>0x3e</size>
         <input_file_ref idref="fl-e7"/>
      </object_component>
      <object_component id="oc-2b8">
         <name>.text:IntRegister</name>
         <load_address>0x3144</load_address>
         <run_address>0x3144</run_address>
         <size>0x34</size>
         <input_file_ref idref="fl-df"/>
      </object_component>
      <object_component id="oc-18c">
         <name>.text:SysCtlPeripheralEnable</name>
         <load_address>0x3178</load_address>
         <run_address>0x3178</run_address>
         <size>0x34</size>
         <input_file_ref idref="fl-e0"/>
      </object_component>
      <object_component id="oc-56">
         <name>.text:_c_int00_noargs:_c_int00_noargs</name>
         <load_address>0x31ac</load_address>
         <run_address>0x31ac</run_address>
         <size>0x34</size>
         <input_file_ref idref="fl-d1"/>
      </object_component>
      <object_component id="oc-28c">
         <name>.text:_outs</name>
         <load_address>0x31e0</load_address>
         <run_address>0x31e0</run_address>
         <size>0x30</size>
         <input_file_ref idref="fl-e5"/>
      </object_component>
      <object_component id="oc-397">
         <name>.text</name>
         <load_address>0x3210</load_address>
         <run_address>0x3210</run_address>
         <size>0x2e</size>
         <input_file_ref idref="fl-ec"/>
      </object_component>
      <object_component id="oc-218">
         <name>.text:GPIODirModeSet</name>
         <load_address>0x323e</load_address>
         <run_address>0x323e</run_address>
         <size>0x2c</size>
         <input_file_ref idref="fl-de"/>
      </object_component>
      <object_component id="oc-fd">
         <name>.text</name>
         <load_address>0x326c</load_address>
         <run_address>0x326c</run_address>
         <size>0x2c</size>
         <input_file_ref idref="fl-3"/>
      </object_component>
      <object_component id="oc-276">
         <name>.text:UARTDisable</name>
         <load_address>0x3298</load_address>
         <run_address>0x3298</run_address>
         <size>0x20</size>
         <input_file_ref idref="fl-e3"/>
      </object_component>
      <object_component id="oc-c5">
         <name>.text</name>
         <load_address>0x32b8</load_address>
         <run_address>0x32b8</run_address>
         <size>0x20</size>
         <input_file_ref idref="fl-cd"/>
      </object_component>
      <object_component id="oc-1db">
         <name>.text:SysTickIntRegister</name>
         <load_address>0x32d8</load_address>
         <run_address>0x32d8</run_address>
         <size>0x1c</size>
         <input_file_ref idref="fl-e1"/>
      </object_component>
      <object_component id="oc-114">
         <name>.text</name>
         <load_address>0x32f4</load_address>
         <run_address>0x32f4</run_address>
         <size>0x1c</size>
         <input_file_ref idref="fl-2"/>
      </object_component>
      <object_component id="oc-44">
         <name>.text:decompress:ZI:__TI_zero_init_nomemset:__TI_zero_init_nomemset</name>
         <load_address>0x3310</load_address>
         <run_address>0x3310</run_address>
         <size>0x1c</size>
         <input_file_ref idref="fl-ce"/>
      </object_component>
      <object_component id="oc-343">
         <name>.text:memccpy</name>
         <load_address>0x332c</load_address>
         <run_address>0x332c</run_address>
         <size>0x1c</size>
         <input_file_ref idref="fl-f0"/>
      </object_component>
      <object_component id="oc-10e">
         <name>.text</name>
         <load_address>0x3348</load_address>
         <run_address>0x3348</run_address>
         <size>0x1c</size>
         <input_file_ref idref="fl-5"/>
      </object_component>
      <object_component id="oc-232">
         <name>.text:GPIOPinTypeGPIOOutput</name>
         <load_address>0x3364</load_address>
         <run_address>0x3364</run_address>
         <size>0x1a</size>
         <input_file_ref idref="fl-de"/>
      </object_component>
      <object_component id="oc-405">
         <name>.text:copysign</name>
         <load_address>0x337e</load_address>
         <run_address>0x337e</run_address>
         <size>0x1a</size>
         <input_file_ref idref="fl-f7"/>
      </object_component>
      <object_component id="oc-292">
         <name>.text:_outc</name>
         <load_address>0x3398</load_address>
         <run_address>0x3398</run_address>
         <size>0x18</size>
         <input_file_ref idref="fl-e5"/>
      </object_component>
      <object_component id="oc-1f9">
         <name>.text:GPIOPinTypeGPIOInput</name>
         <load_address>0x33b0</load_address>
         <run_address>0x33b0</run_address>
         <size>0x16</size>
         <input_file_ref idref="fl-de"/>
      </object_component>
      <object_component id="oc-238">
         <name>.text:GPIOPinTypeTimer</name>
         <load_address>0x33c6</load_address>
         <run_address>0x33c6</run_address>
         <size>0x16</size>
         <input_file_ref idref="fl-de"/>
      </object_component>
      <object_component id="oc-198">
         <name>.text:GPIOPinTypeUART</name>
         <load_address>0x33dc</load_address>
         <run_address>0x33dc</run_address>
         <size>0x16</size>
         <input_file_ref idref="fl-de"/>
      </object_component>
      <object_component id="oc-226">
         <name>.text:TimerControlEvent</name>
         <load_address>0x33f2</load_address>
         <run_address>0x33f2</run_address>
         <size>0x16</size>
         <input_file_ref idref="fl-e2"/>
      </object_component>
      <object_component id="oc-3c8">
         <name>.text:strchr</name>
         <load_address>0x3408</load_address>
         <run_address>0x3408</run_address>
         <size>0x16</size>
         <input_file_ref idref="fl-f1"/>
      </object_component>
      <object_component id="oc-1e7">
         <name>.text:SysTickEnable</name>
         <load_address>0x3420</load_address>
         <run_address>0x3420</run_address>
         <size>0x14</size>
         <input_file_ref idref="fl-e1"/>
      </object_component>
      <object_component id="oc-1e1">
         <name>.text:SysTickIntEnable</name>
         <load_address>0x3434</load_address>
         <run_address>0x3434</run_address>
         <size>0x14</size>
         <input_file_ref idref="fl-e1"/>
      </object_component>
      <object_component id="oc-27c">
         <name>.text:UARTEnable</name>
         <load_address>0x3448</load_address>
         <run_address>0x3448</run_address>
         <size>0x14</size>
         <input_file_ref idref="fl-e3"/>
      </object_component>
      <object_component id="oc-d9">
         <name>.text</name>
         <load_address>0x345c</load_address>
         <run_address>0x345c</run_address>
         <size>0x14</size>
         <input_file_ref idref="fl-6"/>
      </object_component>
      <object_component id="oc-314">
         <name>.text:strlen</name>
         <load_address>0x3470</load_address>
         <run_address>0x3470</run_address>
         <size>0x14</size>
         <input_file_ref idref="fl-f2"/>
      </object_component>
      <object_component id="oc-349">
         <name>.text:wcslen</name>
         <load_address>0x3484</load_address>
         <run_address>0x3484</run_address>
         <size>0x12</size>
         <input_file_ref idref="fl-f4"/>
      </object_component>
      <object_component id="oc-1d5">
         <name>.text:SysTickPeriodSet</name>
         <load_address>0x3498</load_address>
         <run_address>0x3498</run_address>
         <size>0x10</size>
         <input_file_ref idref="fl-e1"/>
      </object_component>
      <object_component id="oc-22c">
         <name>.text:TimerEnable</name>
         <load_address>0x34a8</load_address>
         <run_address>0x34a8</run_address>
         <size>0xe</size>
         <input_file_ref idref="fl-e2"/>
      </object_component>
      <object_component id="oc-18">
         <name>.text:decompress:none:__TI_decompress_none</name>
         <load_address>0x34b6</load_address>
         <run_address>0x34b6</run_address>
         <size>0xe</size>
         <input_file_ref idref="fl-cf"/>
      </object_component>
      <object_component id="oc-24">
         <name>.text</name>
         <load_address>0x34c4</load_address>
         <run_address>0x34c4</run_address>
         <size>0xc</size>
         <input_file_ref idref="fl-e"/>
      </object_component>
      <object_component id="oc-16b">
         <name>.text:TimerIntStatus</name>
         <load_address>0x34d0</load_address>
         <run_address>0x34d0</run_address>
         <size>0xa</size>
         <input_file_ref idref="fl-e2"/>
      </object_component>
      <object_component id="oc-171">
         <name>.text:TimerValueGet</name>
         <load_address>0x34da</load_address>
         <run_address>0x34da</run_address>
         <size>0xa</size>
         <input_file_ref idref="fl-e2"/>
      </object_component>
      <object_component id="oc-1b0">
         <name>.text:UARTCharGet</name>
         <load_address>0x34e4</load_address>
         <run_address>0x34e4</run_address>
         <size>0xa</size>
         <input_file_ref idref="fl-e3"/>
      </object_component>
      <object_component id="oc-1aa">
         <name>.text:UARTCharPut</name>
         <load_address>0x34ee</load_address>
         <run_address>0x34ee</run_address>
         <size>0xa</size>
         <input_file_ref idref="fl-e3"/>
      </object_component>
      <object_component id="oc-34f">
         <name>.text:__aeabi_errno_addr</name>
         <load_address>0x34f8</load_address>
         <run_address>0x34f8</run_address>
         <size>0x8</size>
         <input_file_ref idref="fl-f3"/>
      </object_component>
      <object_component id="oc-182">
         <name>.text:GPIOPinRead</name>
         <load_address>0x3500</load_address>
         <run_address>0x3500</run_address>
         <size>0x6</size>
         <input_file_ref idref="fl-de"/>
      </object_component>
      <object_component id="oc-211">
         <name>.text:GPIOPinWrite</name>
         <load_address>0x3506</load_address>
         <run_address>0x3506</run_address>
         <size>0x6</size>
         <input_file_ref idref="fl-de"/>
      </object_component>
      <object_component id="oc-1ce">
         <name>.text:SysCtlDelay</name>
         <load_address>0x350c</load_address>
         <run_address>0x350c</run_address>
         <size>0x6</size>
         <input_file_ref idref="fl-e0"/>
      </object_component>
      <object_component id="oc-177">
         <name>.text:TimerIntClear</name>
         <load_address>0x3512</load_address>
         <run_address>0x3512</run_address>
         <size>0x4</size>
         <input_file_ref idref="fl-e2"/>
      </object_component>
      <object_component id="oc-92">
         <name>.text:_system_pre_init</name>
         <load_address>0x3516</load_address>
         <run_address>0x3516</run_address>
         <size>0x4</size>
         <input_file_ref idref="fl-d5"/>
      </object_component>
      <object_component id="oc-12b">
         <name>.text:abort:abort</name>
         <load_address>0x351a</load_address>
         <run_address>0x351a</run_address>
         <size>0x4</size>
         <input_file_ref idref="fl-d7"/>
      </object_component>
      <object_component id="oc-380">
         <name>.const:.string:_ctypes_</name>
         <load_address>0x3520</load_address>
         <run_address>0x3520</run_address>
         <size>0x101</size>
         <input_file_ref idref="fl-ee"/>
      </object_component>
      <object_component id="oc-26d">
         <name>.const:g_pui32GPIOBaseAddrs</name>
         <load_address>0x3624</load_address>
         <run_address>0x3624</run_address>
         <size>0x90</size>
         <input_file_ref idref="fl-de"/>
      </object_component>
      <object_component id="oc-272">
         <name>.const:g_pui32Xtals</name>
         <load_address>0x36b4</load_address>
         <run_address>0x36b4</run_address>
         <size>0x6c</size>
         <input_file_ref idref="fl-e0"/>
      </object_component>
      <object_component id="oc-11a">
         <name>.const:$P$T0$2</name>
         <load_address>0x3720</load_address>
         <run_address>0x3720</run_address>
         <size>0x5</size>
         <input_file_ref idref="fl-4"/>
      </object_component>
      <object_component id="oc-45b">
         <name>.cinit..data.load</name>
         <load_address>0x3728</load_address>
         <run_address>0x3728</run_address>
         <size>0x29</size>
      </object_component>
      <object_component id="oc-458">
         <name>__TI_handler_table</name>
         <load_address>0x3754</load_address>
         <run_address>0x3754</run_address>
         <size>0xc</size>
      </object_component>
      <object_component id="oc-45c">
         <name>.cinit..bss.load</name>
         <load_address>0x3760</load_address>
         <run_address>0x3760</run_address>
         <size>0x8</size>
      </object_component>
      <object_component id="oc-45a">
         <name>.cinit..vtable.load</name>
         <load_address>0x3768</load_address>
         <run_address>0x3768</run_address>
         <size>0x8</size>
      </object_component>
      <object_component id="oc-459">
         <name>__TI_cinit_table</name>
         <load_address>0x3770</load_address>
         <run_address>0x3770</run_address>
         <size>0x18</size>
      </object_component>
      <object_component id="oc-368">
         <name>.vtable</name>
         <uninitialized>true</uninitialized>
         <run_address>0x20000000</run_address>
         <size>0x26c</size>
         <input_file_ref idref="fl-df"/>
      </object_component>
      <object_component id="oc-fa">
         <name>.data</name>
         <load_address>0x20000578</load_address>
         <run_address>0x20000578</run_address>
         <size>0x16</size>
         <input_file_ref idref="fl-4"/>
      </object_component>
      <object_component id="oc-11d">
         <name>.data:seg7Display</name>
         <load_address>0x200005a0</load_address>
         <run_address>0x200005a0</run_address>
         <size>0x5</size>
         <input_file_ref idref="fl-4"/>
      </object_component>
      <object_component id="oc-189">
         <name>.data</name>
         <load_address>0x2000058e</load_address>
         <run_address>0x2000058e</run_address>
         <size>0xa</size>
         <input_file_ref idref="fl-c"/>
      </object_component>
      <object_component id="oc-1c3">
         <name>.data</name>
         <load_address>0x20000598</load_address>
         <run_address>0x20000598</run_address>
         <size>0x8</size>
         <input_file_ref idref="fl-da"/>
      </object_component>
      <object_component id="oc-2c1">
         <name>.data</name>
         <load_address>0x200005a5</load_address>
         <run_address>0x200005a5</run_address>
         <size>0x1</size>
         <input_file_ref idref="fl-db"/>
      </object_component>
      <object_component id="oc-205">
         <name>.data</name>
         <load_address>0x200005a6</load_address>
         <run_address>0x200005a6</run_address>
         <size>0x1</size>
         <input_file_ref idref="fl-dc"/>
      </object_component>
      <object_component id="oc-3d8">
         <name>.data</name>
         <load_address>0x200005a8</load_address>
         <run_address>0x200005a8</run_address>
         <size>0x4</size>
         <input_file_ref idref="fl-f3"/>
      </object_component>
      <object_component id="oc-18a">
         <name>.bss</name>
         <uninitialized>true</uninitialized>
         <run_address>0x20000574</run_address>
         <size>0x4</size>
         <input_file_ref idref="fl-c"/>
      </object_component>
      <object_component id="oc-1f3">
         <name>.bss</name>
         <uninitialized>true</uninitialized>
         <run_address>0x20000570</run_address>
         <size>0x4</size>
         <input_file_ref idref="fl-da"/>
      </object_component>
      <object_component id="oc-1c6">
         <name>.bss:callbackHeap</name>
         <uninitialized>true</uninitialized>
         <run_address>0x20000470</run_address>
         <size>0x100</size>
         <input_file_ref idref="fl-da"/>
      </object_component>
      <object_component id="oc-21">
         <name>.stack</name>
         <uninitialized>true</uninitialized>
         <run_address>0x20000270</run_address>
         <size>0x4</size>
         <input_file_ref idref="fl-d1"/>
      </object_component>
      <object_component id="oc-45d">
         <name>.stack</name>
         <uninitialized>true</uninitialized>
         <run_address>0x20000270</run_address>
         <size>0x0</size>
      </object_component>
      <object_component id="oc-af">
         <name>.debug_info</name>
         <load_address>0x0</load_address>
         <run_address>0x0</run_address>
         <size>0x2cc</size>
         <input_file_ref idref="fl-2"/>
      </object_component>
      <object_component id="oc-115">
         <name>.debug_info</name>
         <load_address>0x2cc</load_address>
         <run_address>0x2cc</run_address>
         <size>0x12c</size>
         <input_file_ref idref="fl-2"/>
      </object_component>
      <object_component id="oc-6d">
         <name>.debug_info</name>
         <load_address>0x3f8</load_address>
         <run_address>0x3f8</run_address>
         <size>0x26b</size>
         <input_file_ref idref="fl-2"/>
      </object_component>
      <object_component id="oc-33">
         <name>.debug_info</name>
         <load_address>0x663</load_address>
         <run_address>0x663</run_address>
         <size>0x84</size>
         <input_file_ref idref="fl-2"/>
      </object_component>
      <object_component id="oc-aa">
         <name>.debug_info</name>
         <load_address>0x6e7</load_address>
         <run_address>0x6e7</run_address>
         <size>0x297</size>
         <input_file_ref idref="fl-2"/>
      </object_component>
      <object_component id="oc-307">
         <name>.debug_info</name>
         <load_address>0x97e</load_address>
         <run_address>0x97e</run_address>
         <size>0xef</size>
         <input_file_ref idref="fl-2"/>
      </object_component>
      <object_component id="oc-72">
         <name>.debug_info</name>
         <load_address>0xa6d</load_address>
         <run_address>0xa6d</run_address>
         <size>0xbb</size>
         <input_file_ref idref="fl-2"/>
      </object_component>
      <object_component id="oc-ff">
         <name>.debug_info</name>
         <load_address>0xb28</load_address>
         <run_address>0xb28</run_address>
         <size>0xfd</size>
         <input_file_ref idref="fl-3"/>
      </object_component>
      <object_component id="oc-210">
         <name>.debug_info</name>
         <load_address>0xc25</load_address>
         <run_address>0xc25</run_address>
         <size>0x462</size>
         <input_file_ref idref="fl-4"/>
      </object_component>
      <object_component id="oc-fb">
         <name>.debug_info</name>
         <load_address>0x1087</load_address>
         <run_address>0x1087</run_address>
         <size>0x1c3</size>
         <input_file_ref idref="fl-4"/>
      </object_component>
      <object_component id="oc-11e">
         <name>.debug_info</name>
         <load_address>0x124a</load_address>
         <run_address>0x124a</run_address>
         <size>0xc5</size>
         <input_file_ref idref="fl-4"/>
      </object_component>
      <object_component id="oc-11b">
         <name>.debug_info</name>
         <load_address>0x130f</load_address>
         <run_address>0x130f</run_address>
         <size>0xbc</size>
         <input_file_ref idref="fl-4"/>
      </object_component>
      <object_component id="oc-99">
         <name>.debug_info</name>
         <load_address>0x13cb</load_address>
         <run_address>0x13cb</run_address>
         <size>0x571</size>
         <input_file_ref idref="fl-4"/>
      </object_component>
      <object_component id="oc-20b">
         <name>.debug_info</name>
         <load_address>0x193c</load_address>
         <run_address>0x193c</run_address>
         <size>0x101</size>
         <input_file_ref idref="fl-4"/>
      </object_component>
      <object_component id="oc-121">
         <name>.debug_info</name>
         <load_address>0x1a3d</load_address>
         <run_address>0x1a3d</run_address>
         <size>0x9a</size>
         <input_file_ref idref="fl-4"/>
      </object_component>
      <object_component id="oc-126">
         <name>.debug_info</name>
         <load_address>0x1ad7</load_address>
         <run_address>0x1ad7</run_address>
         <size>0x8b</size>
         <input_file_ref idref="fl-4"/>
      </object_component>
      <object_component id="oc-2a6">
         <name>.debug_info</name>
         <load_address>0x1b62</load_address>
         <run_address>0x1b62</run_address>
         <size>0xcc</size>
         <input_file_ref idref="fl-4"/>
      </object_component>
      <object_component id="oc-1be">
         <name>.debug_info</name>
         <load_address>0x1c2e</load_address>
         <run_address>0x1c2e</run_address>
         <size>0x2c</size>
         <input_file_ref idref="fl-4"/>
      </object_component>
      <object_component id="oc-111">
         <name>.debug_info</name>
         <load_address>0x1c5a</load_address>
         <run_address>0x1c5a</run_address>
         <size>0x12b</size>
         <input_file_ref idref="fl-5"/>
      </object_component>
      <object_component id="oc-db">
         <name>.debug_info</name>
         <load_address>0x1d85</load_address>
         <run_address>0x1d85</run_address>
         <size>0xe3</size>
         <input_file_ref idref="fl-6"/>
      </object_component>
      <object_component id="oc-109">
         <name>.debug_info</name>
         <load_address>0x1e68</load_address>
         <run_address>0x1e68</run_address>
         <size>0x26c</size>
         <input_file_ref idref="fl-7"/>
      </object_component>
      <object_component id="oc-c2">
         <name>.debug_info</name>
         <load_address>0x20d4</load_address>
         <run_address>0x20d4</run_address>
         <size>0x15e</size>
         <input_file_ref idref="fl-8"/>
      </object_component>
      <object_component id="oc-21f">
         <name>.debug_info</name>
         <load_address>0x2232</load_address>
         <run_address>0x2232</run_address>
         <size>0x35a</size>
         <input_file_ref idref="fl-b"/>
      </object_component>
      <object_component id="oc-105">
         <name>.debug_info</name>
         <load_address>0x258c</load_address>
         <run_address>0x258c</run_address>
         <size>0x69f</size>
         <input_file_ref idref="fl-b"/>
      </object_component>
      <object_component id="oc-df">
         <name>.debug_info</name>
         <load_address>0x2c2b</load_address>
         <run_address>0x2c2b</run_address>
         <size>0xe0</size>
         <input_file_ref idref="fl-c"/>
      </object_component>
      <object_component id="oc-f1">
         <name>.debug_info</name>
         <load_address>0x2d0b</load_address>
         <run_address>0x2d0b</run_address>
         <size>0xda</size>
         <input_file_ref idref="fl-d"/>
      </object_component>
      <object_component id="oc-2c">
         <name>.debug_info</name>
         <load_address>0x2de5</load_address>
         <run_address>0x2de5</run_address>
         <size>0x29c</size>
         <input_file_ref idref="fl-e"/>
      </object_component>
      <object_component id="oc-10">
         <name>.debug_info</name>
         <load_address>0x3081</load_address>
         <run_address>0x3081</run_address>
         <size>0xdb</size>
         <input_file_ref idref="fl-e"/>
      </object_component>
      <object_component id="oc-27">
         <name>.debug_info</name>
         <load_address>0x315c</load_address>
         <run_address>0x315c</run_address>
         <size>0x257</size>
         <input_file_ref idref="fl-e"/>
      </object_component>
      <object_component id="oc-d2">
         <name>.debug_info</name>
         <load_address>0x33b3</load_address>
         <run_address>0x33b3</run_address>
         <size>0x139</size>
         <input_file_ref idref="fl-ca"/>
      </object_component>
      <object_component id="oc-cc">
         <name>.debug_info</name>
         <load_address>0x34ec</load_address>
         <run_address>0x34ec</run_address>
         <size>0x139</size>
         <input_file_ref idref="fl-cb"/>
      </object_component>
      <object_component id="oc-d6">
         <name>.debug_info</name>
         <load_address>0x3625</load_address>
         <run_address>0x3625</run_address>
         <size>0x138</size>
         <input_file_ref idref="fl-cc"/>
      </object_component>
      <object_component id="oc-c6">
         <name>.debug_info</name>
         <load_address>0x375d</load_address>
         <run_address>0x375d</run_address>
         <size>0x12d</size>
         <input_file_ref idref="fl-cd"/>
      </object_component>
      <object_component id="oc-8b">
         <name>.debug_info</name>
         <load_address>0x388a</load_address>
         <run_address>0x388a</run_address>
         <size>0x2d3</size>
         <input_file_ref idref="fl-ce"/>
      </object_component>
      <object_component id="oc-47">
         <name>.debug_info</name>
         <load_address>0x3b5d</load_address>
         <run_address>0x3b5d</run_address>
         <size>0x1d1</size>
         <input_file_ref idref="fl-ce"/>
      </object_component>
      <object_component id="oc-86">
         <name>.debug_info</name>
         <load_address>0x3d2e</load_address>
         <run_address>0x3d2e</run_address>
         <size>0x46</size>
         <input_file_ref idref="fl-ce"/>
      </object_component>
      <object_component id="oc-b7">
         <name>.debug_info</name>
         <load_address>0x3d74</load_address>
         <run_address>0x3d74</run_address>
         <size>0x2c</size>
         <input_file_ref idref="fl-ce"/>
      </object_component>
      <object_component id="oc-43">
         <name>.debug_info</name>
         <load_address>0x3da0</load_address>
         <run_address>0x3da0</run_address>
         <size>0x2a7</size>
         <input_file_ref idref="fl-cf"/>
      </object_component>
      <object_component id="oc-19">
         <name>.debug_info</name>
         <load_address>0x4047</load_address>
         <run_address>0x4047</run_address>
         <size>0x1e9</size>
         <input_file_ref idref="fl-cf"/>
      </object_component>
      <object_component id="oc-3e">
         <name>.debug_info</name>
         <load_address>0x4230</load_address>
         <run_address>0x4230</run_address>
         <size>0x46</size>
         <input_file_ref idref="fl-cf"/>
      </object_component>
      <object_component id="oc-7e">
         <name>.debug_info</name>
         <load_address>0x4276</load_address>
         <run_address>0x4276</run_address>
         <size>0x2c</size>
         <input_file_ref idref="fl-cf"/>
      </object_component>
      <object_component id="oc-7c">
         <name>.debug_info</name>
         <load_address>0x42a2</load_address>
         <run_address>0x42a2</run_address>
         <size>0x29d</size>
         <input_file_ref idref="fl-d0"/>
      </object_component>
      <object_component id="oc-16">
         <name>.debug_info</name>
         <load_address>0x453f</load_address>
         <run_address>0x453f</run_address>
         <size>0x24f</size>
         <input_file_ref idref="fl-d0"/>
      </object_component>
      <object_component id="oc-2e">
         <name>.debug_info</name>
         <load_address>0x478e</load_address>
         <run_address>0x478e</run_address>
         <size>0x60</size>
         <input_file_ref idref="fl-d0"/>
      </object_component>
      <object_component id="oc-b0">
         <name>.debug_info</name>
         <load_address>0x47ee</load_address>
         <run_address>0x47ee</run_address>
         <size>0x46</size>
         <input_file_ref idref="fl-d0"/>
      </object_component>
      <object_component id="oc-77">
         <name>.debug_info</name>
         <load_address>0x4834</load_address>
         <run_address>0x4834</run_address>
         <size>0x39</size>
         <input_file_ref idref="fl-d0"/>
      </object_component>
      <object_component id="oc-22">
         <name>.debug_info</name>
         <load_address>0x486d</load_address>
         <run_address>0x486d</run_address>
         <size>0x10a</size>
         <input_file_ref idref="fl-d1"/>
      </object_component>
      <object_component id="oc-57">
         <name>.debug_info</name>
         <load_address>0x4977</load_address>
         <run_address>0x4977</run_address>
         <size>0x1a8</size>
         <input_file_ref idref="fl-d1"/>
      </object_component>
      <object_component id="oc-3b">
         <name>.debug_info</name>
         <load_address>0x4b1f</load_address>
         <run_address>0x4b1f</run_address>
         <size>0x118</size>
         <input_file_ref idref="fl-d2"/>
      </object_component>
      <object_component id="oc-8e">
         <name>.debug_info</name>
         <load_address>0x4c37</load_address>
         <run_address>0x4c37</run_address>
         <size>0x146</size>
         <input_file_ref idref="fl-d3"/>
      </object_component>
      <object_component id="oc-250">
         <name>.debug_info</name>
         <load_address>0x4d7d</load_address>
         <run_address>0x4d7d</run_address>
         <size>0x4b2</size>
         <input_file_ref idref="fl-d4"/>
      </object_component>
      <object_component id="oc-13b">
         <name>.debug_info</name>
         <load_address>0x522f</load_address>
         <run_address>0x522f</run_address>
         <size>0x1a5</size>
         <input_file_ref idref="fl-d4"/>
      </object_component>
      <object_component id="oc-2ec">
         <name>.debug_info</name>
         <load_address>0x53d4</load_address>
         <run_address>0x53d4</run_address>
         <size>0x39</size>
         <input_file_ref idref="fl-d4"/>
      </object_component>
      <object_component id="oc-372">
         <name>.debug_info</name>
         <load_address>0x540d</load_address>
         <run_address>0x540d</run_address>
         <size>0x39</size>
         <input_file_ref idref="fl-d4"/>
      </object_component>
      <object_component id="oc-2f1">
         <name>.debug_info</name>
         <load_address>0x5446</load_address>
         <run_address>0x5446</run_address>
         <size>0x39</size>
         <input_file_ref idref="fl-d4"/>
      </object_component>
      <object_component id="oc-2f6">
         <name>.debug_info</name>
         <load_address>0x547f</load_address>
         <run_address>0x547f</run_address>
         <size>0xcd</size>
         <input_file_ref idref="fl-d4"/>
      </object_component>
      <object_component id="oc-93">
         <name>.debug_info</name>
         <load_address>0x554c</load_address>
         <run_address>0x554c</run_address>
         <size>0x152</size>
         <input_file_ref idref="fl-d5"/>
      </object_component>
      <object_component id="oc-12e">
         <name>.debug_info</name>
         <load_address>0x569e</load_address>
         <run_address>0x569e</run_address>
         <size>0x121</size>
         <input_file_ref idref="fl-d7"/>
      </object_component>
      <object_component id="oc-1f7">
         <name>.debug_info</name>
         <load_address>0x57bf</load_address>
         <run_address>0x57bf</run_address>
         <size>0x427</size>
         <input_file_ref idref="fl-da"/>
      </object_component>
      <object_component id="oc-1f4">
         <name>.debug_info</name>
         <load_address>0x5be6</load_address>
         <run_address>0x5be6</run_address>
         <size>0xc9</size>
         <input_file_ref idref="fl-da"/>
      </object_component>
      <object_component id="oc-1c4">
         <name>.debug_info</name>
         <load_address>0x5caf</load_address>
         <run_address>0x5caf</run_address>
         <size>0xf5</size>
         <input_file_ref idref="fl-da"/>
      </object_component>
      <object_component id="oc-1c7">
         <name>.debug_info</name>
         <load_address>0x5da4</load_address>
         <run_address>0x5da4</run_address>
         <size>0xcf</size>
         <input_file_ref idref="fl-da"/>
      </object_component>
      <object_component id="oc-ed">
         <name>.debug_info</name>
         <load_address>0x5e73</load_address>
         <run_address>0x5e73</run_address>
         <size>0x9c0</size>
         <input_file_ref idref="fl-da"/>
      </object_component>
      <object_component id="oc-2c9">
         <name>.debug_info</name>
         <load_address>0x6833</load_address>
         <run_address>0x6833</run_address>
         <size>0x51</size>
         <input_file_ref idref="fl-da"/>
      </object_component>
      <object_component id="oc-2c2">
         <name>.debug_info</name>
         <load_address>0x6884</load_address>
         <run_address>0x6884</run_address>
         <size>0xc7</size>
         <input_file_ref idref="fl-db"/>
      </object_component>
      <object_component id="oc-1ef">
         <name>.debug_info</name>
         <load_address>0x694b</load_address>
         <run_address>0x694b</run_address>
         <size>0x297</size>
         <input_file_ref idref="fl-db"/>
      </object_component>
      <object_component id="oc-206">
         <name>.debug_info</name>
         <load_address>0x6be2</load_address>
         <run_address>0x6be2</run_address>
         <size>0xce</size>
         <input_file_ref idref="fl-dc"/>
      </object_component>
      <object_component id="oc-f8">
         <name>.debug_info</name>
         <load_address>0x6cb0</load_address>
         <run_address>0x6cb0</run_address>
         <size>0x22f</size>
         <input_file_ref idref="fl-dc"/>
      </object_component>
      <object_component id="oc-1bd">
         <name>.debug_info</name>
         <load_address>0x6edf</load_address>
         <run_address>0x6edf</run_address>
         <size>0x424</size>
         <input_file_ref idref="fl-dd"/>
      </object_component>
      <object_component id="oc-e4">
         <name>.debug_info</name>
         <load_address>0x7303</load_address>
         <run_address>0x7303</run_address>
         <size>0x3cc</size>
         <input_file_ref idref="fl-dd"/>
      </object_component>
      <object_component id="oc-26a">
         <name>.debug_info</name>
         <load_address>0x76cf</load_address>
         <run_address>0x76cf</run_address>
         <size>0x3e4</size>
         <input_file_ref idref="fl-de"/>
      </object_component>
      <object_component id="oc-26e">
         <name>.debug_info</name>
         <load_address>0x7ab3</load_address>
         <run_address>0x7ab3</run_address>
         <size>0x164</size>
         <input_file_ref idref="fl-de"/>
      </object_component>
      <object_component id="oc-213">
         <name>.debug_info</name>
         <load_address>0x7c17</load_address>
         <run_address>0x7c17</run_address>
         <size>0x2ac</size>
         <input_file_ref idref="fl-de"/>
      </object_component>
      <object_component id="oc-21a">
         <name>.debug_info</name>
         <load_address>0x7ec3</load_address>
         <run_address>0x7ec3</run_address>
         <size>0x2bc</size>
         <input_file_ref idref="fl-de"/>
      </object_component>
      <object_component id="oc-201">
         <name>.debug_info</name>
         <load_address>0x817f</load_address>
         <run_address>0x817f</run_address>
         <size>0x31f</size>
         <input_file_ref idref="fl-de"/>
      </object_component>
      <object_component id="oc-19a">
         <name>.debug_info</name>
         <load_address>0x849e</load_address>
         <run_address>0x849e</run_address>
         <size>0x29b</size>
         <input_file_ref idref="fl-de"/>
      </object_component>
      <object_component id="oc-23a">
         <name>.debug_info</name>
         <load_address>0x8739</load_address>
         <run_address>0x8739</run_address>
         <size>0x29d</size>
         <input_file_ref idref="fl-de"/>
      </object_component>
      <object_component id="oc-234">
         <name>.debug_info</name>
         <load_address>0x89d6</load_address>
         <run_address>0x89d6</run_address>
         <size>0x2c0</size>
         <input_file_ref idref="fl-de"/>
      </object_component>
      <object_component id="oc-1fb">
         <name>.debug_info</name>
         <load_address>0x8c96</load_address>
         <run_address>0x8c96</run_address>
         <size>0x2a5</size>
         <input_file_ref idref="fl-de"/>
      </object_component>
      <object_component id="oc-185">
         <name>.debug_info</name>
         <load_address>0x8f3b</load_address>
         <run_address>0x8f3b</run_address>
         <size>0x284</size>
         <input_file_ref idref="fl-de"/>
      </object_component>
      <object_component id="oc-195">
         <name>.debug_info</name>
         <load_address>0x91bf</load_address>
         <run_address>0x91bf</run_address>
         <size>0x289</size>
         <input_file_ref idref="fl-de"/>
      </object_component>
      <object_component id="oc-36c">
         <name>.debug_info</name>
         <load_address>0x9448</load_address>
         <run_address>0x9448</run_address>
         <size>0x3b7</size>
         <input_file_ref idref="fl-df"/>
      </object_component>
      <object_component id="oc-369">
         <name>.debug_info</name>
         <load_address>0x97ff</load_address>
         <run_address>0x97ff</run_address>
         <size>0x160</size>
         <input_file_ref idref="fl-df"/>
      </object_component>
      <object_component id="oc-2ba">
         <name>.debug_info</name>
         <load_address>0x995f</load_address>
         <run_address>0x995f</run_address>
         <size>0x2ca</size>
         <input_file_ref idref="fl-df"/>
      </object_component>
      <object_component id="oc-26c">
         <name>.debug_info</name>
         <load_address>0x9c29</load_address>
         <run_address>0x9c29</run_address>
         <size>0x441</size>
         <input_file_ref idref="fl-e0"/>
      </object_component>
      <object_component id="oc-273">
         <name>.debug_info</name>
         <load_address>0xa06a</load_address>
         <run_address>0xa06a</run_address>
         <size>0x156</size>
         <input_file_ref idref="fl-e0"/>
      </object_component>
      <object_component id="oc-18d">
         <name>.debug_info</name>
         <load_address>0xa1c0</load_address>
         <run_address>0xa1c0</run_address>
         <size>0x286</size>
         <input_file_ref idref="fl-e0"/>
      </object_component>
      <object_component id="oc-1d0">
         <name>.debug_info</name>
         <load_address>0xa446</load_address>
         <run_address>0xa446</run_address>
         <size>0x2e4</size>
         <input_file_ref idref="fl-e0"/>
      </object_component>
      <object_component id="oc-19f">
         <name>.debug_info</name>
         <load_address>0xa72a</load_address>
         <run_address>0xa72a</run_address>
         <size>0x2be</size>
         <input_file_ref idref="fl-e0"/>
      </object_component>
      <object_component id="oc-303">
         <name>.debug_info</name>
         <load_address>0xa9e8</load_address>
         <run_address>0xa9e8</run_address>
         <size>0x51</size>
         <input_file_ref idref="fl-e0"/>
      </object_component>
      <object_component id="oc-2b7">
         <name>.debug_info</name>
         <load_address>0xaa39</load_address>
         <run_address>0xaa39</run_address>
         <size>0x346</size>
         <input_file_ref idref="fl-e1"/>
      </object_component>
      <object_component id="oc-1d7">
         <name>.debug_info</name>
         <load_address>0xad7f</load_address>
         <run_address>0xad7f</run_address>
         <size>0x26a</size>
         <input_file_ref idref="fl-e1"/>
      </object_component>
      <object_component id="oc-1df">
         <name>.debug_info</name>
         <load_address>0xafe9</load_address>
         <run_address>0xafe9</run_address>
         <size>0x280</size>
         <input_file_ref idref="fl-e1"/>
      </object_component>
      <object_component id="oc-1e3">
         <name>.debug_info</name>
         <load_address>0xb269</load_address>
         <run_address>0xb269</run_address>
         <size>0x230</size>
         <input_file_ref idref="fl-e1"/>
      </object_component>
      <object_component id="oc-1ea">
         <name>.debug_info</name>
         <load_address>0xb499</load_address>
         <run_address>0xb499</run_address>
         <size>0x22a</size>
         <input_file_ref idref="fl-e1"/>
      </object_component>
      <object_component id="oc-266">
         <name>.debug_info</name>
         <load_address>0xb6c3</load_address>
         <run_address>0xb6c3</run_address>
         <size>0x3c7</size>
         <input_file_ref idref="fl-e2"/>
      </object_component>
      <object_component id="oc-172">
         <name>.debug_info</name>
         <load_address>0xba8a</load_address>
         <run_address>0xba8a</run_address>
         <size>0x293</size>
         <input_file_ref idref="fl-e2"/>
      </object_component>
      <object_component id="oc-16c">
         <name>.debug_info</name>
         <load_address>0xbd1d</load_address>
         <run_address>0xbd1d</run_address>
         <size>0x28d</size>
         <input_file_ref idref="fl-e2"/>
      </object_component>
      <object_component id="oc-178">
         <name>.debug_info</name>
         <load_address>0xbfaa</load_address>
         <run_address>0xbfaa</run_address>
         <size>0x29b</size>
         <input_file_ref idref="fl-e2"/>
      </object_component>
      <object_component id="oc-22e">
         <name>.debug_info</name>
         <load_address>0xc245</load_address>
         <run_address>0xc245</run_address>
         <size>0x288</size>
         <input_file_ref idref="fl-e2"/>
      </object_component>
      <object_component id="oc-227">
         <name>.debug_info</name>
         <load_address>0xc4cd</load_address>
         <run_address>0xc4cd</run_address>
         <size>0x2cd</size>
         <input_file_ref idref="fl-e2"/>
      </object_component>
      <object_component id="oc-222">
         <name>.debug_info</name>
         <load_address>0xc79a</load_address>
         <run_address>0xc79a</run_address>
         <size>0x295</size>
         <input_file_ref idref="fl-e2"/>
      </object_component>
      <object_component id="oc-283">
         <name>.debug_info</name>
         <load_address>0xca2f</load_address>
         <run_address>0xca2f</run_address>
         <size>0x3cb</size>
         <input_file_ref idref="fl-e3"/>
      </object_component>
      <object_component id="oc-27d">
         <name>.debug_info</name>
         <load_address>0xcdfa</load_address>
         <run_address>0xcdfa</run_address>
         <size>0x250</size>
         <input_file_ref idref="fl-e3"/>
      </object_component>
      <object_component id="oc-277">
         <name>.debug_info</name>
         <load_address>0xd04a</load_address>
         <run_address>0xd04a</run_address>
         <size>0x252</size>
         <input_file_ref idref="fl-e3"/>
      </object_component>
      <object_component id="oc-1a5">
         <name>.debug_info</name>
         <load_address>0xd29c</load_address>
         <run_address>0xd29c</run_address>
         <size>0x32f</size>
         <input_file_ref idref="fl-e3"/>
      </object_component>
      <object_component id="oc-1ab">
         <name>.debug_info</name>
         <load_address>0xd5cb</load_address>
         <run_address>0xd5cb</run_address>
         <size>0x27c</size>
         <input_file_ref idref="fl-e3"/>
      </object_component>
      <object_component id="oc-1b1">
         <name>.debug_info</name>
         <load_address>0xd847</load_address>
         <run_address>0xd847</run_address>
         <size>0x256</size>
         <input_file_ref idref="fl-e3"/>
      </object_component>
      <object_component id="oc-299">
         <name>.debug_info</name>
         <load_address>0xda9d</load_address>
         <run_address>0xda9d</run_address>
         <size>0x33f</size>
         <input_file_ref idref="fl-e5"/>
      </object_component>
      <object_component id="oc-1b7">
         <name>.debug_info</name>
         <load_address>0xdddc</load_address>
         <run_address>0xdddc</run_address>
         <size>0x207</size>
         <input_file_ref idref="fl-e5"/>
      </object_component>
      <object_component id="oc-28d">
         <name>.debug_info</name>
         <load_address>0xdfe3</load_address>
         <run_address>0xdfe3</run_address>
         <size>0x1c5</size>
         <input_file_ref idref="fl-e5"/>
      </object_component>
      <object_component id="oc-293">
         <name>.debug_info</name>
         <load_address>0xe1a8</load_address>
         <run_address>0xe1a8</run_address>
         <size>0x178</size>
         <input_file_ref idref="fl-e5"/>
      </object_component>
      <object_component id="oc-29a">
         <name>.debug_info</name>
         <load_address>0xe320</load_address>
         <run_address>0xe320</run_address>
         <size>0x2c</size>
         <input_file_ref idref="fl-e5"/>
      </object_component>
      <object_component id="oc-29f">
         <name>.debug_info</name>
         <load_address>0xe34c</load_address>
         <run_address>0xe34c</run_address>
         <size>0x69</size>
         <input_file_ref idref="fl-e5"/>
      </object_component>
      <object_component id="oc-1ca">
         <name>.debug_info</name>
         <load_address>0xe3b5</load_address>
         <run_address>0xe3b5</run_address>
         <size>0x133</size>
         <input_file_ref idref="fl-e6"/>
      </object_component>
      <object_component id="oc-356">
         <name>.debug_info</name>
         <load_address>0xe4e8</load_address>
         <run_address>0xe4e8</run_address>
         <size>0x57a</size>
         <input_file_ref idref="fl-e7"/>
      </object_component>
      <object_component id="oc-322">
         <name>.debug_info</name>
         <load_address>0xea62</load_address>
         <run_address>0xea62</run_address>
         <size>0x21d</size>
         <input_file_ref idref="fl-e7"/>
      </object_component>
      <object_component id="oc-3a2">
         <name>.debug_info</name>
         <load_address>0xec7f</load_address>
         <run_address>0xec7f</run_address>
         <size>0x1b2</size>
         <input_file_ref idref="fl-e7"/>
      </object_component>
      <object_component id="oc-3a9">
         <name>.debug_info</name>
         <load_address>0xee31</load_address>
         <run_address>0xee31</run_address>
         <size>0x21a</size>
         <input_file_ref idref="fl-e7"/>
      </object_component>
      <object_component id="oc-32c">
         <name>.debug_info</name>
         <load_address>0xf04b</load_address>
         <run_address>0xf04b</run_address>
         <size>0x3ba</size>
         <input_file_ref idref="fl-e7"/>
      </object_component>
      <object_component id="oc-3af">
         <name>.debug_info</name>
         <load_address>0xf405</load_address>
         <run_address>0xf405</run_address>
         <size>0x304</size>
         <input_file_ref idref="fl-e7"/>
      </object_component>
      <object_component id="oc-3b5">
         <name>.debug_info</name>
         <load_address>0xf709</load_address>
         <run_address>0xf709</run_address>
         <size>0x214</size>
         <input_file_ref idref="fl-e7"/>
      </object_component>
      <object_component id="oc-333">
         <name>.debug_info</name>
         <load_address>0xf91d</load_address>
         <run_address>0xf91d</run_address>
         <size>0x214</size>
         <input_file_ref idref="fl-e7"/>
      </object_component>
      <object_component id="oc-338">
         <name>.debug_info</name>
         <load_address>0xfb31</load_address>
         <run_address>0xfb31</run_address>
         <size>0x303</size>
         <input_file_ref idref="fl-e7"/>
      </object_component>
      <object_component id="oc-33e">
         <name>.debug_info</name>
         <load_address>0xfe34</load_address>
         <run_address>0xfe34</run_address>
         <size>0x4af</size>
         <input_file_ref idref="fl-e7"/>
      </object_component>
      <object_component id="oc-288">
         <name>.debug_info</name>
         <load_address>0x102e3</load_address>
         <run_address>0x102e3</run_address>
         <size>0x5f3</size>
         <input_file_ref idref="fl-e7"/>
      </object_component>
      <object_component id="oc-357">
         <name>.debug_info</name>
         <load_address>0x108d6</load_address>
         <run_address>0x108d6</run_address>
         <size>0x86</size>
         <input_file_ref idref="fl-e7"/>
      </object_component>
      <object_component id="oc-3df">
         <name>.debug_info</name>
         <load_address>0x1095c</load_address>
         <run_address>0x1095c</run_address>
         <size>0x39</size>
         <input_file_ref idref="fl-e7"/>
      </object_component>
      <object_component id="oc-41c">
         <name>.debug_info</name>
         <load_address>0x10995</load_address>
         <run_address>0x10995</run_address>
         <size>0xb6</size>
         <input_file_ref idref="fl-e7"/>
      </object_component>
      <object_component id="oc-3e4">
         <name>.debug_info</name>
         <load_address>0x10a4b</load_address>
         <run_address>0x10a4b</run_address>
         <size>0x46</size>
         <input_file_ref idref="fl-e7"/>
      </object_component>
      <object_component id="oc-35c">
         <name>.debug_info</name>
         <load_address>0x10a91</load_address>
         <run_address>0x10a91</run_address>
         <size>0x46</size>
         <input_file_ref idref="fl-e7"/>
      </object_component>
      <object_component id="oc-2b0">
         <name>.debug_info</name>
         <load_address>0x10ad7</load_address>
         <run_address>0x10ad7</run_address>
         <size>0x114</size>
         <input_file_ref idref="fl-e8"/>
      </object_component>
      <object_component id="oc-39d">
         <name>.debug_info</name>
         <load_address>0x10beb</load_address>
         <run_address>0x10beb</run_address>
         <size>0x14b</size>
         <input_file_ref idref="fl-e9"/>
      </object_component>
      <object_component id="oc-328">
         <name>.debug_info</name>
         <load_address>0x10d36</load_address>
         <run_address>0x10d36</run_address>
         <size>0x127</size>
         <input_file_ref idref="fl-ea"/>
      </object_component>
      <object_component id="oc-388">
         <name>.debug_info</name>
         <load_address>0x10e5d</load_address>
         <run_address>0x10e5d</run_address>
         <size>0x129</size>
         <input_file_ref idref="fl-ea"/>
      </object_component>
      <object_component id="oc-38d">
         <name>.debug_info</name>
         <load_address>0x10f86</load_address>
         <run_address>0x10f86</run_address>
         <size>0x12d</size>
         <input_file_ref idref="fl-eb"/>
      </object_component>
      <object_component id="oc-399">
         <name>.debug_info</name>
         <load_address>0x110b3</load_address>
         <run_address>0x110b3</run_address>
         <size>0x12b</size>
         <input_file_ref idref="fl-ec"/>
      </object_component>
      <object_component id="oc-384">
         <name>.debug_info</name>
         <load_address>0x111de</load_address>
         <run_address>0x111de</run_address>
         <size>0x2b8</size>
         <input_file_ref idref="fl-ed"/>
      </object_component>
      <object_component id="oc-31b">
         <name>.debug_info</name>
         <load_address>0x11496</load_address>
         <run_address>0x11496</run_address>
         <size>0x17b</size>
         <input_file_ref idref="fl-ed"/>
      </object_component>
      <object_component id="oc-3f1">
         <name>.debug_info</name>
         <load_address>0x11611</load_address>
         <run_address>0x11611</run_address>
         <size>0xf8</size>
         <input_file_ref idref="fl-ee"/>
      </object_component>
      <object_component id="oc-381">
         <name>.debug_info</name>
         <load_address>0x11709</load_address>
         <run_address>0x11709</run_address>
         <size>0x104</size>
         <input_file_ref idref="fl-ee"/>
      </object_component>
      <object_component id="oc-3f7">
         <name>.debug_info</name>
         <load_address>0x1180d</load_address>
         <run_address>0x1180d</run_address>
         <size>0x29a</size>
         <input_file_ref idref="fl-ef"/>
      </object_component>
      <object_component id="oc-393">
         <name>.debug_info</name>
         <load_address>0x11aa7</load_address>
         <run_address>0x11aa7</run_address>
         <size>0x1cc</size>
         <input_file_ref idref="fl-ef"/>
      </object_component>
      <object_component id="oc-3d0">
         <name>.debug_info</name>
         <load_address>0x11c73</load_address>
         <run_address>0x11c73</run_address>
         <size>0x295</size>
         <input_file_ref idref="fl-f0"/>
      </object_component>
      <object_component id="oc-345">
         <name>.debug_info</name>
         <load_address>0x11f08</load_address>
         <run_address>0x11f08</run_address>
         <size>0x1b5</size>
         <input_file_ref idref="fl-f0"/>
      </object_component>
      <object_component id="oc-40e">
         <name>.debug_info</name>
         <load_address>0x120bd</load_address>
         <run_address>0x120bd</run_address>
         <size>0x299</size>
         <input_file_ref idref="fl-f1"/>
      </object_component>
      <object_component id="oc-3cc">
         <name>.debug_info</name>
         <load_address>0x12356</load_address>
         <run_address>0x12356</run_address>
         <size>0x25d</size>
         <input_file_ref idref="fl-f1"/>
      </object_component>
      <object_component id="oc-37f">
         <name>.debug_info</name>
         <load_address>0x125b3</load_address>
         <run_address>0x125b3</run_address>
         <size>0x28e</size>
         <input_file_ref idref="fl-f2"/>
      </object_component>
      <object_component id="oc-315">
         <name>.debug_info</name>
         <load_address>0x12841</load_address>
         <run_address>0x12841</run_address>
         <size>0x240</size>
         <input_file_ref idref="fl-f2"/>
      </object_component>
      <object_component id="oc-3dc">
         <name>.debug_info</name>
[...]
      </symbol>
      <symbol id="sm-df">
         <name>sec</name>
         <value>0x20000580</value>
         <object_component_ref idref="oc-fa"/>
      </symbol>
      <symbol id="sm-e0">
         <name>display_s</name>
         <value>0x2000057a</value>
         <object_component_ref idref="oc-fa"/>
      </symbol>
      <symbol id="sm-e1">
         <name>stopWatchUpdate</name>
         <value>0x1213</value>
         <object_component_ref idref="oc-98"/>
      </symbol>
      <symbol id="sm-e2">
         <name>checkPushButton</name>
         <value>0x126b</value>
         <object_component_ref idref="oc-98"/>
      </symbol>
      <symbol id="sm-e3">
         <name>chkPerson</name>
         <value>0x108d</value>
         <object_component_ref idref="oc-98"/>
      </symbol>
      <symbol id="sm-e4">
         <name>main</name>
         <value>0x1369</value>
         <object_component_ref idref="oc-98"/>
      </symbol>
      <symbol id="sm-e5">
         <name>callbackBuzzerPlay</name>
         <value>0x1301</value>
         <object_component_ref idref="oc-98"/>
      </symbol>
      <symbol id="sm-e6">
         <name>personState</name>
         <value>0x2000057c</value>
         <object_component_ref idref="oc-fa"/>
      </symbol>
      <symbol id="sm-e7">
         <name>alarmState</name>
         <value>0x20000579</value>
         <object_component_ref idref="oc-fa"/>
      </symbol>
      <symbol id="sm-e8">
         <name>sysState</name>
         <value>0x20000578</value>
         <object_component_ref idref="oc-fa"/>
      </symbol>
      <symbol id="sm-e9">
         <name>set_mode</name>
         <value>0x2000057b</value>
         <object_component_ref idref="oc-fa"/>
      </symbol>
      <symbol id="sm-f6">
         <name>motionInit</name>
         <value>0x3349</value>
         <object_component_ref idref="oc-10e"/>
      </symbol>
      <symbol id="sm-101">
         <name>motionSensor</name>
         <value>0x3461</value>
         <object_component_ref idref="oc-d9"/>
      </symbol>
      <symbol id="sm-113">
         <name>rangerDetect</name>
         <value>0x2829</value>
         <object_component_ref idref="oc-108"/>
      </symbol>
      <symbol id="sm-114">
         <name>rangerInit</name>
         <value>0x27f9</value>
         <object_component_ref idref="oc-108"/>
      </symbol>
      <symbol id="sm-123">
         <name>rangerDetect2</name>
         <value>0x2bc1</value>
         <object_component_ref idref="oc-c0"/>
      </symbol>
      <symbol id="sm-144">
         <name>seg7Init</name>
         <value>0x16a9</value>
         <object_component_ref idref="oc-102"/>
      </symbol>
      <symbol id="sm-145">
         <name>seg7Update</name>
         <value>0x1835</value>
         <object_component_ref idref="oc-102"/>
      </symbol>
      <symbol id="sm-156">
         <name>seg7DigitUpdate</name>
         <value>0x2e75</value>
         <object_component_ref idref="oc-de"/>
      </symbol>
      <symbol id="sm-162">
         <name>timeIncrement</name>
         <value>0x2b3b</value>
         <object_component_ref idref="oc-ef"/>
      </symbol>
      <symbol id="sm-17e">
         <name>ResetISR</name>
         <value>0x34c5</value>
         <object_component_ref idref="oc-24"/>
      </symbol>
      <symbol id="sm-17f">
         <name>g_pfnVectors</name>
         <value>0x0</value>
         <object_component_ref idref="oc-f"/>
      </symbol>
      <symbol id="sm-193">
         <name>__aeabi_ddiv</name>
         <value>0x1ed5</value>
         <object_component_ref idref="oc-cf"/>
      </symbol>
      <symbol id="sm-19e">
         <name>__aeabi_dmul</name>
         <value>0x2359</value>
         <object_component_ref idref="oc-ca"/>
      </symbol>
      <symbol id="sm-1a8">
         <name>__aeabi_d2uiz</name>
         <value>0x3081</value>
         <object_component_ref idref="oc-d4"/>
      </symbol>
      <symbol id="sm-1b2">
         <name>__aeabi_ui2d</name>
         <value>0x32b9</value>
         <object_component_ref idref="oc-c5"/>
      </symbol>
      <symbol id="sm-1cb">
         <name>__TI_zero_init_nomemset</name>
         <value>0x3311</value>
         <object_component_ref idref="oc-44"/>
      </symbol>
      <symbol id="sm-1e2">
         <name>__TI_decompress_none</name>
         <value>0x34b7</value>
         <object_component_ref idref="oc-18"/>
      </symbol>
      <symbol id="sm-205">
         <name>__TI_decompress_lzss</name>
         <value>0x2c93</value>
         <object_component_ref idref="oc-12"/>
      </symbol>
      <symbol id="sm-218">
         <name>__stack</name>
         <value>0x20000270</value>
         <object_component_ref idref="oc-21"/>
      </symbol>
      <symbol id="sm-219">
         <name>_c_int00_noargs</name>
         <value>0x31ad</value>
         <object_component_ref idref="oc-56"/>
      </symbol>
      <symbol id="sm-234">
         <name>memcpy</name>
         <value>0x275d</value>
         <object_component_ref idref="oc-38"/>
      </symbol>
      <symbol id="sm-235">
         <name>__aeabi_memcpy</name>
         <value>0x275d</value>
         <object_component_ref idref="oc-38"/>
      </symbol>
      <symbol id="sm-236">
         <name>__aeabi_memcpy8</name>
         <value>0x275d</value>
         <object_component_ref idref="oc-38"/>
      </symbol>
      <symbol id="sm-237">
         <name>__aeabi_memcpy4</name>
         <value>0x275d</value>
         <object_component_ref idref="oc-38"/>
      </symbol>
      <symbol id="sm-246">
         <name>__aeabi_memset</name>
         <value>0x2ac3</value>
         <object_component_ref idref="oc-8c"/>
      </symbol>
      <symbol id="sm-247">
         <name>memset</name>
         <value>0x2ac9</value>
         <object_component_ref idref="oc-8c"/>
      </symbol>
      <symbol id="sm-248">
         <name>__aeabi_memset8</name>
         <value>0x2ac3</value>
         <object_component_ref idref="oc-8c"/>
      </symbol>
      <symbol id="sm-249">
         <name>__aeabi_memset4</name>
         <value>0x2ac3</value>
         <object_component_ref idref="oc-8c"/>
      </symbol>
      <symbol id="sm-24a">
         <name>__aeabi_memclr8</name>
         <value>0x2ac1</value>
         <object_component_ref idref="oc-8c"/>
      </symbol>
      <symbol id="sm-24b">
         <name>__aeabi_memclr4</name>
         <value>0x2ac1</value>
         <object_component_ref idref="oc-8c"/>
      </symbol>
      <symbol id="sm-24c">
         <name>__aeabi_memclr</name>
         <value>0x2ac1</value>
         <object_component_ref idref="oc-8c"/>
      </symbol>
      <symbol id="sm-274">
         <name>__TI_auto_init_nobinit_nopinit</name>
         <value>0x303d</value>
         <object_component_ref idref="oc-137"/>
      </symbol>
      <symbol id="sm-27e">
         <name>_system_pre_init</name>
         <value>0x3517</value>
         <object_component_ref idref="oc-92"/>
      </symbol>
      <symbol id="sm-28a">
         <name>C$$EXIT</name>
         <value>0x351b</value>
         <object_component_ref idref="oc-12b"/>
      </symbol>
      <symbol id="sm-28b">
         <name>abort</name>
         <value>0x351b</value>
         <object_component_ref idref="oc-12b"/>
      </symbol>
      <symbol id="sm-2ea">
         <name>schdExecute</name>
         <value>0xe65</value>
         <object_component_ref idref="oc-e9"/>
      </symbol>
      <symbol id="sm-2eb">
         <name>sysTimeWaitAbsolute</name>
         <value>0xd9f</value>
         <object_component_ref idref="oc-e9"/>
      </symbol>
      <symbol id="sm-2ec">
         <name>lpInit</name>
         <value>0xfc7</value>
         <object_component_ref idref="oc-e9"/>
      </symbol>
      <symbol id="sm-2ed">
         <name>sysTimeGet</name>
         <value>0xd4f</value>
         <object_component_ref idref="oc-e9"/>
      </symbol>
      <symbol id="sm-2ee">
         <name>sysTimeReached</name>
         <value>0xd55</value>
         <object_component_ref idref="oc-e9"/>
      </symbol>
      <symbol id="sm-2ef">
         <name>waitUs</name>
         <value>0xf99</value>
         <object_component_ref idref="oc-e9"/>
      </symbol>
      <symbol id="sm-2f0">
         <name>sysTimeWait</name>
         <value>0xd7b</value>
         <object_component_ref idref="oc-e9"/>
      </symbol>
      <symbol id="sm-2f1">
         <name>schdCallback</name>
         <value>0xdeb</value>
         <object_component_ref idref="oc-e9"/>
      </symbol>
      <symbol id="sm-2f2">
         <name>waitMs</name>
         <value>0xf69</value>
         <object_component_ref idref="oc-e9"/>
      </symbol>
      <symbol id="sm-30d">
         <name>ledInit</name>
         <value>0x26e3</value>
         <object_component_ref idref="oc-1ed"/>
      </symbol>
      <symbol id="sm-30e">
         <name>ledInitForced</name>
         <value>0x26c1</value>
         <object_component_ref idref="oc-1ed"/>
      </symbol>
      <symbol id="sm-30f">
         <name>ledTurnOnOff</name>
         <value>0x26f7</value>
         <object_component_ref idref="oc-1ed"/>
      </symbol>
      <symbol id="sm-32d">
         <name>pbInitForced</name>
         <value>0x2929</value>
         <object_component_ref idref="oc-f4"/>
      </symbol>
      <symbol id="sm-32e">
         <name>pbInit</name>
         <value>0x295d</value>
         <object_component_ref idref="oc-f4"/>
      </symbol>
      <symbol id="sm-32f">
         <name>pbRead</name>
         <value>0x2971</value>
         <object_component_ref idref="oc-f4"/>
      </symbol>
      <symbol id="sm-346">
         <name>uartPutString</name>
         <value>0x25a7</value>
         <object_component_ref idref="oc-e3"/>
      </symbol>
      <symbol id="sm-347">
         <name>uprintf</name>
         <value>0x25d3</value>
         <object_component_ref idref="oc-e3"/>
      </symbol>
      <symbol id="sm-348">
         <name>uartInit</name>
         <value>0x2549</value>
         <object_component_ref idref="oc-e3"/>
      </symbol>
      <symbol id="sm-349">
         <name>uartPutChar</name>
         <value>0x2583</value>
         <object_component_ref idref="oc-e3"/>
      </symbol>
      <symbol id="sm-34a">
         <name>uartGetChar</name>
         <value>0x2595</value>
         <object_component_ref idref="oc-e3"/>
      </symbol>
      <symbol id="sm-3ac">
         <name>GPIOPinConfigure</name>
         <value>0x2f15</value>
         <object_component_ref idref="oc-192"/>
      </symbol>
      <symbol id="sm-3ad">
         <name>GPIOPinTypeGPIOInput</name>
         <value>0x33b1</value>
         <object_component_ref idref="oc-1f9"/>
      </symbol>
      <symbol id="sm-3ae">
         <name>GPIOPinTypeUART</name>
         <value>0x33dd</value>
         <object_component_ref idref="oc-198"/>
      </symbol>
      <symbol id="sm-3af">
         <name>GPIOPinTypeGPIOOutput</name>
         <value>0x3365</value>
         <object_component_ref idref="oc-232"/>
      </symbol>
      <symbol id="sm-3b0">
         <name>GPIOPinRead</name>
         <value>0x3501</value>
         <object_component_ref idref="oc-182"/>
      </symbol>
      <symbol id="sm-3b1">
         <name>GPIODirModeSet</name>
         <value>0x323f</value>
         <object_component_ref idref="oc-218"/>
      </symbol>
      <symbol id="sm-3b2">
         <name>GPIOPinWrite</name>
         <value>0x3507</value>
         <object_component_ref idref="oc-211"/>
      </symbol>
      <symbol id="sm-3b3">
         <name>GPIOPadConfigSet</name>
         <value>0x1c2d</value>
         <object_component_ref idref="oc-1ff"/>
      </symbol>
      <symbol id="sm-3b4">
         <name>GPIOPinTypeTimer</name>
         <value>0x33c7</value>
         <object_component_ref idref="oc-238"/>
      </symbol>
      <symbol id="sm-3cb">
         <name>IntRegister</name>
         <value>0x3145</value>
         <object_component_ref idref="oc-2b8"/>
      </symbol>
      <symbol id="sm-3cc">
         <name>g_pfnRAMVectors</name>
         <value>0x20000000</value>
         <object_component_ref idref="oc-368"/>
      </symbol>
      <symbol id="sm-41f">
         <name>SysCtlClockSet</name>
         <value>0x2455</value>
         <object_component_ref idref="oc-1cf"/>
      </symbol>
      <symbol id="sm-420">
         <name>SysCtlDelay</name>
         <value>0x350d</value>
         <object_component_ref idref="oc-1ce"/>
      </symbol>
      <symbol id="sm-421">
         <name>SysCtlPeripheralEnable</name>
         <value>0x3179</value>
         <object_component_ref idref="oc-18c"/>
      </symbol>
      <symbol id="sm-422">
         <name>SysCtlClockGet</name>
         <value>0x2131</value>
         <object_component_ref idref="oc-19e"/>
      </symbol>
      <symbol id="sm-44f">
         <name>SysTickEnable</name>
         <value>0x3421</value>
         <object_component_ref idref="oc-1e7"/>
      </symbol>
      <symbol id="sm-450">
         <name>SysTickIntRegister</name>
         <value>0x32d9</value>
         <object_component_ref idref="oc-1db"/>
      </symbol>
      <symbol id="sm-451">
         <name>SysTickIntEnable</name>
         <value>0x3435</value>
         <object_component_ref idref="oc-1e1"/>
      </symbol>
      <symbol id="sm-452">
         <name>SysTickPeriodSet</name>
         <value>0x3499</value>
         <object_component_ref idref="oc-1d5"/>
      </symbol>
      <symbol id="sm-48e">
         <name>TimerEnable</name>
         <value>0x34a9</value>
         <object_component_ref idref="oc-22c"/>
      </symbol>
      <symbol id="sm-48f">
         <name>TimerIntStatus</name>
         <value>0x34d1</value>
         <object_component_ref idref="oc-16b"/>
      </symbol>
      <symbol id="sm-490">
         <name>TimerValueGet</name>
         <value>0x34db</value>
         <object_component_ref idref="oc-171"/>
      </symbol>
      <symbol id="sm-491">
         <name>TimerConfigure</name>
         <value>0x2d61</value>
         <object_component_ref idref="oc-220"/>
      </symbol>
      <symbol id="sm-492">
         <name>TimerControlEvent</name>
         <value>0x33f3</value>
         <object_component_ref idref="oc-226"/>
      </symbol>
      <symbol id="sm-493">
         <name>TimerIntClear</name>
         <value>0x3513</value>
         <object_component_ref idref="oc-177"/>
      </symbol>
      <symbol id="sm-4c6">
         <name>UARTConfigSetExpClk</name>
         <value>0x2ff5</value>
         <object_component_ref idref="oc-1a4"/>
      </symbol>
      <symbol id="sm-4c7">
         <name>UARTDisable</name>
         <value>0x3299</value>
         <object_component_ref idref="oc-276"/>
      </symbol>
      <symbol id="sm-4c8">
         <name>UARTCharPut</name>
         <value>0x34ef</value>
         <object_component_ref idref="oc-1aa"/>
      </symbol>
      <symbol id="sm-4c9">
         <name>UARTEnable</name>
         <value>0x3449</value>
         <object_component_ref idref="oc-27c"/>
      </symbol>
      <symbol id="sm-4ca">
         <name>UARTCharGet</name>
         <value>0x34e5</value>
         <object_component_ref idref="oc-1b0"/>
      </symbol>
      <symbol id="sm-4fa">
         <name>vsnprintf</name>
         <value>0x30c5</value>
         <object_component_ref idref="oc-1b6"/>
      </symbol>
      <symbol id="sm-507">
         <name>__aeabi_uldivmod</name>
         <value>0x2891</value>
         <object_component_ref idref="oc-1c9"/>
      </symbol>
      <symbol id="sm-66c">
         <name>__TI_printfi</name>
         <value>0x26d</value>
         <object_component_ref idref="oc-286"/>
      </symbol>
      <symbol id="sm-676">
         <name>__aeabi_idiv0</name>
         <value>0xcbb</value>
         <object_component_ref idref="oc-2af"/>
      </symbol>
      <symbol id="sm-677">
         <name>__aeabi_ldiv0</name>
         <value>0xcbb</value>
         <object_component_ref idref="oc-2af"/>
      </symbol>
      <symbol id="sm-68e">
         <name>__aeabi_dsub</name>
         <value>0x1a75</value>
         <object_component_ref idref="oc-39c"/>
      </symbol>
      <symbol id="sm-68f">
         <name>__aeabi_dadd</name>
         <value>0x1a7f</value>
         <object_component_ref idref="oc-39c"/>
      </symbol>
      <symbol id="sm-6b1">
         <name>__aeabi_cdcmpeq</name>
         <value>0x29b5</value>
         <object_component_ref idref="oc-326"/>
      </symbol>
      <symbol id="sm-6b2">
         <name>__aeabi_cdcmple</name>
         <value>0x29b5</value>
         <object_component_ref idref="oc-326"/>
      </symbol>
      <symbol id="sm-6b3">
         <name>__aeabi_cdrcmple</name>
         <value>0x2a3b</value>
         <object_component_ref idref="oc-387"/>
      </symbol>
      <symbol id="sm-6bd">
         <name>__aeabi_d2iz</name>
         <value>0x2fad</value>
         <object_component_ref idref="oc-38c"/>
      </symbol>
      <symbol id="sm-6c7">
         <name>__aeabi_i2d</name>
         <value>0x3211</value>
         <object_component_ref idref="oc-397"/>
      </symbol>
      <symbol id="sm-6dd">
         <name>atoi</name>
         <value>0x2f61</value>
         <object_component_ref idref="oc-31a"/>
      </symbol>
      <symbol id="sm-6e8">
         <name>_ctypes_</name>
         <value>0x3520</value>
         <object_component_ref idref="oc-380"/>
      </symbol>
      <symbol id="sm-6f7">
         <name>ltoa</name>
         <value>0x2e17</value>
         <object_component_ref idref="oc-391"/>
      </symbol>
      <symbol id="sm-707">
         <name>memccpy</name>
         <value>0x332d</value>
         <object_component_ref idref="oc-343"/>
      </symbol>
      <symbol id="sm-717">
         <name>strchr</name>
         <value>0x3409</value>
         <object_component_ref idref="oc-3c8"/>
      </symbol>
      <symbol id="sm-725">
         <name>strlen</name>
         <value>0x3471</value>
         <object_component_ref idref="oc-314"/>
      </symbol>
      <symbol id="sm-73b">
         <name>__aeabi_errno_addr</name>
         <value>0x34f9</value>
         <object_component_ref idref="oc-34f"/>
      </symbol>
      <symbol id="sm-73c">
         <name>errno</name>
         <value>0x200005a8</value>
         <object_component_ref idref="oc-3d8"/>
      </symbol>
      <symbol id="sm-755">
         <name>wcslen</name>
         <value>0x3485</value>
         <object_component_ref idref="oc-349"/>
      </symbol>
      <symbol id="sm-775">
         <name>frexpl</name>
         <value>0x2cfd</value>
         <object_component_ref idref="oc-3bc"/>
      </symbol>
      <symbol id="sm-776">
         <name>frexp</name>
         <value>0x2cfd</value>
         <object_component_ref idref="oc-3bc"/>
      </symbol>
      <symbol id="sm-793">
         <name>scalbn</name>
         <value>0x2249</value>
         <object_component_ref idref="oc-3c2"/>
      </symbol>
      <symbol id="sm-794">
         <name>scalbnl</name>
         <value>0x2249</value>
         <object_component_ref idref="oc-3c2"/>
      </symbol>
      <symbol id="sm-795">
         <name>ldexpl</name>
         <value>0x2249</value>
         <object_component_ref idref="oc-3c2"/>
      </symbol>
      <symbol id="sm-796">
         <name>ldexp</name>
         <value>0x2249</value>
         <object_component_ref idref="oc-3c2"/>
      </symbol>
      <symbol id="sm-7a0">
         <name>copysign</name>
         <value>0x337f</value>
         <object_component_ref idref="oc-405"/>
      </symbol>
      <symbol id="sm-7a1">
         <name>copysignl</name>
         <value>0x337f</value>
         <object_component_ref idref="oc-405"/>
      </symbol>
      <symbol id="sm-7a2">
         <name>__TI_static_base__</name>
         <value>0x0</value>
      </symbol>
      <symbol id="sm-7a5">
         <name>__mpu_init</name>
         <value>0x0</value>
      </symbol>
      <symbol id="sm-7a6">
         <name>_system_post_cinit</name>
         <value>0x0</value>
      </symbol>
   </symbol_table>
   <title>Link successful</title>
</link_info>
