******************************************************************************
                  TI ARM Linker PC v18.12.4                    
******************************************************************************
>> Linked Tue Dec  1 18:21:17 2020

OUTPUT FILE NAME:   <Clocked Out.out>
ENTRY POINT SYMBOL: "_c_int00_noargs"  address: 000031ad


MEMORY CONFIGURATION

         name            origin    length      used     unused   attr    fill
----------------------  --------  ---------  --------  --------  ----  --------
  FLASH                 00000000   00040000  00003783  0003c87d  R  X
  SRAM                  20000000   00008000  000005a8  00007a58  RW X


SEGMENT ALLOCATION MAP

run origin  load origin   length   init length attrs members
----------  ----------- ---------- ----------- ----- -------
00000000    00000000    00003788   00003788    r-x
  00000000    00000000    0000026c   0000026c    r-- .intvecs
  0000026c    0000026c    000032b2   000032b2    r-x .text
  00003520    00003520    00000205   00000205    r-- .const
  00003728    00003728    00000060   00000060    r-- .cinit
20000000    20000000    000005ac   00000000    rw-
  20000000    20000000    0000026c   00000000    rw- .vtable
  20000270    20000270    00000200   00000000    rw- .stack
  20000470    20000470    00000108   00000000    rw- .bss
  20000578    20000578    00000034   00000000    rw- .data


SECTION ALLOCATION MAP

 output                                  attributes/
section   page    origin      length       input sections
--------  ----  ----------  ----------   ----------------
.intvecs   0    00000000    0000026c     
                  00000000    0000026c     tm4c123gh6pm_startup_ccs.obj (.intvecs)

.text      0    0000026c    000032b2     
                  0000026c    00000a4e     rtsv7M4_T_le_v4SPD16_eabi.lib : _printfi.c.obj (.text:__TI_printfi)
                  00000cba    00000002                                   : div0.asm.obj (.text)
                  00000cbc    000003d0     Util.lib : launchpad.obj (.text)
                  0000108c    000003ac     main.obj (.text)
                  00001438    00000270     rtsv7M4_T_le_v4SPD16_eabi.lib : _printfi.c.obj (.text:_pconv_a)
                  000016a8    000001fc     seg7.obj (.text)
                  000018a4    000001d0     rtsv7M4_T_le_v4SPD16_eabi.lib : _printfi.c.obj (.text:_pconv_g)
                  00001a74    000001b6                                   : fd_add_t2.asm.obj (.text)
                  00001c2a    00000002     --HOLE-- [fill = 0]
                  00001c2c    0000016c     driverlib.lib : gpio.obj (.text:GPIOPadConfigSet)
                  00001d98    0000013c     rtsv7M4_T_le_v4SPD16_eabi.lib : _printfi.c.obj (.text:_pconv_e)
                  00001ed4    00000136                                   : fd_div_t2.asm.obj (.text)
                  0000200a    00000002     --HOLE-- [fill = 0]
                  0000200c    00000124                                   : _printfi.c.obj (.text:fcvt)
                  00002130    00000118     driverlib.lib : sysctl.obj (.text:SysCtlClockGet)
                  00002248    00000110     rtsv7M4_T_le_v4SPD16_eabi.lib : s_scalbn.c.obj (.text:scalbn)
                  00002358    000000fc                                   : fd_mul_t2.asm.obj (.text)
                  00002454    000000f4     driverlib.lib : sysctl.obj (.text:SysCtlClockSet)
                  00002548    000000c4     Util.lib : uart.obj (.text)
                  0000260c    000000b1     rtsv7M4_T_le_v4SPD16_eabi.lib : _printfi.c.obj (.text:_ltostr)
                  000026bd    00000003     --HOLE-- [fill = 0]
                  000026c0    0000009c     Util.lib : led.obj (.text)
                  0000275c    0000009c     rtsv7M4_T_le_v4SPD16_eabi.lib : memcpy_t2.asm.obj (.text)
                  000027f8    00000098     ranger.obj (.text)
                  00002890    00000096     rtsv7M4_T_le_v4SPD16_eabi.lib : ull_div_t2.asm.obj (.text)
                  00002926    00000002     --HOLE-- [fill = 0]
                  00002928    0000008c     Util.lib : pushbutton.obj (.text)
                  000029b4    00000086     rtsv7M4_T_le_v4SPD16_eabi.lib : fd_cmp_t2.asm.obj (.text:__aeabi_cdcmple)
                  00002a3a    00000086                                   : fd_cmp_t2.asm.obj (.text:__aeabi_cdrcmple)
                  00002ac0    0000007a                                   : memset_t2.asm.obj (.text)
                  00002b3a    00000078     sw_increment.obj (.text)
                  00002bb2    00000002     --HOLE-- [fill = 0]
                  00002bb4    00000070     ranger_asm.obj (.text)
                  00002c24    0000006e     rtsv7M4_T_le_v4SPD16_eabi.lib : _printfi.c.obj (.text:_mcpy)
                  00002c92    00000068                                   : copy_decompress_lzss.c.obj (.text:decompress:lzss:__TI_decompress_lzss)
                  00002cfa    00000002     --HOLE-- [fill = 0]
                  00002cfc    00000064                                   : s_frexp.c.obj (.text:frexp)
                  00002d60    00000060     driverlib.lib : timer.obj (.text:TimerConfigure)
                  00002dc0    00000056     rtsv7M4_T_le_v4SPD16_eabi.lib : _printfi.c.obj (.text:_pconv_f)
                  00002e16    00000054                                   : ltoa.c.obj (.text:ltoa)
                  00002e6a    00000002     --HOLE-- [fill = 0]
                  00002e6c    00000054     sig7digit.obj (.text)
                  00002ec0    00000052     rtsv7M4_T_le_v4SPD16_eabi.lib : _printfi.c.obj (.text:_ecpy)
                  00002f12    00000002     --HOLE-- [fill = 0]
                  00002f14    0000004c     driverlib.lib : gpio.obj (.text:GPIOPinConfigure)
                  00002f60    0000004c     rtsv7M4_T_le_v4SPD16_eabi.lib : atoi.c.obj (.text:atoi)
                  00002fac    00000048                                   : fd_toi_t2.asm.obj (.text)
                  00002ff4    00000046     driverlib.lib : uart.obj (.text:UARTConfigSetExpClk)
                  0000303a    00000002     --HOLE-- [fill = 0]
                  0000303c    00000044     rtsv7M4_T_le_v4SPD16_eabi.lib : autoinit.c.obj (.text:__TI_auto_init_nobinit_nopinit:__TI_auto_init_nobinit_nopinit)
                  00003080    00000044                                   : fd_tou_t2.asm.obj (.text)
                  000030c4    00000040                                   : vsnprintf.c.obj (.text:vsnprintf)
                  00003104    0000003e                                   : _printfi.c.obj (.text:_fcpy)
                  00003142    00000002     --HOLE-- [fill = 0]
                  00003144    00000034     driverlib.lib : interrupt.obj (.text:IntRegister)
                  00003178    00000034                   : sysctl.obj (.text:SysCtlPeripheralEnable)
                  000031ac    00000034     rtsv7M4_T_le_v4SPD16_eabi.lib : boot_cortex_m.c.obj (.text:_c_int00_noargs:_c_int00_noargs)
                  000031e0    00000030                                   : vsnprintf.c.obj (.text:_outs)
                  00003210    0000002e                                   : i_tofd_t2.asm.obj (.text)
                  0000323e    0000002c     driverlib.lib : gpio.obj (.text:GPIODirModeSet)
                  0000326a    00000002     --HOLE-- [fill = 0]
                  0000326c    0000002c     buzzer_asm.obj (.text)
                  00003298    00000020     driverlib.lib : uart.obj (.text:UARTDisable)
                  000032b8    00000020     rtsv7M4_T_le_v4SPD16_eabi.lib : u_tofd_t2.asm.obj (.text)
                  000032d8    0000001c     driverlib.lib : systick.obj (.text:SysTickIntRegister)
                  000032f4    0000001c     buzzer.obj (.text)
                  00003310    0000001c     rtsv7M4_T_le_v4SPD16_eabi.lib : copy_zero_init.c.obj (.text:decompress:ZI:__TI_zero_init_nomemset:__TI_zero_init_nomemset)
                  0000332c    0000001c                                   : memccpy.c.obj (.text:memccpy)
                  00003348    0000001c     motion.obj (.text)
                  00003364    0000001a     driverlib.lib : gpio.obj (.text:GPIOPinTypeGPIOOutput)
                  0000337e    0000001a     rtsv7M4_T_le_v4SPD16_eabi.lib : s_copysign.c.obj (.text:copysign)
                  00003398    00000018                                   : vsnprintf.c.obj (.text:_outc)
                  000033b0    00000016     driverlib.lib : gpio.obj (.text:GPIOPinTypeGPIOInput)
                  000033c6    00000016                   : gpio.obj (.text:GPIOPinTypeTimer)
                  000033dc    00000016                   : gpio.obj (.text:GPIOPinTypeUART)
                  000033f2    00000016                   : timer.obj (.text:TimerControlEvent)
                  00003408    00000016     rtsv7M4_T_le_v4SPD16_eabi.lib : strchr.c.obj (.text:strchr)
                  0000341e    00000002     --HOLE-- [fill = 0]
                  00003420    00000014     driverlib.lib : systick.obj (.text:SysTickEnable)
                  00003434    00000014                   : systick.obj (.text:SysTickIntEnable)
                  00003448    00000014                   : uart.obj (.text:UARTEnable)
                  0000345c    00000014     motion_asm.obj (.text)
                  00003470    00000014     rtsv7M4_T_le_v4SPD16_eabi.lib : strlen.c.obj (.text:strlen)
                  00003484    00000012                                   : wcslen.c.obj (.text:wcslen)
                  00003496    00000002     --HOLE-- [fill = 0]
                  00003498    00000010     driverlib.lib : systick.obj (.text:SysTickPeriodSet)
                  000034a8    0000000e                   : timer.obj (.text:TimerEnable)
                  000034b6    0000000e     rtsv7M4_T_le_v4SPD16_eabi.lib : copy_decompress_none.c.obj (.text:decompress:none:__TI_decompress_none)
                  000034c4    0000000c     tm4c123gh6pm_startup_ccs.obj (.text)
                  000034d0    0000000a     driverlib.lib : timer.obj (.text:TimerIntStatus)
                  000034da    0000000a                   : timer.obj (.text:TimerValueGet)
                  000034e4    0000000a                   : uart.obj (.text:UARTCharGet)
                  000034ee    0000000a                   : uart.obj (.text:UARTCharPut)
                  000034f8    00000008     rtsv7M4_T_le_v4SPD16_eabi.lib : errno.c.obj (.text:__aeabi_errno_addr)
                  00003500    00000006     driverlib.lib : gpio.obj (.text:GPIOPinRead)
                  00003506    00000006                   : gpio.obj (.text:GPIOPinWrite)
                  0000350c    00000006                   : sysctl.obj (.text:SysCtlDelay)
                  00003512    00000004                   : timer.obj (.text:TimerIntClear)
                  00003516    00000004     rtsv7M4_T_le_v4SPD16_eabi.lib : pre_init.c.obj (.text:_system_pre_init)
                  0000351a    00000004                                   : exit.c.obj (.text:abort:abort)

.const     0    00003520    00000205     
                  00003520    00000101     rtsv7M4_T_le_v4SPD16_eabi.lib : ctype.c.obj (.const:.string:_ctypes_)
                  00003621    00000003     --HOLE-- [fill = 0]
                  00003624    00000090     driverlib.lib : gpio.obj (.const:g_pui32GPIOBaseAddrs)
                  000036b4    0000006c                   : sysctl.obj (.const:g_pui32Xtals)
                  00003720    00000005     main.obj (.const:$P$T0$2)

.cinit     0    00003728    00000060     
                  00003728    00000029     (.cinit..data.load) [load image, compression = lzss]
                  00003751    00000003     --HOLE-- [fill = 0]
                  00003754    0000000c     (__TI_handler_table)
                  00003760    00000008     (.cinit..bss.load) [load image, compression = zero_init]
                  00003768    00000008     (.cinit..vtable.load) [load image, compression = zero_init]
                  00003770    00000018     (__TI_cinit_table)

.init_array 
*          0    00000000    00000000     UNINITIALIZED

.vtable    0    20000000    0000026c     UNINITIALIZED
                  20000000    0000026c     driverlib.lib : interrupt.obj (.vtable)

.bss       0    20000470    00000108     UNINITIALIZED
                  20000470    00000100     Util.lib : launchpad.obj (.bss:callbackHeap)
                  20000570    00000004              : launchpad.obj (.bss)
                  20000574    00000004     sig7digit.obj (.bss)

.data      0    20000578    00000034     UNINITIALIZED
                  20000578    00000016     main.obj (.data)
                  2000058e    0000000a     sig7digit.obj (.data)
                  20000598    00000008     Util.lib : launchpad.obj (.data)
                  200005a0    00000005     main.obj (.data:seg7Display)
                  200005a5    00000001     Util.lib : led.obj (.data)
                  200005a6    00000001              : pushbutton.obj (.data)
                  200005a7    00000001     --HOLE--
                  200005a8    00000004     rtsv7M4_T_le_v4SPD16_eabi.lib : errno.c.obj (.data)

.stack     0    20000270    00000200     UNINITIALIZED
                  20000270    00000004     rtsv7M4_T_le_v4SPD16_eabi.lib : boot_cortex_m.c.obj (.stack)
                  20000274    000001fc     --HOLE--

MODULE SUMMARY

       Module                         code    ro data   rw data
       ------                         ----    -------   -------
    .\
       main.obj                       940     5         27     
       tm4c123gh6pm_startup_ccs.obj   12      620       0      
       seg7.obj                       508     0         0      
       ranger.obj                     152     0         0      
       sw_increment.obj               120     0         0      
       ranger_asm.obj                 112     0         0      
       sig7digit.obj                  84      0         14     
       buzzer_asm.obj                 44      0         0      
       buzzer.obj                     28      0         0      
       motion.obj                     28      0         0      
       motion_asm.obj                 20      0         0      
    +--+------------------------------+-------+---------+---------+
       Total:                         2048    625       41     
                                                               
    C:/ti/TivaWare_C_Series-2.2.0.295/driverlib/ccs/Debug/driverlib.lib
       gpio.obj                       588     144       0      
       sysctl.obj                     582     108       0      
       interrupt.obj                  52      0         620    
       timer.obj                      156     0         0      
       uart.obj                       142     0         0      
       systick.obj                    84      0         0      
    +--+------------------------------+-------+---------+---------+
       Total:                         1604    252       620    
                                                               
    C:\ti\ccs930\ccs\tools\compiler\ti-cgt-arm_18.12.4.LTS\lib\rtsv7M4_T_le_v4SPD16_eabi.lib
       _printfi.c.obj                 4851    0         0      
       fd_add_t2.asm.obj              438     0         0      
       fd_div_t2.asm.obj              310     0         0      
       s_scalbn.c.obj                 272     0         0      
       fd_cmp_t2.asm.obj              268     0         0      
       ctype.c.obj                    0       257       0      
       fd_mul_t2.asm.obj              252     0         0      
       memcpy_t2.asm.obj              156     0         0      
       ull_div_t2.asm.obj             150     0         0      
       vsnprintf.c.obj                136     0         0      
       memset_t2.asm.obj              122     0         0      
       copy_decompress_lzss.c.obj     104     0         0      
       s_frexp.c.obj                  100     0         0      
       ltoa.c.obj                     84      0         0      
       atoi.c.obj                     76      0         0      
       fd_toi_t2.asm.obj              72      0         0      
       autoinit.c.obj                 68      0         0      
       fd_tou_t2.asm.obj              68      0         0      
       boot_cortex_m.c.obj            52      0         0      
       i_tofd_t2.asm.obj              46      0         0      
       u_tofd_t2.asm.obj              32      0         0      
       copy_zero_init.c.obj           28      0         0      
       memccpy.c.obj                  28      0         0      
       s_copysign.c.obj               26      0         0      
       strchr.c.obj                   22      0         0      
       strlen.c.obj                   20      0         0      
       wcslen.c.obj                   18      0         0      
       copy_decompress_none.c.obj     14      0         0      
       errno.c.obj                    8       0         4      
       exit.c.obj                     4       0         0      
       pre_init.c.obj                 4       0         0      
       div0.asm.obj                   2       0         0      
    +--+------------------------------+-------+---------+---------+
       Total:                         7831    257       4      
                                                               
    D:/Git Repos/LabGroupA1/Util/Debug/Util.lib
       launchpad.obj                  976     0         268    
       uart.obj                       196     0         0      
       led.obj                        156     0         1      
       pushbutton.obj                 140     0         1      
    +--+------------------------------+-------+---------+---------+
       Total:                         1468    0         270    
                                                               
       Stack:                         0       0         512    
       Linker Generated:              0       93        0      
    +--+------------------------------+-------+---------+---------+
       Grand Total:                   12951   1227      1447   


LINKER GENERATED COPY TABLES

__TI_cinit_table @ 00003770 records: 3, size/record: 8, table size: 24
	.data: load addr=00003728, load size=00000029 bytes, run addr=20000578, run size=00000034 bytes, compression=lzss
	.bss: load addr=00003760, load size=00000008 bytes, run addr=20000470, run size=00000108 bytes, compression=zero_init
	.vtable: load addr=00003768, load size=00000008 bytes, run addr=20000000, run size=0000026c bytes, compression=zero_init


LINKER GENERATED HANDLER TABLE

__TI_handler_table @ 00003754 records: 3, size/record: 4, table size: 12
	index: 0, handler: __TI_zero_init
	index: 1, handler: __TI_decompress_lzss
	index: 2, handler: __TI_decompress_none


GLOBAL SYMBOLS: SORTED ALPHABETICALLY BY Name 

address   name                          
-------   ----                          
0000351b  C$$EXIT                       
0000323f  GPIODirModeSet                
00001c2d  GPIOPadConfigSet              
00002f15  GPIOPinConfigure              
00003501  GPIOPinRead                   
000033b1  GPIOPinTypeGPIOInput          
00003365  GPIOPinTypeGPIOOutput         
000033c7  GPIOPinTypeTimer              
000033dd  GPIOPinTypeUART               
00003507  GPIOPinWrite                  
00003145  IntRegister                   
000034c5  ResetISR                      
00002131  SysCtlClockGet                
00002455  SysCtlClockSet                
0000350d  SysCtlDelay                   
00003179  SysCtlPeripheralEnable        
00003421  SysTickEnable                 
00003435  SysTickIntEnable              
000032d9  SysTickIntRegister            
00003499  SysTickPeriodSet              
00002d61  TimerConfigure                
000033f3  TimerControlEvent             
000034a9  TimerEnable                   
00003513  TimerIntClear                 
000034d1  TimerIntStatus                
000034db  TimerValueGet                 
000034e5  UARTCharGet                   
000034ef  UARTCharPut                   
00002ff5  UARTConfigSetExpClk           
00003299  UARTDisable                   
00003449  UARTEnable                    
20000470  __STACK_END                   
00000200  __STACK_SIZE                  
20000470  __STACK_TOP                   
00003770  __TI_CINIT_Base               
00003788  __TI_CINIT_Limit              
00003754  __TI_Handler_Table_Base       
00003760  __TI_Handler_Table_Limit      
0000303d  __TI_auto_init_nobinit_nopinit
00002c93  __TI_decompress_lzss          
000034b7  __TI_decompress_none          
ffffffff  __TI_pprof_out_hndl           
0000026d  __TI_printfi                  
ffffffff  __TI_prof_data_size           
ffffffff  __TI_prof_data_start          
00000000  __TI_static_base__            
00003311  __TI_zero_init_nomemset       
000029b5  __aeabi_cdcmpeq               
000029b5  __aeabi_cdcmple               
00002a3b  __aeabi_cdrcmple              
00002fad  __aeabi_d2iz                  
00003081  __aeabi_d2uiz                 
00001a7f  __aeabi_dadd                  
00001ed5  __aeabi_ddiv                  
00002359  __aeabi_dmul                  
00001a75  __aeabi_dsub                  
000034f9  __aeabi_errno_addr            
00003211  __aeabi_i2d                   
00000cbb  __aeabi_idiv0                 
00000cbb  __aeabi_ldiv0                 
00002ac1  __aeabi_memclr                
00002ac1  __aeabi_memclr4               
00002ac1  __aeabi_memclr8               
0000275d  __aeabi_memcpy                
0000275d  __aeabi_memcpy4               
0000275d  __aeabi_memcpy8               
00002ac3  __aeabi_memset                
00002ac3  __aeabi_memset4               
00002ac3  __aeabi_memset8               
000032b9  __aeabi_ui2d                  
00002891  __aeabi_uldivmod              
ffffffff  __binit__                     
ffffffff  __c_args__                    
UNDEFED   __mpu_init                    
20000270  __stack                       
000031ad  _c_int00_noargs               
00003520  _ctypes_                      
UNDEFED   _system_post_cinit            
00003517  _system_pre_init              
0000351b  abort                         
20000579  alarmState                    
00002f61  atoi                          
ffffffff  binit                         
000032f5  buzzerInit                    
00003285  buzzerOff                     
00003271  buzzerOn                      
00001301  callbackBuzzerPlay            
0000126b  checkPushButton               
0000108d  chkPerson                     
0000337f  copysign                      
0000337f  copysignl                     
2000057a  display_s                     
200005a8  errno                         
00002cfd  frexp                         
00002cfd  frexpl                        
20000000  g_pfnRAMVectors               
00000000  g_pfnVectors                  
00002249  ldexp                         
00002249  ldexpl                        
000026e3  ledInit                       
000026c1  ledInitForced                 
000026f7  ledTurnOnOff                  
00000fc7  lpInit                        
00002e17  ltoa                          
00001369  main                          
0000332d  memccpy                       
0000275d  memcpy                        
00002ac9  memset                        
00003349  motionInit                    
00003461  motionSensor                  
0000295d  pbInit                        
00002929  pbInitForced                  
00002971  pbRead                        
2000057c  personState                   
00002829  rangerDetect                  
00002bc1  rangerDetect2                 
000027f9  rangerInit                    
00002249  scalbn                        
00002249  scalbnl                       
00000deb  schdCallback                  
00000e65  schdExecute                   
20000584  seated                        
20000580  sec                           
00002e75  seg7DigitUpdate               
200005a0  seg7Display                   
000016a9  seg7Init                      
00001835  seg7Update                    
2000057b  set_mode                      
00001213  stopWatchUpdate               
00003409  strchr                        
00003471  strlen                        
20000578  sysState                      
00000d4f  sysTimeGet                    
00000d55  sysTimeReached                
00000d7b  sysTimeWait                   
00000d9f  sysTimeWaitAbsolute           
00002b3b  timeIncrement                 
00002595  uartGetChar                   
00002549  uartInit                      
00002583  uartPutChar                   
000025a7  uartPutString                 
000025d3  uprintf                       
000030c5  vsnprintf                     
00000f69  waitMs                        
00000f99  waitUs                        
00003485  wcslen                        


GLOBAL SYMBOLS: SORTED BY Symbol Address 

address   name                          
-------   ----                          
00000000  __TI_static_base__            
00000000  g_pfnVectors                  
00000200  __STACK_SIZE                  
0000026d  __TI_printfi                  
00000cbb  __aeabi_idiv0                 
00000cbb  __aeabi_ldiv0                 
00000d4f  sysTimeGet                    
00000d55  sysTimeReached                
00000d7b  sysTimeWait                   
00000d9f  sysTimeWaitAbsolute           
00000deb  schdCallback                  
00000e65  schdExecute                   
00000f69  waitMs                        
00000f99  waitUs                        
00000fc7  lpInit                        
0000108d  chkPerson                     
00001213  stopWatchUpdate               
0000126b  checkPushButton               
00001301  callbackBuzzerPlay            
00001369  main                          
000016a9  seg7Init                      
00001835  seg7Update                    
00001a75  __aeabi_dsub                  
00001a7f  __aeabi_dadd                  
00001c2d  GPIOPadConfigSet              
00001ed5  __aeabi_ddiv                  
00002131  SysCtlClockGet                
00002249  ldexp                         
00002249  ldexpl                        
00002249  scalbn                        
00002249  scalbnl                       
00002359  __aeabi_dmul                  
00002455  SysCtlClockSet                
00002549  uartInit                      
00002583  uartPutChar                   
00002595  uartGetChar                   
000025a7  uartPutString                 
000025d3  uprintf                       
000026c1  ledInitForced                 
000026e3  ledInit                       
000026f7  ledTurnOnOff                  
0000275d  __aeabi_memcpy                
0000275d  __aeabi_memcpy4               
0000275d  __aeabi_memcpy8               
0000275d  memcpy                        
000027f9  rangerInit                    
00002829  rangerDetect                  
00002891  __aeabi_uldivmod              
00002929  pbInitForced                  
0000295d  pbInit                        
00002971  pbRead                        
000029b5  __aeabi_cdcmpeq               
000029b5  __aeabi_cdcmple               
00002a3b  __aeabi_cdrcmple              
00002ac1  __aeabi_memclr                
00002ac1  __aeabi_memclr4               
00002ac1  __aeabi_memclr8               
00002ac3  __aeabi_memset                
00002ac3  __aeabi_memset4               
00002ac3  __aeabi_memset8               
00002ac9  memset                        
00002b3b  timeIncrement                 
00002bc1  rangerDetect2                 
00002c93  __TI_decompress_lzss          
00002cfd  frexp                         
00002cfd  frexpl                        
00002d61  TimerConfigure                
00002e17  ltoa                          
00002e75  seg7DigitUpdate               
00002f15  GPIOPinConfigure              
00002f61  atoi                          
00002fad  __aeabi_d2iz                  
00002ff5  UARTConfigSetExpClk           
0000303d  __TI_auto_init_nobinit_nopinit
00003081  __aeabi_d2uiz                 
000030c5  vsnprintf                     
00003145  IntRegister                   
00003179  SysCtlPeripheralEnable        
000031ad  _c_int00_noargs               
00003211  __aeabi_i2d                   
0000323f  GPIODirModeSet                
00003271  buzzerOn                      
00003285  buzzerOff                     
00003299  UARTDisable                   
000032b9  __aeabi_ui2d                  
000032d9  SysTickIntRegister            
000032f5  buzzerInit                    
00003311  __TI_zero_init_nomemset       
0000332d  memccpy                       
00003349  motionInit                    
00003365  GPIOPinTypeGPIOOutput         
0000337f  copysign                      
0000337f  copysignl                     
000033b1  GPIOPinTypeGPIOInput          
000033c7  GPIOPinTypeTimer              
000033dd  GPIOPinTypeUART               
000033f3  TimerControlEvent             
00003409  strchr                        
00003421  SysTickEnable                 
00003435  SysTickIntEnable              
00003449  UARTEnable                    
00003461  motionSensor                  
00003471  strlen                        
00003485  wcslen                        
00003499  SysTickPeriodSet              
000034a9  TimerEnable                   
000034b7  __TI_decompress_none          
000034c5  ResetISR                      
000034d1  TimerIntStatus                
000034db  TimerValueGet                 
000034e5  UARTCharGet                   
000034ef  UARTCharPut                   
000034f9  __aeabi_errno_addr            
00003501  GPIOPinRead                   
00003507  GPIOPinWrite                  
0000350d  SysCtlDelay                   
00003513  TimerIntClear                 
00003517  _system_pre_init              
0000351b  C$$EXIT                       
0000351b  abort                         
00003520  _ctypes_                      
00003754  __TI_Handler_Table_Base       
00003760  __TI_Handler_Table_Limit      
00003770  __TI_CINIT_Base               
00003788  __TI_CINIT_Limit              
20000000  g_pfnRAMVectors               
20000270  __stack                       
20000470  __STACK_END                   
20000470  __STACK_TOP                   
20000578  sysState                      
20000579  alarmState                    
2000057a  display_s                     
2000057b  set_mode                      
2000057c  personState                   
20000580  sec                           
20000584  seated                        
200005a0  seg7Display                   
200005a8  errno                         
ffffffff  __TI_pprof_out_hndl           
ffffffff  __TI_prof_data_size           
ffffffff  __TI_prof_data_start          
ffffffff  __binit__                     
ffffffff  __c_args__                    
ffffffff  binit                         
UNDEFED   __mpu_init                    
UNDEFED   _system_post_cinit            

[146 symbols]
