******************************************************************************
                  TI ARM Linker PC v18.12.4                    
******************************************************************************
>> Linked Tue Dec  1 20:28:14 2020

OUTPUT FILE NAME:   <Clocked Out.out>
ENTRY POINT SYMBOL: "_c_int00_noargs"  address: 00003db1


MEMORY CONFIGURATION

         name            origin    length      used     unused   attr    fill
----------------------  --------  ---------  --------  --------  ----  --------
  FLASH                 00000000   00040000  000043c6  0003bc3a  R  X
  SRAM                  20000000   00008000  000005bc  00007a44  RW X


SEGMENT ALLOCATION MAP

run origin  load origin   length   init length attrs members
----------  ----------- ---------- ----------- ----- -------
00000000    00000000    000043c8   000043c8    r-x
  00000000    00000000    0000026c   0000026c    r-- .intvecs
  0000026c    0000026c    00003eca   00003eca    r-x .text
  00004138    00004138    00000228   00000228    r-- .const
  00004360    00004360    00000068   00000068    r-- .cinit
20000000    20000000    000005c0   00000000    rw-
  20000000    20000000    0000026c   00000000    rw- .vtable
  20000270    20000270    00000200   00000000    rw- .stack
  20000470    20000470    00000110   00000000    rw- .bss
  20000580    20000580    00000040   00000000    rw- .data


SECTION ALLOCATION MAP

 output                                  attributes/
section   page    origin      length       input sections
--------  ----  ----------  ----------   ----------------
.intvecs   0    00000000    0000026c     
                  00000000    0000026c     tm4c123gh6pm_startup_ccs.obj (.intvecs)

.text      0    0000026c    00003eca     
                  0000026c    00000a4e     rtsv7M4_T_le_v4SPD16_eabi.lib : _printfi.c.obj (.text:__TI_printfi)
                  00000cba    00000002     driverlib.lib : interrupt.obj (.text:_IntDefaultHandler)
                  00000cbc    000008bc     ras.obj (.text)
                  00001578    00000568     main.obj (.text)
                  00001ae0    000003d0     Util.lib : launchpad.obj (.text)
                  00001eb0    00000270     rtsv7M4_T_le_v4SPD16_eabi.lib : _printfi.c.obj (.text:_pconv_a)
                  00002120    000001fc     seg7.obj (.text)
                  0000231c    000001d0     rtsv7M4_T_le_v4SPD16_eabi.lib : _printfi.c.obj (.text:_pconv_g)
                  000024ec    000001b6                                   : fd_add_t2.asm.obj (.text)
                  000026a2    00000002                                   : div0.asm.obj (.text)
                  000026a4    0000016c     driverlib.lib : gpio.obj (.text:GPIOPadConfigSet)
                  00002810    0000013c     rtsv7M4_T_le_v4SPD16_eabi.lib : _printfi.c.obj (.text:_pconv_e)
                  0000294c    00000136                                   : fd_div_t2.asm.obj (.text)
                  00002a82    00000002     --HOLE-- [fill = 0]
                  00002a84    00000124                                   : _printfi.c.obj (.text:fcvt)
                  00002ba8    00000118     driverlib.lib : sysctl.obj (.text:SysCtlClockGet)
                  00002cc0    00000110     rtsv7M4_T_le_v4SPD16_eabi.lib : s_scalbn.c.obj (.text:scalbn)
                  00002dd0    000000fc                                   : fd_mul_t2.asm.obj (.text)
                  00002ecc    000000f4     driverlib.lib : sysctl.obj (.text:SysCtlClockSet)
                  00002fc0    000000c4     Util.lib : uart.obj (.text)
                  00003084    000000b1     rtsv7M4_T_le_v4SPD16_eabi.lib : _printfi.c.obj (.text:_ltostr)
                  00003135    00000003     --HOLE-- [fill = 0]
                  00003138    0000009c     Util.lib : led.obj (.text)
                  000031d4    0000009c     rtsv7M4_T_le_v4SPD16_eabi.lib : memcpy_t2.asm.obj (.text)
                  00003270    00000098     ranger.obj (.text)
                  00003308    00000096     rtsv7M4_T_le_v4SPD16_eabi.lib : ull_div_t2.asm.obj (.text)
                  0000339e    00000002     --HOLE-- [fill = 0]
                  000033a0    0000008c     Util.lib : pushbutton.obj (.text)
                  0000342c    00000086     rtsv7M4_T_le_v4SPD16_eabi.lib : fd_cmp_t2.asm.obj (.text:__aeabi_cdcmple)
                  000034b2    00000086                                   : fd_cmp_t2.asm.obj (.text:__aeabi_cdrcmple)
                  00003538    00000086     ras_asm.obj (.text)
                  000035be    0000007a     rtsv7M4_T_le_v4SPD16_eabi.lib : memset_t2.asm.obj (.text)
                  00003638    00000078     sw_increment.obj (.text)
                  000036b0    00000070     ranger_asm.obj (.text)
                  00003720    0000006e     rtsv7M4_T_le_v4SPD16_eabi.lib : _printfi.c.obj (.text:_mcpy)
                  0000378e    00000002     --HOLE-- [fill = 0]
                  00003790    00000068     driverlib.lib : interrupt.obj (.text:IntDisable)
                  000037f8    00000068                   : interrupt.obj (.text:IntEnable)
                  00003860    00000068     rtsv7M4_T_le_v4SPD16_eabi.lib : copy_decompress_lzss.c.obj (.text:decompress:lzss:__TI_decompress_lzss)
                  000038c8    00000064                                   : s_frexp.c.obj (.text:frexp)
                  0000392c    00000060     driverlib.lib : timer.obj (.text:TimerConfigure)
                  0000398c    00000056     rtsv7M4_T_le_v4SPD16_eabi.lib : _printfi.c.obj (.text:_pconv_f)
                  000039e2    00000054                                   : ltoa.c.obj (.text:ltoa)
                  00003a36    00000002     --HOLE-- [fill = 0]
                  00003a38    00000054     sig7digit.obj (.text)
                  00003a8c    00000052     rtsv7M4_T_le_v4SPD16_eabi.lib : _printfi.c.obj (.text:_ecpy)
                  00003ade    00000002     --HOLE-- [fill = 0]
                  00003ae0    0000004c     driverlib.lib : gpio.obj (.text:GPIOPinConfigure)
                  00003b2c    0000004c     rtsv7M4_T_le_v4SPD16_eabi.lib : atoi.c.obj (.text:atoi)
                  00003b78    00000048                                   : fd_toi_t2.asm.obj (.text)
                  00003bc0    00000046     driverlib.lib : uart.obj (.text:UARTConfigSetExpClk)
                  00003c06    00000002     --HOLE-- [fill = 0]
                  00003c08    00000044     rtsv7M4_T_le_v4SPD16_eabi.lib : autoinit.c.obj (.text:__TI_auto_init_nobinit_nopinit:__TI_auto_init_nobinit_nopinit)
                  00003c4c    00000044                                   : fd_tou_t2.asm.obj (.text)
                  00003c90    00000040                                   : vsnprintf.c.obj (.text:vsnprintf)
                  00003cd0    0000003e                                   : _printfi.c.obj (.text:_fcpy)
                  00003d0e    00000002     --HOLE-- [fill = 0]
                  00003d10    00000038     driverlib.lib : sysctl.obj (.text:SysCtlPeripheralReady)
                  00003d48    00000034                   : interrupt.obj (.text:IntRegister)
                  00003d7c    00000034                   : sysctl.obj (.text:SysCtlPeripheralEnable)
                  00003db0    00000034     rtsv7M4_T_le_v4SPD16_eabi.lib : boot_cortex_m.c.obj (.text:_c_int00_noargs:_c_int00_noargs)
                  00003de4    00000030                                   : vsnprintf.c.obj (.text:_outs)
                  00003e14    0000002e                                   : i_tofd_t2.asm.obj (.text)
                  00003e42    0000002c     driverlib.lib : gpio.obj (.text:GPIODirModeSet)
                  00003e6e    00000002     --HOLE-- [fill = 0]
                  00003e70    0000002c     buzzer_asm.obj (.text)
                  00003e9c    00000020     driverlib.lib : uart.obj (.text:UARTDisable)
                  00003ebc    00000020     rtsv7M4_T_le_v4SPD16_eabi.lib : u_tofd_t2.asm.obj (.text)
                  00003edc    0000001c     driverlib.lib : systick.obj (.text:SysTickIntRegister)
                  00003ef8    0000001c     buzzer.obj (.text)
                  00003f14    0000001c     rtsv7M4_T_le_v4SPD16_eabi.lib : copy_zero_init.c.obj (.text:decompress:ZI:__TI_zero_init_nomemset:__TI_zero_init_nomemset)
                  00003f30    0000001c                                   : memccpy.c.obj (.text:memccpy)
                  00003f4c    0000001c     motion.obj (.text)
                  00003f68    0000001a     driverlib.lib : gpio.obj (.text:GPIOPinTypeGPIOOutput)
                  00003f82    0000001a     rtsv7M4_T_le_v4SPD16_eabi.lib : s_copysign.c.obj (.text:copysign)
                  00003f9c    00000018                                   : vsnprintf.c.obj (.text:_outc)
                  00003fb4    00000016     driverlib.lib : gpio.obj (.text:GPIOPinTypeGPIOInput)
                  00003fca    00000016                   : gpio.obj (.text:GPIOPinTypeTimer)
                  00003fe0    00000016                   : gpio.obj (.text:GPIOPinTypeUART)
                  00003ff6    00000016                   : timer.obj (.text:TimerControlEvent)
                  0000400c    00000016     rtsv7M4_T_le_v4SPD16_eabi.lib : strchr.c.obj (.text:strchr)
                  00004022    00000002     --HOLE-- [fill = 0]
                  00004024    00000014     driverlib.lib : interrupt.obj (.text:IntUnregister)
                  00004038    00000014                   : systick.obj (.text:SysTickEnable)
                  0000404c    00000014                   : systick.obj (.text:SysTickIntEnable)
                  00004060    00000014                   : uart.obj (.text:UARTEnable)
                  00004074    00000014     motion_asm.obj (.text)
                  00004088    00000014     rtsv7M4_T_le_v4SPD16_eabi.lib : strlen.c.obj (.text:strlen)
                  0000409c    00000012                                   : wcslen.c.obj (.text:wcslen)
                  000040ae    00000002     --HOLE-- [fill = 0]
                  000040b0    00000010     driverlib.lib : systick.obj (.text:SysTickPeriodSet)
                  000040c0    0000000e                   : timer.obj (.text:TimerEnable)
                  000040ce    0000000e     rtsv7M4_T_le_v4SPD16_eabi.lib : copy_decompress_none.c.obj (.text:decompress:none:__TI_decompress_none)
                  000040dc    0000000c     tm4c123gh6pm_startup_ccs.obj (.text)
                  000040e8    0000000a     driverlib.lib : timer.obj (.text:TimerIntStatus)
                  000040f2    0000000a                   : timer.obj (.text:TimerValueGet)
                  000040fc    0000000a                   : uart.obj (.text:UARTCharGet)
                  00004106    0000000a                   : uart.obj (.text:UARTCharPut)
                  00004110    00000008     rtsv7M4_T_le_v4SPD16_eabi.lib : errno.c.obj (.text:__aeabi_errno_addr)
                  00004118    00000006     driverlib.lib : gpio.obj (.text:GPIOPinRead)
                  0000411e    00000006                   : gpio.obj (.text:GPIOPinWrite)
                  00004124    00000006                   : sysctl.obj (.text:SysCtlDelay)
                  0000412a    00000004                   : timer.obj (.text:TimerIntClear)
                  0000412e    00000004     rtsv7M4_T_le_v4SPD16_eabi.lib : pre_init.c.obj (.text:_system_pre_init)
                  00004132    00000004                                   : exit.c.obj (.text:abort:abort)

.const     0    00004138    00000228     
                  00004138    00000101     rtsv7M4_T_le_v4SPD16_eabi.lib : ctype.c.obj (.const:.string:_ctypes_)
                  00004239    00000003     --HOLE-- [fill = 0]
                  0000423c    00000090     driverlib.lib : gpio.obj (.const:g_pui32GPIOBaseAddrs)
                  000042cc    0000006c                   : sysctl.obj (.const:g_pui32Xtals)
                  00004338    00000014                   : interrupt.obj (.const:g_pui32Dii16Regs)
                  0000434c    00000014                   : interrupt.obj (.const:g_pui32EnRegs)

.cinit     0    00004360    00000068     
                  00004360    0000002f     (.cinit..data.load) [load image, compression = lzss]
                  0000438f    00000001     --HOLE-- [fill = 0]
                  00004390    0000000c     (__TI_handler_table)
                  0000439c    00000004     --HOLE-- [fill = 0]
                  000043a0    00000008     (.cinit..bss.load) [load image, compression = zero_init]
                  000043a8    00000008     (.cinit..vtable.load) [load image, compression = zero_init]
                  000043b0    00000018     (__TI_cinit_table)

.init_array 
*          0    00000000    00000000     UNINITIALIZED

.vtable    0    20000000    0000026c     UNINITIALIZED
                  20000000    0000026c     driverlib.lib : interrupt.obj (.vtable)

.bss       0    20000470    00000110     UNINITIALIZED
                  20000470    00000100     Util.lib : launchpad.obj (.bss:callbackHeap)
                  20000570    00000008     ras.obj (.bss:g_pui8OversampleFactor)
                  20000578    00000004     Util.lib : launchpad.obj (.bss)
                  2000057c    00000004     sig7digit.obj (.bss)

.data      0    20000580    00000040     UNINITIALIZED
                  20000580    0000001c     main.obj (.data)
                  2000059c    0000000a     sig7digit.obj (.data)
                  200005a6    00000001     Util.lib : led.obj (.data)
                  200005a7    00000001              : pushbutton.obj (.data)
                  200005a8    00000008              : launchpad.obj (.data)
                  200005b0    00000005     main.obj (.data:seg7Display)
                  200005b5    00000005     main.obj (.data:ttime)
                  200005ba    00000002     --HOLE--
                  200005bc    00000004     rtsv7M4_T_le_v4SPD16_eabi.lib : errno.c.obj (.data)

.stack     0    20000270    00000200     UNINITIALIZED
                  20000270    00000004     rtsv7M4_T_le_v4SPD16_eabi.lib : boot_cortex_m.c.obj (.stack)
                  20000274    000001fc     --HOLE--

MODULE SUMMARY

       Module                         code    ro data   rw data
       ------                         ----    -------   -------
    .\
       ras.obj                        2236    0         8      
       main.obj                       1384    0         38     
       tm4c123gh6pm_startup_ccs.obj   12      620       0      
       seg7.obj                       508     0         0      
       ranger.obj                     152     0         0      
       ras_asm.obj                    134     0         0      
       sw_increment.obj               120     0         0      
       ranger_asm.obj                 112     0         0      
       sig7digit.obj                  84      0         14     
       buzzer_asm.obj                 44      0         0      
       buzzer.obj                     28      0         0      
       motion.obj                     28      0         0      
       motion_asm.obj                 20      0         0      
    +--+------------------------------+-------+---------+---------+
       Total:                         4862    620       60     
                                                               
    C:/ti/TivaWare_C_Series-2.2.0.295/driverlib/ccs/Debug/driverlib.lib
       interrupt.obj                  282     40        620    
       sysctl.obj                     638     108       0      
       gpio.obj                       588     144       0      
       timer.obj                      156     0         0      
       uart.obj                       142     0         0      
       systick.obj                    84      0         0      
    +--+------------------------------+-------+---------+---------+
       Total:                         1890    292       620    
                                                               
    C:\ti\ccs930\ccs\tools\compiler\ti-cgt-arm_18.12.4.LTS\lib\rtsv7M4_T_le_v4SPD16_eabi.lib
       _printfi.c.obj                 4851    0         0      
       fd_add_t2.asm.obj              438     0         0      
       fd_div_t2.asm.obj              310     0         0      
       s_scalbn.c.obj                 272     0         0      
       fd_cmp_t2.asm.obj              268     0         0      
       ctype.c.obj                    0       257       0      
       fd_mul_t2.asm.obj              252     0         0      
       memcpy_t2.asm.obj              156     0         0      
       ull_div_t2.asm.obj             150     0         0      
       vsnprintf.c.obj                136     0         0      
       memset_t2.asm.obj              122     0         0      
       copy_decompress_lzss.c.obj     104     0         0      
       s_frexp.c.obj                  100     0         0      
       ltoa.c.obj                     84      0         0      
       atoi.c.obj                     76      0         0      
       fd_toi_t2.asm.obj              72      0         0      
       autoinit.c.obj                 68      0         0      
       fd_tou_t2.asm.obj              68      0         0      
       boot_cortex_m.c.obj            52      0         0      
       i_tofd_t2.asm.obj              46      0         0      
       u_tofd_t2.asm.obj              32      0         0      
       copy_zero_init.c.obj           28      0         0      
       memccpy.c.obj                  28      0         0      
       s_copysign.c.obj               26      0         0      
       strchr.c.obj                   22      0         0      
       strlen.c.obj                   20      0         0      
       wcslen.c.obj                   18      0         0      
       copy_decompress_none.c.obj     14      0         0      
       errno.c.obj                    8       0         4      
       exit.c.obj                     4       0         0      
       pre_init.c.obj                 4       0         0      
       div0.asm.obj                   2       0         0      
    +--+------------------------------+-------+---------+---------+
       Total:                         7831    257       4      
                                                               
    D:/Git Repos/LabGroupA1/Util/Debug/Util.lib
       launchpad.obj                  976     0         268    
       uart.obj                       196     0         0      
       led.obj                        156     0         1      
       pushbutton.obj                 140     0         1      
    +--+------------------------------+-------+---------+---------+
       Total:                         1468    0         270    
                                                               
       Stack:                         0       0         512    
       Linker Generated:              0       99        0      
    +--+------------------------------+-------+---------+---------+
       Grand Total:                   16051   1268      1466   


LINKER GENERATED COPY TABLES

__TI_cinit_table @ 000043b0 records: 3, size/record: 8, table size: 24
	.data: load addr=00004360, load size=0000002f bytes, run addr=20000580, run size=00000040 bytes, compression=lzss
	.bss: load addr=000043a0, load size=00000008 bytes, run addr=20000470, run size=00000110 bytes, compression=zero_init
	.vtable: load addr=000043a8, load size=00000008 bytes, run addr=20000000, run size=0000026c bytes, compression=zero_init


LINKER GENERATED HANDLER TABLE

__TI_handler_table @ 00004390 records: 3, size/record: 4, table size: 12
	index: 0, handler: __TI_zero_init
	index: 1, handler: __TI_decompress_lzss
	index: 2, handler: __TI_decompress_none


GLOBAL SYMBOLS: SORTED ALPHABETICALLY BY Name 

address   name                              
-------   ----                              
0000146d  ADCBusy                           
000014b5  ADCClockConfigGet                 
0000148b  ADCClockConfigSet                 
00001287  ADCComparatorConfigure            
00001361  ADCComparatorIntClear             
0000130d  ADCComparatorIntDisable           
0000132b  ADCComparatorIntEnable            
0000134d  ADCComparatorIntStatus            
000012a3  ADCComparatorRegionSet            
000012c7  ADCComparatorReset                
00001255  ADCHardwareOversampleConfigure    
00000df7  ADCIntClear                       
000013d5  ADCIntClearEx                     
00000d5d  ADCIntDisable                     
00001373  ADCIntDisableEx                   
00000d79  ADCIntEnable                      
0000138b  ADCIntEnableEx                    
00000d17  ADCIntRegister                    
00000d9f  ADCIntStatus                      
000013a3  ADCIntStatusEx                    
00000d3f  ADCIntUnregister                  
00001427  ADCPhaseDelayGet                  
00001415  ADCPhaseDelaySet                  
00001069  ADCProcessorTrigger               
00001403  ADCReferenceGet                   
000013e7  ADCReferenceSet                   
00000e41  ADCSequenceConfigure              
00001451  ADCSequenceDMADisable             
00001435  ADCSequenceDMAEnable              
00001027  ADCSequenceDataGet                
00000e27  ADCSequenceDisable                
00000e0d  ADCSequenceEnable                 
00000fcb  ADCSequenceOverflow               
00000fe3  ADCSequenceOverflowClear          
00000edd  ADCSequenceStepConfigure          
00000ff9  ADCSequenceUnderflow              
00001011  ADCSequenceUnderflowClear         
0000108d  ADCSoftwareOversampleConfigure    
000011c1  ADCSoftwareOversampleDataGet      
000010df  ADCSoftwareOversampleStepConfigure
00004133  C$$EXIT                           
00003e43  GPIODirModeSet                    
000026a5  GPIOPadConfigSet                  
00003ae1  GPIOPinConfigure                  
00004119  GPIOPinRead                       
00003fb5  GPIOPinTypeGPIOInput              
00003f69  GPIOPinTypeGPIOOutput             
00003fcb  GPIOPinTypeTimer                  
00003fe1  GPIOPinTypeUART                   
0000411f  GPIOPinWrite                      
00003791  IntDisable                        
000037f9  IntEnable                         
00003d49  IntRegister                       
00004025  IntUnregister                     
000040dd  ResetISR                          
00002ba9  SysCtlClockGet                    
00002ecd  SysCtlClockSet                    
00004125  SysCtlDelay                       
00003d7d  SysCtlPeripheralEnable            
00003d11  SysCtlPeripheralReady             
00004039  SysTickEnable                     
0000404d  SysTickIntEnable                  
00003edd  SysTickIntRegister                
000040b1  SysTickPeriodSet                  
0000392d  TimerConfigure                    
00003ff7  TimerControlEvent                 
000040c1  TimerEnable                       
0000412b  TimerIntClear                     
000040e9  TimerIntStatus                    
000040f3  TimerValueGet                     
000040fd  UARTCharGet                       
00004107  UARTCharPut                       
00003bc1  UARTConfigSetExpClk               
00003e9d  UARTDisable                       
00004061  UARTEnable                        
20000470  __STACK_END                       
00000200  __STACK_SIZE                      
20000470  __STACK_TOP                       
000043b0  __TI_CINIT_Base                   
000043c8  __TI_CINIT_Limit                  
00004390  __TI_Handler_Table_Base           
0000439c  __TI_Handler_Table_Limit          
00003c09  __TI_auto_init_nobinit_nopinit    
00003861  __TI_decompress_lzss              
000040cf  __TI_decompress_none              
ffffffff  __TI_pprof_out_hndl               
0000026d  __TI_printfi                      
ffffffff  __TI_prof_data_size               
ffffffff  __TI_prof_data_start              
00000000  __TI_static_base__                
00003f15  __TI_zero_init_nomemset           
0000342d  __aeabi_cdcmpeq                   
0000342d  __aeabi_cdcmple                   
000034b3  __aeabi_cdrcmple                  
00003b79  __aeabi_d2iz                      
00003c4d  __aeabi_d2uiz                     
000024f7  __aeabi_dadd                      
0000294d  __aeabi_ddiv                      
00002dd1  __aeabi_dmul                      
000024ed  __aeabi_dsub                      
00004111  __aeabi_errno_addr                
00003e15  __aeabi_i2d                       
000026a3  __aeabi_idiv0                     
000026a3  __aeabi_ldiv0                     
000035bf  __aeabi_memclr                    
000035bf  __aeabi_memclr4                   
000035bf  __aeabi_memclr8                   
000031d5  __aeabi_memcpy                    
000031d5  __aeabi_memcpy4                   
000031d5  __aeabi_memcpy8                   
000035c1  __aeabi_memset                    
000035c1  __aeabi_memset4                   
000035c1  __aeabi_memset8                   
00003ebd  __aeabi_ui2d                      
00003309  __aeabi_uldivmod                  
ffffffff  __binit__                         
ffffffff  __c_args__                        
UNDEFED   __mpu_init                        
20000270  __stack                           
00003db1  _c_int00_noargs                   
00004138  _ctypes_                          
UNDEFED   _system_post_cinit                
0000412f  _system_pre_init                  
00004133  abort                             
20000581  alarmState                        
00003b2d  atoi                              
ffffffff  binit                             
00003ef9  buzzerInit                        
00003e89  buzzerOff                         
00003e75  buzzerOn                          
00001737  callbackBuzzerPlay                
000017f1  callbackdispHandler               
000016b9  checkPushButton                   
00001579  chkPerson                         
00003f83  copysign                          
00003f83  copysignl                         
20000582  display_s                         
200005bc  errno                             
000038c9  frexp                             
000038c9  frexpl                            
20000000  g_pfnRAMVectors                   
00000000  g_pfnVectors                      
00002cc1  ldexp                             
00002cc1  ldexpl                            
0000315b  ledInit                           
00003139  ledInitForced                     
0000316f  ledTurnOnOff                      
00001deb  lpInit                            
000039e3  ltoa                              
00001a31  main                              
00003f31  memccpy                           
000031d5  memcpy                            
000035c7  memset                            
00003f4d  motionInit                        
00004079  motionSensor                      
000033d5  pbInit                            
000033a1  pbInitForced                      
000033e9  pbRead                            
20000584  personState                       
000032a1  rangerDetect                      
000036bd  rangerDetect2                     
00003271  rangerInit                        
00001527  ras2Init                          
0000357f  ras2Read                          
000014f3  rasInit                           
0000353f  rasRead                           
00002cc1  scalbn                            
00002cc1  scalbnl                           
00001c0f  schdCallback                      
00001c89  schdExecute                       
2000058c  seated                            
20000588  sec                               
00003a41  seg7DigitUpdate                   
200005b0  seg7Display                       
00002121  seg7Init                          
000022ad  seg7Update                        
20000583  set_mode                          
0000166d  stopWatchUpdate                   
0000400d  strchr                            
00004089  strlen                            
20000580  sysState                          
00001b73  sysTimeGet                        
00001b79  sysTimeReached                    
00001b9f  sysTimeWait                       
00001bc3  sysTimeWaitAbsolute               
00003639  timeIncrement                     
200005b5  ttime                             
0000300d  uartGetChar                       
00002fc1  uartInit                          
00002ffb  uartPutChar                       
0000301f  uartPutString                     
0000304b  uprintf                           
00003c91  vsnprintf                         
00001d8d  waitMs                            
00001dbd  waitUs                            
0000409d  wcslen                            


GLOBAL SYMBOLS: SORTED BY Symbol Address 

address   name                              
-------   ----                              
00000000  __TI_static_base__                
00000000  g_pfnVectors                      
00000200  __STACK_SIZE                      
0000026d  __TI_printfi                      
00000d17  ADCIntRegister                    
00000d3f  ADCIntUnregister                  
00000d5d  ADCIntDisable                     
00000d79  ADCIntEnable                      
00000d9f  ADCIntStatus                      
00000df7  ADCIntClear                       
00000e0d  ADCSequenceEnable                 
00000e27  ADCSequenceDisable                
00000e41  ADCSequenceConfigure              
00000edd  ADCSequenceStepConfigure          
00000fcb  ADCSequenceOverflow               
00000fe3  ADCSequenceOverflowClear          
00000ff9  ADCSequenceUnderflow              
00001011  ADCSequenceUnderflowClear         
00001027  ADCSequenceDataGet                
00001069  ADCProcessorTrigger               
0000108d  ADCSoftwareOversampleConfigure    
000010df  ADCSoftwareOversampleStepConfigure
000011c1  ADCSoftwareOversampleDataGet      
00001255  ADCHardwareOversampleConfigure    
00001287  ADCComparatorConfigure            
000012a3  ADCComparatorRegionSet            
000012c7  ADCComparatorReset                
0000130d  ADCComparatorIntDisable           
0000132b  ADCComparatorIntEnable            
0000134d  ADCComparatorIntStatus            
00001361  ADCComparatorIntClear             
00001373  ADCIntDisableEx                   
0000138b  ADCIntEnableEx                    
000013a3  ADCIntStatusEx                    
000013d5  ADCIntClearEx                     
000013e7  ADCReferenceSet                   
00001403  ADCReferenceGet                   
00001415  ADCPhaseDelaySet                  
00001427  ADCPhaseDelayGet                  
00001435  ADCSequenceDMAEnable              
00001451  ADCSequenceDMADisable             
0000146d  ADCBusy                           
0000148b  ADCClockConfigSet                 
000014b5  ADCClockConfigGet                 
000014f3  rasInit                           
00001527  ras2Init                          
00001579  chkPerson                         
0000166d  stopWatchUpdate                   
000016b9  checkPushButton                   
00001737  callbackBuzzerPlay                
000017f1  callbackdispHandler               
00001a31  main                              
00001b73  sysTimeGet                        
00001b79  sysTimeReached                    
00001b9f  sysTimeWait                       
00001bc3  sysTimeWaitAbsolute               
00001c0f  schdCallback                      
00001c89  schdExecute                       
00001d8d  waitMs                            
00001dbd  waitUs                            
00001deb  lpInit                            
00002121  seg7Init                          
000022ad  seg7Update                        
000024ed  __aeabi_dsub                      
000024f7  __aeabi_dadd                      
000026a3  __aeabi_idiv0                     
000026a3  __aeabi_ldiv0                     
000026a5  GPIOPadConfigSet                  
0000294d  __aeabi_ddiv                      
00002ba9  SysCtlClockGet                    
00002cc1  ldexp                             
00002cc1  ldexpl                            
00002cc1  scalbn                            
00002cc1  scalbnl                           
00002dd1  __aeabi_dmul                      
00002ecd  SysCtlClockSet                    
00002fc1  uartInit                          
00002ffb  uartPutChar                       
0000300d  uartGetChar                       
0000301f  uartPutString                     
0000304b  uprintf                           
00003139  ledInitForced                     
0000315b  ledInit                           
0000316f  ledTurnOnOff                      
000031d5  __aeabi_memcpy                    
000031d5  __aeabi_memcpy4                   
000031d5  __aeabi_memcpy8                   
000031d5  memcpy                            
00003271  rangerInit                        
000032a1  rangerDetect                      
00003309  __aeabi_uldivmod                  
000033a1  pbInitForced                      
000033d5  pbInit                            
000033e9  pbRead                            
0000342d  __aeabi_cdcmpeq                   
0000342d  __aeabi_cdcmple                   
000034b3  __aeabi_cdrcmple                  
0000353f  rasRead                           
0000357f  ras2Read                          
000035bf  __aeabi_memclr                    
000035bf  __aeabi_memclr4                   
000035bf  __aeabi_memclr8                   
000035c1  __aeabi_memset                    
000035c1  __aeabi_memset4                   
000035c1  __aeabi_memset8                   
000035c7  memset                            
00003639  timeIncrement                     
000036bd  rangerDetect2                     
00003791  IntDisable                        
000037f9  IntEnable                         
00003861  __TI_decompress_lzss              
000038c9  frexp                             
000038c9  frexpl                            
0000392d  TimerConfigure                    
000039e3  ltoa                              
00003a41  seg7DigitUpdate                   
00003ae1  GPIOPinConfigure                  
00003b2d  atoi                              
00003b79  __aeabi_d2iz                      
00003bc1  UARTConfigSetExpClk               
00003c09  __TI_auto_init_nobinit_nopinit    
00003c4d  __aeabi_d2uiz                     
00003c91  vsnprintf                         
00003d11  SysCtlPeripheralReady             
00003d49  IntRegister                       
00003d7d  SysCtlPeripheralEnable            
00003db1  _c_int00_noargs                   
00003e15  __aeabi_i2d                       
00003e43  GPIODirModeSet                    
00003e75  buzzerOn                          
00003e89  buzzerOff                         
00003e9d  UARTDisable                       
00003ebd  __aeabi_ui2d                      
00003edd  SysTickIntRegister                
00003ef9  buzzerInit                        
00003f15  __TI_zero_init_nomemset           
00003f31  memccpy                           
00003f4d  motionInit                        
00003f69  GPIOPinTypeGPIOOutput             
00003f83  copysign                          
00003f83  copysignl                         
00003fb5  GPIOPinTypeGPIOInput              
00003fcb  GPIOPinTypeTimer                  
00003fe1  GPIOPinTypeUART                   
00003ff7  TimerControlEvent                 
0000400d  strchr                            
00004025  IntUnregister                     
00004039  SysTickEnable                     
0000404d  SysTickIntEnable                  
00004061  UARTEnable                        
00004079  motionSensor                      
00004089  strlen                            
0000409d  wcslen                            
000040b1  SysTickPeriodSet                  
000040c1  TimerEnable                       
000040cf  __TI_decompress_none              
000040dd  ResetISR                          
000040e9  TimerIntStatus                    
000040f3  TimerValueGet                     
000040fd  UARTCharGet                       
00004107  UARTCharPut                       
00004111  __aeabi_errno_addr                
00004119  GPIOPinRead                       
0000411f  GPIOPinWrite                      
00004125  SysCtlDelay                       
0000412b  TimerIntClear                     
0000412f  _system_pre_init                  
00004133  C$$EXIT                           
00004133  abort                             
00004138  _ctypes_                          
00004390  __TI_Handler_Table_Base           
0000439c  __TI_Handler_Table_Limit          
000043b0  __TI_CINIT_Base                   
000043c8  __TI_CINIT_Limit                  
20000000  g_pfnRAMVectors                   
20000270  __stack                           
20000470  __STACK_END                       
20000470  __STACK_TOP                       
20000580  sysState                          
20000581  alarmState                        
20000582  display_s                         
20000583  set_mode                          
20000584  personState                       
20000588  sec                               
2000058c  seated                            
200005b0  seg7Display                       
200005b5  ttime                             
200005bc  errno                             
ffffffff  __TI_pprof_out_hndl               
ffffffff  __TI_prof_data_size               
ffffffff  __TI_prof_data_start              
ffffffff  __binit__                         
ffffffff  __c_args__                        
ffffffff  binit                             
UNDEFED   __mpu_init                        
UNDEFED   _system_post_cinit                

[196 symbols]
